


ARM Macro Assembler    Page 1 


    1 00000000         ;******************** (C) COPYRIGHT 2016 STMicroelectron
                       ics ********************
    2 00000000         ;* File Name          : startup_stm32f40_41xxx.s
    3 00000000         ;* Author             : MCD Application Team
    4 00000000         ;* @version           : V1.8.1
    5 00000000         ;* @date              : 27-January-2022
    6 00000000         ;* Description        : STM32F40xxx/41xxx devices vector
                        table for MDK-ARM toolchain. 
    7 00000000         ;*                      This module performs:
    8 00000000         ;*                      - Set the initial SP
    9 00000000         ;*                      - Set the initial PC == Reset_Ha
                       ndler
   10 00000000         ;*                      - Set the vector table entries w
                       ith the exceptions ISR address
   11 00000000         ;*                      - Configure the system clock and
                        the external SRAM mounted on 
   12 00000000         ;*                        STM324xG-EVAL board to be used
                        as data memory (optional, 
   13 00000000         ;*                        to be enabled by user)
   14 00000000         ;*                      - Branches to __main in the C li
                       brary (which eventually
   15 00000000         ;*                        calls main()).
   16 00000000         ;*                      After Reset the CortexM4 process
                       or is in Thread mode,
   17 00000000         ;*                      priority is Privileged, and the 
                       Stack is set to Main.
   18 00000000         ;* <<< Use Configuration Wizard in Context Menu >>>   
   19 00000000         ;*******************************************************
                       ***********************
   20 00000000         ;* @attention
   21 00000000         ;*
   22 00000000         ;* Copyright (c) 2016 STMicroelectronics.
   23 00000000         ;* All rights reserved.
   24 00000000         ;*
   25 00000000         ;* This software is licensed under terms that can be fou
                       nd in the LICENSE file
   26 00000000         ;* in the root directory of this software component.
   27 00000000         ;* If no LICENSE file comes with this software, it is pr
                       ovided AS-IS.
   28 00000000         ;*
   29 00000000         ;*******************************************************
                       ***********************
   30 00000000         
   31 00000000         ; Amount of memory (in bytes) allocated for Stack
   32 00000000         ; Tailor this value to your application needs
   33 00000000         ; <h> Stack Configuration
   34 00000000         ;   <o> Stack Size (in Bytes) <0x0-0xFFFFFFFF:8>
   35 00000000         ; </h>
   36 00000000         
   37 00000000 00000400 
                       Stack_Size
                               EQU              0x00000400
   38 00000000         
   39 00000000                 AREA             STACK, NOINIT, READWRITE, ALIGN
=3
   40 00000000         Stack_Mem
                               SPACE            Stack_Size
   41 00000400         __initial_sp
   42 00000400         



ARM Macro Assembler    Page 2 


   43 00000400         
   44 00000400         ; <h> Heap Configuration
   45 00000400         ;   <o>  Heap Size (in Bytes) <0x0-0xFFFFFFFF:8>
   46 00000400         ; </h>
   47 00000400         
   48 00000400 00000200 
                       Heap_Size
                               EQU              0x00000200
   49 00000400         
   50 00000400                 AREA             HEAP, NOINIT, READWRITE, ALIGN=
3
   51 00000000         __heap_base
   52 00000000         Heap_Mem
                               SPACE            Heap_Size
   53 00000200         __heap_limit
   54 00000200         
   55 00000200                 PRESERVE8
   56 00000200                 THUMB
   57 00000200         
   58 00000200         
   59 00000200         ; Vector Table Mapped to Address 0 at Reset
   60 00000200                 AREA             RESET, DATA, READONLY
   61 00000000                 EXPORT           __Vectors
   62 00000000                 EXPORT           __Vectors_End
   63 00000000                 EXPORT           __Vectors_Size
   64 00000000         
   65 00000000 00000000 
                       __Vectors
                               DCD              __initial_sp ; Top of Stack
   66 00000004 00000000        DCD              Reset_Handler ; Reset Handler
   67 00000008 00000000        DCD              NMI_Handler ; NMI Handler
   68 0000000C 00000000        DCD              HardFault_Handler ; Hard Fault 
                                                            Handler
   69 00000010 00000000        DCD              MemManage_Handler 
                                                            ; MPU Fault Handler
                                                            
   70 00000014 00000000        DCD              BusFault_Handler 
                                                            ; Bus Fault Handler
                                                            
   71 00000018 00000000        DCD              UsageFault_Handler ; Usage Faul
                                                            t Handler
   72 0000001C 00000000        DCD              0           ; Reserved
   73 00000020 00000000        DCD              0           ; Reserved
   74 00000024 00000000        DCD              0           ; Reserved
   75 00000028 00000000        DCD              0           ; Reserved
   76 0000002C 00000000        DCD              SVC_Handler ; SVCall Handler
   77 00000030 00000000        DCD              DebugMon_Handler ; Debug Monito
                                                            r Handler
   78 00000034 00000000        DCD              0           ; Reserved
   79 00000038 00000000        DCD              PendSV_Handler ; PendSV Handler
                                                            
   80 0000003C 00000000        DCD              SysTick_Handler 
                                                            ; SysTick Handler
   81 00000040         
   82 00000040         ; External Interrupts
   83 00000040 00000000        DCD              WWDG_IRQHandler ; Window WatchD
                                                            og                 
                                                                               
                                                                



ARM Macro Assembler    Page 3 


   84 00000044 00000000        DCD              PVD_IRQHandler ; PVD through EX
                                                            TI Line detection  
                                                                               
                                                               
   85 00000048 00000000        DCD              TAMP_STAMP_IRQHandler ; Tamper 
                                                            and TimeStamps thro
                                                            ugh the EXTI line  
                                                                      
   86 0000004C 00000000        DCD              RTC_WKUP_IRQHandler ; RTC Wakeu
                                                            p through the EXTI 
                                                            line               
                                                                    
   87 00000050 00000000        DCD              FLASH_IRQHandler ; FLASH       
                                                                               
                                                                             
   88 00000054 00000000        DCD              RCC_IRQHandler ; RCC           
                                                                               
                                                                           
   89 00000058 00000000        DCD              EXTI0_IRQHandler ; EXTI Line0  
                                                                               
                                                                               
                                                                 
   90 0000005C 00000000        DCD              EXTI1_IRQHandler ; EXTI Line1  
                                                                               
                                                                               
                                                                 
   91 00000060 00000000        DCD              EXTI2_IRQHandler ; EXTI Line2  
                                                                               
                                                                               
                                                                 
   92 00000064 00000000        DCD              EXTI3_IRQHandler ; EXTI Line3  
                                                                               
                                                                               
                                                                 
   93 00000068 00000000        DCD              EXTI4_IRQHandler ; EXTI Line4  
                                                                               
                                                                               
                                                                 
   94 0000006C 00000000        DCD              DMA1_Stream0_IRQHandler ; DMA1 
                                                            Stream 0           
                                                                               
                                                                 
   95 00000070 00000000        DCD              DMA1_Stream1_IRQHandler ; DMA1 
                                                            Stream 1           
                                                                               
                                                                 
   96 00000074 00000000        DCD              DMA1_Stream2_IRQHandler ; DMA1 
                                                            Stream 2           
                                                                               
                                                                 
   97 00000078 00000000        DCD              DMA1_Stream3_IRQHandler ; DMA1 
                                                            Stream 3           
                                                                               
                                                                 
   98 0000007C 00000000        DCD              DMA1_Stream4_IRQHandler ; DMA1 
                                                            Stream 4           
                                                                               
                                                                 
   99 00000080 00000000        DCD              DMA1_Stream5_IRQHandler ; DMA1 



ARM Macro Assembler    Page 4 


                                                            Stream 5           
                                                                               
                                                                 
  100 00000084 00000000        DCD              DMA1_Stream6_IRQHandler ; DMA1 
                                                            Stream 6           
                                                                               
                                                                 
  101 00000088 00000000        DCD              ADC_IRQHandler ; ADC1, ADC2 and
                                                             ADC3s             
                                                                           
  102 0000008C 00000000        DCD              CAN1_TX_IRQHandler ; CAN1 TX   
                                                                               
                                                                               
                                                                   
  103 00000090 00000000        DCD              CAN1_RX0_IRQHandler ; CAN1 RX0 
                                                                               
                                                                               
                                                                    
  104 00000094 00000000        DCD              CAN1_RX1_IRQHandler ; CAN1 RX1 
                                                                               
                                                                               
                                                                    
  105 00000098 00000000        DCD              CAN1_SCE_IRQHandler ; CAN1 SCE 
                                                                               
                                                                               
                                                                    
  106 0000009C 00000000        DCD              EXTI9_5_IRQHandler ; External L
                                                            ine[9:5]s          
                                                                               
                                                                   
  107 000000A0 00000000        DCD              TIM1_BRK_TIM9_IRQHandler ; TIM1
                                                             Break and TIM9    
                                                                           
  108 000000A4 00000000        DCD              TIM1_UP_TIM10_IRQHandler ; TIM1
                                                             Update and TIM10  
                                                                           
  109 000000A8 00000000        DCD              TIM1_TRG_COM_TIM11_IRQHandler ;
                                                             TIM1 Trigger and C
                                                            ommutation and TIM1
                                                            1
  110 000000AC 00000000        DCD              TIM1_CC_IRQHandler ; TIM1 Captu
                                                            re Compare         
                                                                               
                                                                   
  111 000000B0 00000000        DCD              TIM2_IRQHandler ; TIM2         
                                                                               
                                                                            
  112 000000B4 00000000        DCD              TIM3_IRQHandler ; TIM3         
                                                                               
                                                                            
  113 000000B8 00000000        DCD              TIM4_IRQHandler ; TIM4         
                                                                               
                                                                            
  114 000000BC 00000000        DCD              I2C1_EV_IRQHandler ; I2C1 Event
                                                                               
                                                                               
                                                                   
  115 000000C0 00000000        DCD              I2C1_ER_IRQHandler ; I2C1 Error
                                                                               



ARM Macro Assembler    Page 5 


                                                                               
                                                                   
  116 000000C4 00000000        DCD              I2C2_EV_IRQHandler ; I2C2 Event
                                                                               
                                                                               
                                                                   
  117 000000C8 00000000        DCD              I2C2_ER_IRQHandler ; I2C2 Error
                                                                               
                                                                               
                                                                     
  118 000000CC 00000000        DCD              SPI1_IRQHandler ; SPI1         
                                                                               
                                                                            
  119 000000D0 00000000        DCD              SPI2_IRQHandler ; SPI2         
                                                                               
                                                                            
  120 000000D4 00000000        DCD              USART1_IRQHandler ; USART1     
                                                                               
                                                                              
  121 000000D8 00000000        DCD              USART2_IRQHandler ; USART2     
                                                                               
                                                                              
  122 000000DC 00000000        DCD              USART3_IRQHandler ; USART3     
                                                                               
                                                                              
  123 000000E0 00000000        DCD              EXTI15_10_IRQHandler ; External
                                                             Line[15:10]s      
                                                                               
                                                                     
  124 000000E4 00000000        DCD              RTC_Alarm_IRQHandler ; RTC Alar
                                                            m (A and B) through
                                                             EXTI Line         
                                                                     
  125 000000E8 00000000        DCD              OTG_FS_WKUP_IRQHandler ; USB OT
                                                            G FS Wakeup through
                                                             EXTI line         
                                                                           
  126 000000EC 00000000        DCD              TIM8_BRK_TIM12_IRQHandler ; TIM
                                                            8 Break and TIM12  
                                                                            
  127 000000F0 00000000        DCD              TIM8_UP_TIM13_IRQHandler ; TIM8
                                                             Update and TIM13  
                                                                           
  128 000000F4 00000000        DCD              TIM8_TRG_COM_TIM14_IRQHandler ;
                                                             TIM8 Trigger and C
                                                            ommutation and TIM1
                                                            4
  129 000000F8 00000000        DCD              TIM8_CC_IRQHandler ; TIM8 Captu
                                                            re Compare         
                                                                               
                                                                   
  130 000000FC 00000000        DCD              DMA1_Stream7_IRQHandler ; DMA1 
                                                            Stream7            
                                                                               
                                                                        
  131 00000100 00000000        DCD              FSMC_IRQHandler ; FSMC         
                                                                               
                                                                            
  132 00000104 00000000        DCD              SDIO_IRQHandler ; SDIO         



ARM Macro Assembler    Page 6 


                                                                               
                                                                            
  133 00000108 00000000        DCD              TIM5_IRQHandler ; TIM5         
                                                                               
                                                                            
  134 0000010C 00000000        DCD              SPI3_IRQHandler ; SPI3         
                                                                               
                                                                            
  135 00000110 00000000        DCD              UART4_IRQHandler ; UART4       
                                                                               
                                                                             
  136 00000114 00000000        DCD              UART5_IRQHandler ; UART5       
                                                                               
                                                                             
  137 00000118 00000000        DCD              TIM6_DAC_IRQHandler ; TIM6 and 
                                                            DAC1&2 underrun err
                                                            ors                
                                                               
  138 0000011C 00000000        DCD              TIM7_IRQHandler ; TIM7         
                                                                      
  139 00000120 00000000        DCD              DMA2_Stream0_IRQHandler ; DMA2 
                                                            Stream 0           
                                                                               
                                                                 
  140 00000124 00000000        DCD              DMA2_Stream1_IRQHandler ; DMA2 
                                                            Stream 1           
                                                                               
                                                                 
  141 00000128 00000000        DCD              DMA2_Stream2_IRQHandler ; DMA2 
                                                            Stream 2           
                                                                               
                                                                 
  142 0000012C 00000000        DCD              DMA2_Stream3_IRQHandler ; DMA2 
                                                            Stream 3           
                                                                               
                                                                 
  143 00000130 00000000        DCD              DMA2_Stream4_IRQHandler ; DMA2 
                                                            Stream 4           
                                                                               
                                                                 
  144 00000134 00000000        DCD              ETH_IRQHandler ; Ethernet      
                                                                               
                                                                           
  145 00000138 00000000        DCD              ETH_WKUP_IRQHandler ; Ethernet 
                                                            Wakeup through EXTI
                                                             line              
                                                                    
  146 0000013C 00000000        DCD              CAN2_TX_IRQHandler ; CAN2 TX   
                                                                               
                                                                               
                                                                   
  147 00000140 00000000        DCD              CAN2_RX0_IRQHandler ; CAN2 RX0 
                                                                               
                                                                               
                                                                    
  148 00000144 00000000        DCD              CAN2_RX1_IRQHandler ; CAN2 RX1 
                                                                               
                                                                               
                                                                    



ARM Macro Assembler    Page 7 


  149 00000148 00000000        DCD              CAN2_SCE_IRQHandler ; CAN2 SCE 
                                                                               
                                                                               
                                                                    
  150 0000014C 00000000        DCD              OTG_FS_IRQHandler ; USB OTG FS 
                                                                               
                                                                              
  151 00000150 00000000        DCD              DMA2_Stream5_IRQHandler ; DMA2 
                                                            Stream 5           
                                                                               
                                                                 
  152 00000154 00000000        DCD              DMA2_Stream6_IRQHandler ; DMA2 
                                                            Stream 6           
                                                                               
                                                                 
  153 00000158 00000000        DCD              DMA2_Stream7_IRQHandler ; DMA2 
                                                            Stream 7           
                                                                               
                                                                 
  154 0000015C 00000000        DCD              USART6_IRQHandler ; USART6     
                                                                               
                                                                               
                                                            
  155 00000160 00000000        DCD              I2C3_EV_IRQHandler ; I2C3 event
                                                                               
                                                                               
                                                                   
  156 00000164 00000000        DCD              I2C3_ER_IRQHandler ; I2C3 error
                                                                               
                                                                               
                                                                   
  157 00000168 00000000        DCD              OTG_HS_EP1_OUT_IRQHandler ; USB
                                                             OTG HS End Point 1
                                                             Out               
                                                                   
  158 0000016C 00000000        DCD              OTG_HS_EP1_IN_IRQHandler ; USB 
                                                            OTG HS End Point 1 
                                                            In                 
                                                                  
  159 00000170 00000000        DCD              OTG_HS_WKUP_IRQHandler ; USB OT
                                                            G HS Wakeup through
                                                             EXTI              
                                                                       
  160 00000174 00000000        DCD              OTG_HS_IRQHandler ; USB OTG HS 
                                                                               
                                                                              
  161 00000178 00000000        DCD              DCMI_IRQHandler ; DCMI         
                                                                               
                                                                            
  162 0000017C 00000000        DCD              CRYP_IRQHandler ; CRYP crypto  
                                                                               
                                                                            
  163 00000180 00000000        DCD              HASH_RNG_IRQHandler 
                                                            ; Hash and Rng
  164 00000184 00000000        DCD              FPU_IRQHandler ; FPU
  165 00000188         
  166 00000188         __Vectors_End
  167 00000188         
  168 00000188 00000188 



ARM Macro Assembler    Page 8 


                       __Vectors_Size
                               EQU              __Vectors_End - __Vectors
  169 00000188         
  170 00000188                 AREA             |.text|, CODE, READONLY
  171 00000000         
  172 00000000         ; Reset handler
  173 00000000         JUMP_APP
                               PROC
  174 00000000                 EXPORT           JUMP_APP
  175 00000000         
  176 00000000 F8D0 D000       LDR              SP, [R0,#0]
  177 00000004 F8D0 F004       LDR              PC, [R0,#4]
  178 00000008         
  179 00000008                 ENDP
  180 00000008         
  181 00000008         ; Reset handler
  182 00000008         Reset_Handler
                               PROC
  183 00000008                 EXPORT           Reset_Handler             [WEAK
]
  184 00000008                 IMPORT           SystemInit
  185 00000008                 IMPORT           __main
  186 00000008         
  187 00000008 4809            LDR              R0, =SystemInit
  188 0000000A 4780            BLX              R0
  189 0000000C 4809            LDR              R0, =__main
  190 0000000E 4700            BX               R0
  191 00000010                 ENDP
  192 00000010         
  193 00000010         ; Dummy Exception Handlers (infinite loops which can be 
                       modified)
  194 00000010         
  195 00000010         NMI_Handler
                               PROC
  196 00000010                 EXPORT           NMI_Handler                [WEA
K]
  197 00000010 E7FE            B                .
  198 00000012                 ENDP
  200 00000012         HardFault_Handler
                               PROC
  201 00000012                 EXPORT           HardFault_Handler          [WEA
K]
  202 00000012 E7FE            B                .
  203 00000014                 ENDP
  205 00000014         MemManage_Handler
                               PROC
  206 00000014                 EXPORT           MemManage_Handler          [WEA
K]
  207 00000014 E7FE            B                .
  208 00000016                 ENDP
  210 00000016         BusFault_Handler
                               PROC
  211 00000016                 EXPORT           BusFault_Handler           [WEA
K]
  212 00000016 E7FE            B                .
  213 00000018                 ENDP
  215 00000018         UsageFault_Handler
                               PROC
  216 00000018                 EXPORT           UsageFault_Handler         [WEA



ARM Macro Assembler    Page 9 


K]
  217 00000018 E7FE            B                .
  218 0000001A                 ENDP
  219 0000001A         SVC_Handler
                               PROC
  220 0000001A                 EXPORT           SVC_Handler                [WEA
K]
  221 0000001A E7FE            B                .
  222 0000001C                 ENDP
  224 0000001C         DebugMon_Handler
                               PROC
  225 0000001C                 EXPORT           DebugMon_Handler           [WEA
K]
  226 0000001C E7FE            B                .
  227 0000001E                 ENDP
  228 0000001E         PendSV_Handler
                               PROC
  229 0000001E                 EXPORT           PendSV_Handler             [WEA
K]
  230 0000001E E7FE            B                .
  231 00000020                 ENDP
  232 00000020         SysTick_Handler
                               PROC
  233 00000020                 EXPORT           SysTick_Handler            [WEA
K]
  234 00000020 E7FE            B                .
  235 00000022                 ENDP
  236 00000022         
  237 00000022         Default_Handler
                               PROC
  238 00000022         
  239 00000022                 EXPORT           WWDG_IRQHandler                
   [WEAK]
  240 00000022                 EXPORT           PVD_IRQHandler                 
   [WEAK]
  241 00000022                 EXPORT           TAMP_STAMP_IRQHandler          
   [WEAK]
  242 00000022                 EXPORT           RTC_WKUP_IRQHandler            
   [WEAK]
  243 00000022                 EXPORT           FLASH_IRQHandler               
   [WEAK]
  244 00000022                 EXPORT           RCC_IRQHandler                 
   [WEAK]
  245 00000022                 EXPORT           EXTI0_IRQHandler               
   [WEAK]
  246 00000022                 EXPORT           EXTI1_IRQHandler               
   [WEAK]
  247 00000022                 EXPORT           EXTI2_IRQHandler               
   [WEAK]
  248 00000022                 EXPORT           EXTI3_IRQHandler               
   [WEAK]
  249 00000022                 EXPORT           EXTI4_IRQHandler               
   [WEAK]
  250 00000022                 EXPORT           DMA1_Stream0_IRQHandler        
   [WEAK]
  251 00000022                 EXPORT           DMA1_Stream1_IRQHandler        
   [WEAK]
  252 00000022                 EXPORT           DMA1_Stream2_IRQHandler        
   [WEAK]



ARM Macro Assembler    Page 10 


  253 00000022                 EXPORT           DMA1_Stream3_IRQHandler        
   [WEAK]
  254 00000022                 EXPORT           DMA1_Stream4_IRQHandler        
   [WEAK]
  255 00000022                 EXPORT           DMA1_Stream5_IRQHandler        
   [WEAK]
  256 00000022                 EXPORT           DMA1_Stream6_IRQHandler        
   [WEAK]
  257 00000022                 EXPORT           ADC_IRQHandler                 
   [WEAK]
  258 00000022                 EXPORT           CAN1_TX_IRQHandler             
   [WEAK]
  259 00000022                 EXPORT           CAN1_RX0_IRQHandler            
   [WEAK]
  260 00000022                 EXPORT           CAN1_RX1_IRQHandler            
   [WEAK]
  261 00000022                 EXPORT           CAN1_SCE_IRQHandler            
   [WEAK]
  262 00000022                 EXPORT           EXTI9_5_IRQHandler             
   [WEAK]
  263 00000022                 EXPORT           TIM1_BRK_TIM9_IRQHandler       
   [WEAK]
  264 00000022                 EXPORT           TIM1_UP_TIM10_IRQHandler       
   [WEAK]
  265 00000022                 EXPORT           TIM1_TRG_COM_TIM11_IRQHandler  
   [WEAK]
  266 00000022                 EXPORT           TIM1_CC_IRQHandler             
   [WEAK]
  267 00000022                 EXPORT           TIM2_IRQHandler                
   [WEAK]
  268 00000022                 EXPORT           TIM3_IRQHandler                
   [WEAK]
  269 00000022                 EXPORT           TIM4_IRQHandler                
   [WEAK]
  270 00000022                 EXPORT           I2C1_EV_IRQHandler             
   [WEAK]
  271 00000022                 EXPORT           I2C1_ER_IRQHandler             
   [WEAK]
  272 00000022                 EXPORT           I2C2_EV_IRQHandler             
   [WEAK]
  273 00000022                 EXPORT           I2C2_ER_IRQHandler             
   [WEAK]
  274 00000022                 EXPORT           SPI1_IRQHandler                
   [WEAK]
  275 00000022                 EXPORT           SPI2_IRQHandler                
   [WEAK]
  276 00000022                 EXPORT           USART1_IRQHandler              
   [WEAK]
  277 00000022                 EXPORT           USART2_IRQHandler              
   [WEAK]
  278 00000022                 EXPORT           USART3_IRQHandler              
   [WEAK]
  279 00000022                 EXPORT           EXTI15_10_IRQHandler           
   [WEAK]
  280 00000022                 EXPORT           RTC_Alarm_IRQHandler           
   [WEAK]
  281 00000022                 EXPORT           OTG_FS_WKUP_IRQHandler         
   [WEAK]
  282 00000022                 EXPORT           TIM8_BRK_TIM12_IRQHandler      



ARM Macro Assembler    Page 11 


   [WEAK]
  283 00000022                 EXPORT           TIM8_UP_TIM13_IRQHandler       
   [WEAK]
  284 00000022                 EXPORT           TIM8_TRG_COM_TIM14_IRQHandler  
   [WEAK]
  285 00000022                 EXPORT           TIM8_CC_IRQHandler             
   [WEAK]
  286 00000022                 EXPORT           DMA1_Stream7_IRQHandler        
   [WEAK]
  287 00000022                 EXPORT           FSMC_IRQHandler                
   [WEAK]
  288 00000022                 EXPORT           SDIO_IRQHandler                
   [WEAK]
  289 00000022                 EXPORT           TIM5_IRQHandler                
   [WEAK]
  290 00000022                 EXPORT           SPI3_IRQHandler                
   [WEAK]
  291 00000022                 EXPORT           UART4_IRQHandler               
   [WEAK]
  292 00000022                 EXPORT           UART5_IRQHandler               
   [WEAK]
  293 00000022                 EXPORT           TIM6_DAC_IRQHandler            
   [WEAK]
  294 00000022                 EXPORT           TIM7_IRQHandler                
   [WEAK]
  295 00000022                 EXPORT           DMA2_Stream0_IRQHandler        
   [WEAK]
  296 00000022                 EXPORT           DMA2_Stream1_IRQHandler        
   [WEAK]
  297 00000022                 EXPORT           DMA2_Stream2_IRQHandler        
   [WEAK]
  298 00000022                 EXPORT           DMA2_Stream3_IRQHandler        
   [WEAK]
  299 00000022                 EXPORT           DMA2_Stream4_IRQHandler        
   [WEAK]
  300 00000022                 EXPORT           ETH_IRQHandler                 
   [WEAK]
  301 00000022                 EXPORT           ETH_WKUP_IRQHandler            
   [WEAK]
  302 00000022                 EXPORT           CAN2_TX_IRQHandler             
   [WEAK]
  303 00000022                 EXPORT           CAN2_RX0_IRQHandler            
   [WEAK]
  304 00000022                 EXPORT           CAN2_RX1_IRQHandler            
   [WEAK]
  305 00000022                 EXPORT           CAN2_SCE_IRQHandler            
   [WEAK]
  306 00000022                 EXPORT           OTG_FS_IRQHandler              
   [WEAK]
  307 00000022                 EXPORT           DMA2_Stream5_IRQHandler        
   [WEAK]
  308 00000022                 EXPORT           DMA2_Stream6_IRQHandler        
   [WEAK]
  309 00000022                 EXPORT           DMA2_Stream7_IRQHandler        
   [WEAK]
  310 00000022                 EXPORT           USART6_IRQHandler              
   [WEAK]
  311 00000022                 EXPORT           I2C3_EV_IRQHandler             
   [WEAK]



ARM Macro Assembler    Page 12 


  312 00000022                 EXPORT           I2C3_ER_IRQHandler             
   [WEAK]
  313 00000022                 EXPORT           OTG_HS_EP1_OUT_IRQHandler      
   [WEAK]
  314 00000022                 EXPORT           OTG_HS_EP1_IN_IRQHandler       
   [WEAK]
  315 00000022                 EXPORT           OTG_HS_WKUP_IRQHandler         
   [WEAK]
  316 00000022                 EXPORT           OTG_HS_IRQHandler              
   [WEAK]
  317 00000022                 EXPORT           DCMI_IRQHandler                
   [WEAK]
  318 00000022                 EXPORT           CRYP_IRQHandler                
   [WEAK]
  319 00000022                 EXPORT           HASH_RNG_IRQHandler            
   [WEAK]
  320 00000022                 EXPORT           FPU_IRQHandler                 
   [WEAK]
  321 00000022         
  322 00000022         WWDG_IRQHandler
  323 00000022         PVD_IRQHandler
  324 00000022         TAMP_STAMP_IRQHandler
  325 00000022         RTC_WKUP_IRQHandler
  326 00000022         FLASH_IRQHandler
  327 00000022         RCC_IRQHandler
  328 00000022         EXTI0_IRQHandler
  329 00000022         EXTI1_IRQHandler
  330 00000022         EXTI2_IRQHandler
  331 00000022         EXTI3_IRQHandler
  332 00000022         EXTI4_IRQHandler
  333 00000022         DMA1_Stream0_IRQHandler
  334 00000022         DMA1_Stream1_IRQHandler
  335 00000022         DMA1_Stream2_IRQHandler
  336 00000022         DMA1_Stream3_IRQHandler
  337 00000022         DMA1_Stream4_IRQHandler
  338 00000022         DMA1_Stream5_IRQHandler
  339 00000022         DMA1_Stream6_IRQHandler
  340 00000022         ADC_IRQHandler
  341 00000022         CAN1_TX_IRQHandler
  342 00000022         CAN1_RX0_IRQHandler
  343 00000022         CAN1_RX1_IRQHandler
  344 00000022         CAN1_SCE_IRQHandler
  345 00000022         EXTI9_5_IRQHandler
  346 00000022         TIM1_BRK_TIM9_IRQHandler
  347 00000022         TIM1_UP_TIM10_IRQHandler
  348 00000022         TIM1_TRG_COM_TIM11_IRQHandler
  349 00000022         TIM1_CC_IRQHandler
  350 00000022         TIM2_IRQHandler
  351 00000022         TIM3_IRQHandler
  352 00000022         TIM4_IRQHandler
  353 00000022         I2C1_EV_IRQHandler
  354 00000022         I2C1_ER_IRQHandler
  355 00000022         I2C2_EV_IRQHandler
  356 00000022         I2C2_ER_IRQHandler
  357 00000022         SPI1_IRQHandler
  358 00000022         SPI2_IRQHandler
  359 00000022         USART1_IRQHandler
  360 00000022         USART2_IRQHandler
  361 00000022         USART3_IRQHandler



ARM Macro Assembler    Page 13 


  362 00000022         EXTI15_10_IRQHandler
  363 00000022         RTC_Alarm_IRQHandler
  364 00000022         OTG_FS_WKUP_IRQHandler
  365 00000022         TIM8_BRK_TIM12_IRQHandler
  366 00000022         TIM8_UP_TIM13_IRQHandler
  367 00000022         TIM8_TRG_COM_TIM14_IRQHandler
  368 00000022         TIM8_CC_IRQHandler
  369 00000022         DMA1_Stream7_IRQHandler
  370 00000022         FSMC_IRQHandler
  371 00000022         SDIO_IRQHandler
  372 00000022         TIM5_IRQHandler
  373 00000022         SPI3_IRQHandler
  374 00000022         UART4_IRQHandler
  375 00000022         UART5_IRQHandler
  376 00000022         TIM6_DAC_IRQHandler
  377 00000022         TIM7_IRQHandler
  378 00000022         DMA2_Stream0_IRQHandler
  379 00000022         DMA2_Stream1_IRQHandler
  380 00000022         DMA2_Stream2_IRQHandler
  381 00000022         DMA2_Stream3_IRQHandler
  382 00000022         DMA2_Stream4_IRQHandler
  383 00000022         ETH_IRQHandler
  384 00000022         ETH_WKUP_IRQHandler
  385 00000022         CAN2_TX_IRQHandler
  386 00000022         CAN2_RX0_IRQHandler
  387 00000022         CAN2_RX1_IRQHandler
  388 00000022         CAN2_SCE_IRQHandler
  389 00000022         OTG_FS_IRQHandler
  390 00000022         DMA2_Stream5_IRQHandler
  391 00000022         DMA2_Stream6_IRQHandler
  392 00000022         DMA2_Stream7_IRQHandler
  393 00000022         USART6_IRQHandler
  394 00000022         I2C3_EV_IRQHandler
  395 00000022         I2C3_ER_IRQHandler
  396 00000022         OTG_HS_EP1_OUT_IRQHandler
  397 00000022         OTG_HS_EP1_IN_IRQHandler
  398 00000022         OTG_HS_WKUP_IRQHandler
  399 00000022         OTG_HS_IRQHandler
  400 00000022         DCMI_IRQHandler
  401 00000022         CRYP_IRQHandler
  402 00000022         HASH_RNG_IRQHandler
  403 00000022         FPU_IRQHandler
  404 00000022         
  405 00000022 E7FE            B                .
  406 00000024         
  407 00000024                 ENDP
  408 00000024         
  409 00000024                 ALIGN
  410 00000024         
  411 00000024         ;*******************************************************
                       ************************
  412 00000024         ; User Stack and Heap initialization
  413 00000024         ;*******************************************************
                       ************************
  414 00000024                 IF               :DEF:__MICROLIB
  421 00000024         
  422 00000024                 IMPORT           __use_two_region_memory
  423 00000024                 EXPORT           __user_initial_stackheap
  424 00000024         



ARM Macro Assembler    Page 14 


  425 00000024         __user_initial_stackheap
  426 00000024         
  427 00000024 4804            LDR              R0, =  Heap_Mem
  428 00000026 4905            LDR              R1, =(Stack_Mem + Stack_Size)
  429 00000028 4A05            LDR              R2, = (Heap_Mem +  Heap_Size)
  430 0000002A 4B06            LDR              R3, = Stack_Mem
  431 0000002C 4770            BX               LR
  432 0000002E         
  433 0000002E 00 00           ALIGN
  434 00000030         
  435 00000030                 ENDIF
  436 00000030         
  437 00000030                 END
              00000000 
              00000000 
              00000000 
              00000400 
              00000200 
              00000000 
Command Line: --debug --xref --diag_suppress=9931 --cpu=Cortex-M4.fp.sp --apcs=
interwork --depend=.\objects\startup_stm32f40_41xxx.d -o.\objects\startup_stm32
f40_41xxx.o --predefine="__UVISION_VERSION SETA 542" --predefine="STM32F407xx S
ETA 1" --list=.\listings\startup_stm32f40_41xxx.lst ..\firmware\cmsis\device\st
artup_stm32f40_41xxx.s



ARM Macro Assembler    Page 1 Alphabetic symbol ordering
Relocatable symbols

STACK 00000000

Symbol: STACK
   Definitions
      At line 39 in file ..\firmware\cmsis\device\startup_stm32f40_41xxx.s
   Uses
      None
Comment: STACK unused
Stack_Mem 00000000

Symbol: Stack_Mem
   Definitions
      At line 40 in file ..\firmware\cmsis\device\startup_stm32f40_41xxx.s
   Uses
      At line 428 in file ..\firmware\cmsis\device\startup_stm32f40_41xxx.s
      At line 430 in file ..\firmware\cmsis\device\startup_stm32f40_41xxx.s

__initial_sp 00000400

Symbol: __initial_sp
   Definitions
      At line 41 in file ..\firmware\cmsis\device\startup_stm32f40_41xxx.s
   Uses
      At line 65 in file ..\firmware\cmsis\device\startup_stm32f40_41xxx.s
Comment: __initial_sp used once
3 symbols



ARM Macro Assembler    Page 1 Alphabetic symbol ordering
Relocatable symbols

HEAP 00000000

Symbol: HEAP
   Definitions
      At line 50 in file ..\firmware\cmsis\device\startup_stm32f40_41xxx.s
   Uses
      None
Comment: HEAP unused
Heap_Mem 00000000

Symbol: Heap_Mem
   Definitions
      At line 52 in file ..\firmware\cmsis\device\startup_stm32f40_41xxx.s
   Uses
      At line 427 in file ..\firmware\cmsis\device\startup_stm32f40_41xxx.s
      At line 429 in file ..\firmware\cmsis\device\startup_stm32f40_41xxx.s

__heap_base 00000000

Symbol: __heap_base
   Definitions
      At line 51 in file ..\firmware\cmsis\device\startup_stm32f40_41xxx.s
   Uses
      None
Comment: __heap_base unused
__heap_limit 00000200

Symbol: __heap_limit
   Definitions
      At line 53 in file ..\firmware\cmsis\device\startup_stm32f40_41xxx.s
   Uses
      None
Comment: __heap_limit unused
4 symbols



ARM Macro Assembler    Page 1 Alphabetic symbol ordering
Relocatable symbols

RESET 00000000

Symbol: RESET
   Definitions
      At line 60 in file ..\firmware\cmsis\device\startup_stm32f40_41xxx.s
   Uses
      None
Comment: RESET unused
__Vectors 00000000

Symbol: __Vectors
   Definitions
      At line 65 in file ..\firmware\cmsis\device\startup_stm32f40_41xxx.s
   Uses
      At line 61 in file ..\firmware\cmsis\device\startup_stm32f40_41xxx.s
      At line 168 in file ..\firmware\cmsis\device\startup_stm32f40_41xxx.s

__Vectors_End 00000188

Symbol: __Vectors_End
   Definitions
      At line 166 in file ..\firmware\cmsis\device\startup_stm32f40_41xxx.s
   Uses
      At line 62 in file ..\firmware\cmsis\device\startup_stm32f40_41xxx.s
      At line 168 in file ..\firmware\cmsis\device\startup_stm32f40_41xxx.s

3 symbols



ARM Macro Assembler    Page 1 Alphabetic symbol ordering
Relocatable symbols

.text 00000000

Symbol: .text
   Definitions
      At line 170 in file ..\firmware\cmsis\device\startup_stm32f40_41xxx.s
   Uses
      None
Comment: .text unused
ADC_IRQHandler 00000022

Symbol: ADC_IRQHandler
   Definitions
      At line 340 in file ..\firmware\cmsis\device\startup_stm32f40_41xxx.s
   Uses
      At line 101 in file ..\firmware\cmsis\device\startup_stm32f40_41xxx.s
      At line 257 in file ..\firmware\cmsis\device\startup_stm32f40_41xxx.s

BusFault_Handler 00000016

Symbol: BusFault_Handler
   Definitions
      At line 210 in file ..\firmware\cmsis\device\startup_stm32f40_41xxx.s
   Uses
      At line 70 in file ..\firmware\cmsis\device\startup_stm32f40_41xxx.s
      At line 211 in file ..\firmware\cmsis\device\startup_stm32f40_41xxx.s

CAN1_RX0_IRQHandler 00000022

Symbol: CAN1_RX0_IRQHandler
   Definitions
      At line 342 in file ..\firmware\cmsis\device\startup_stm32f40_41xxx.s
   Uses
      At line 103 in file ..\firmware\cmsis\device\startup_stm32f40_41xxx.s
      At line 259 in file ..\firmware\cmsis\device\startup_stm32f40_41xxx.s

CAN1_RX1_IRQHandler 00000022

Symbol: CAN1_RX1_IRQHandler
   Definitions
      At line 343 in file ..\firmware\cmsis\device\startup_stm32f40_41xxx.s
   Uses
      At line 104 in file ..\firmware\cmsis\device\startup_stm32f40_41xxx.s
      At line 260 in file ..\firmware\cmsis\device\startup_stm32f40_41xxx.s

CAN1_SCE_IRQHandler 00000022

Symbol: CAN1_SCE_IRQHandler
   Definitions
      At line 344 in file ..\firmware\cmsis\device\startup_stm32f40_41xxx.s
   Uses
      At line 105 in file ..\firmware\cmsis\device\startup_stm32f40_41xxx.s
      At line 261 in file ..\firmware\cmsis\device\startup_stm32f40_41xxx.s

CAN1_TX_IRQHandler 00000022

Symbol: CAN1_TX_IRQHandler
   Definitions
      At line 341 in file ..\firmware\cmsis\device\startup_stm32f40_41xxx.s
   Uses



ARM Macro Assembler    Page 2 Alphabetic symbol ordering
Relocatable symbols

      At line 102 in file ..\firmware\cmsis\device\startup_stm32f40_41xxx.s
      At line 258 in file ..\firmware\cmsis\device\startup_stm32f40_41xxx.s

CAN2_RX0_IRQHandler 00000022

Symbol: CAN2_RX0_IRQHandler
   Definitions
      At line 386 in file ..\firmware\cmsis\device\startup_stm32f40_41xxx.s
   Uses
      At line 147 in file ..\firmware\cmsis\device\startup_stm32f40_41xxx.s
      At line 303 in file ..\firmware\cmsis\device\startup_stm32f40_41xxx.s

CAN2_RX1_IRQHandler 00000022

Symbol: CAN2_RX1_IRQHandler
   Definitions
      At line 387 in file ..\firmware\cmsis\device\startup_stm32f40_41xxx.s
   Uses
      At line 148 in file ..\firmware\cmsis\device\startup_stm32f40_41xxx.s
      At line 304 in file ..\firmware\cmsis\device\startup_stm32f40_41xxx.s

CAN2_SCE_IRQHandler 00000022

Symbol: CAN2_SCE_IRQHandler
   Definitions
      At line 388 in file ..\firmware\cmsis\device\startup_stm32f40_41xxx.s
   Uses
      At line 149 in file ..\firmware\cmsis\device\startup_stm32f40_41xxx.s
      At line 305 in file ..\firmware\cmsis\device\startup_stm32f40_41xxx.s

CAN2_TX_IRQHandler 00000022

Symbol: CAN2_TX_IRQHandler
   Definitions
      At line 385 in file ..\firmware\cmsis\device\startup_stm32f40_41xxx.s
   Uses
      At line 146 in file ..\firmware\cmsis\device\startup_stm32f40_41xxx.s
      At line 302 in file ..\firmware\cmsis\device\startup_stm32f40_41xxx.s

CRYP_IRQHandler 00000022

Symbol: CRYP_IRQHandler
   Definitions
      At line 401 in file ..\firmware\cmsis\device\startup_stm32f40_41xxx.s
   Uses
      At line 162 in file ..\firmware\cmsis\device\startup_stm32f40_41xxx.s
      At line 318 in file ..\firmware\cmsis\device\startup_stm32f40_41xxx.s

DCMI_IRQHandler 00000022

Symbol: DCMI_IRQHandler
   Definitions
      At line 400 in file ..\firmware\cmsis\device\startup_stm32f40_41xxx.s
   Uses
      At line 161 in file ..\firmware\cmsis\device\startup_stm32f40_41xxx.s
      At line 317 in file ..\firmware\cmsis\device\startup_stm32f40_41xxx.s

DMA1_Stream0_IRQHandler 00000022




ARM Macro Assembler    Page 3 Alphabetic symbol ordering
Relocatable symbols

Symbol: DMA1_Stream0_IRQHandler
   Definitions
      At line 333 in file ..\firmware\cmsis\device\startup_stm32f40_41xxx.s
   Uses
      At line 94 in file ..\firmware\cmsis\device\startup_stm32f40_41xxx.s
      At line 250 in file ..\firmware\cmsis\device\startup_stm32f40_41xxx.s

DMA1_Stream1_IRQHandler 00000022

Symbol: DMA1_Stream1_IRQHandler
   Definitions
      At line 334 in file ..\firmware\cmsis\device\startup_stm32f40_41xxx.s
   Uses
      At line 95 in file ..\firmware\cmsis\device\startup_stm32f40_41xxx.s
      At line 251 in file ..\firmware\cmsis\device\startup_stm32f40_41xxx.s

DMA1_Stream2_IRQHandler 00000022

Symbol: DMA1_Stream2_IRQHandler
   Definitions
      At line 335 in file ..\firmware\cmsis\device\startup_stm32f40_41xxx.s
   Uses
      At line 96 in file ..\firmware\cmsis\device\startup_stm32f40_41xxx.s
      At line 252 in file ..\firmware\cmsis\device\startup_stm32f40_41xxx.s

DMA1_Stream3_IRQHandler 00000022

Symbol: DMA1_Stream3_IRQHandler
   Definitions
      At line 336 in file ..\firmware\cmsis\device\startup_stm32f40_41xxx.s
   Uses
      At line 97 in file ..\firmware\cmsis\device\startup_stm32f40_41xxx.s
      At line 253 in file ..\firmware\cmsis\device\startup_stm32f40_41xxx.s

DMA1_Stream4_IRQHandler 00000022

Symbol: DMA1_Stream4_IRQHandler
   Definitions
      At line 337 in file ..\firmware\cmsis\device\startup_stm32f40_41xxx.s
   Uses
      At line 98 in file ..\firmware\cmsis\device\startup_stm32f40_41xxx.s
      At line 254 in file ..\firmware\cmsis\device\startup_stm32f40_41xxx.s

DMA1_Stream5_IRQHandler 00000022

Symbol: DMA1_Stream5_IRQHandler
   Definitions
      At line 338 in file ..\firmware\cmsis\device\startup_stm32f40_41xxx.s
   Uses
      At line 99 in file ..\firmware\cmsis\device\startup_stm32f40_41xxx.s
      At line 255 in file ..\firmware\cmsis\device\startup_stm32f40_41xxx.s

DMA1_Stream6_IRQHandler 00000022

Symbol: DMA1_Stream6_IRQHandler
   Definitions
      At line 339 in file ..\firmware\cmsis\device\startup_stm32f40_41xxx.s
   Uses
      At line 100 in file ..\firmware\cmsis\device\startup_stm32f40_41xxx.s



ARM Macro Assembler    Page 4 Alphabetic symbol ordering
Relocatable symbols

      At line 256 in file ..\firmware\cmsis\device\startup_stm32f40_41xxx.s

DMA1_Stream7_IRQHandler 00000022

Symbol: DMA1_Stream7_IRQHandler
   Definitions
      At line 369 in file ..\firmware\cmsis\device\startup_stm32f40_41xxx.s
   Uses
      At line 130 in file ..\firmware\cmsis\device\startup_stm32f40_41xxx.s
      At line 286 in file ..\firmware\cmsis\device\startup_stm32f40_41xxx.s

DMA2_Stream0_IRQHandler 00000022

Symbol: DMA2_Stream0_IRQHandler
   Definitions
      At line 378 in file ..\firmware\cmsis\device\startup_stm32f40_41xxx.s
   Uses
      At line 139 in file ..\firmware\cmsis\device\startup_stm32f40_41xxx.s
      At line 295 in file ..\firmware\cmsis\device\startup_stm32f40_41xxx.s

DMA2_Stream1_IRQHandler 00000022

Symbol: DMA2_Stream1_IRQHandler
   Definitions
      At line 379 in file ..\firmware\cmsis\device\startup_stm32f40_41xxx.s
   Uses
      At line 140 in file ..\firmware\cmsis\device\startup_stm32f40_41xxx.s
      At line 296 in file ..\firmware\cmsis\device\startup_stm32f40_41xxx.s

DMA2_Stream2_IRQHandler 00000022

Symbol: DMA2_Stream2_IRQHandler
   Definitions
      At line 380 in file ..\firmware\cmsis\device\startup_stm32f40_41xxx.s
   Uses
      At line 141 in file ..\firmware\cmsis\device\startup_stm32f40_41xxx.s
      At line 297 in file ..\firmware\cmsis\device\startup_stm32f40_41xxx.s

DMA2_Stream3_IRQHandler 00000022

Symbol: DMA2_Stream3_IRQHandler
   Definitions
      At line 381 in file ..\firmware\cmsis\device\startup_stm32f40_41xxx.s
   Uses
      At line 142 in file ..\firmware\cmsis\device\startup_stm32f40_41xxx.s
      At line 298 in file ..\firmware\cmsis\device\startup_stm32f40_41xxx.s

DMA2_Stream4_IRQHandler 00000022

Symbol: DMA2_Stream4_IRQHandler
   Definitions
      At line 382 in file ..\firmware\cmsis\device\startup_stm32f40_41xxx.s
   Uses
      At line 143 in file ..\firmware\cmsis\device\startup_stm32f40_41xxx.s
      At line 299 in file ..\firmware\cmsis\device\startup_stm32f40_41xxx.s

DMA2_Stream5_IRQHandler 00000022

Symbol: DMA2_Stream5_IRQHandler



ARM Macro Assembler    Page 5 Alphabetic symbol ordering
Relocatable symbols

   Definitions
      At line 390 in file ..\firmware\cmsis\device\startup_stm32f40_41xxx.s
   Uses
      At line 151 in file ..\firmware\cmsis\device\startup_stm32f40_41xxx.s
      At line 307 in file ..\firmware\cmsis\device\startup_stm32f40_41xxx.s

DMA2_Stream6_IRQHandler 00000022

Symbol: DMA2_Stream6_IRQHandler
   Definitions
      At line 391 in file ..\firmware\cmsis\device\startup_stm32f40_41xxx.s
   Uses
      At line 152 in file ..\firmware\cmsis\device\startup_stm32f40_41xxx.s
      At line 308 in file ..\firmware\cmsis\device\startup_stm32f40_41xxx.s

DMA2_Stream7_IRQHandler 00000022

Symbol: DMA2_Stream7_IRQHandler
   Definitions
      At line 392 in file ..\firmware\cmsis\device\startup_stm32f40_41xxx.s
   Uses
      At line 153 in file ..\firmware\cmsis\device\startup_stm32f40_41xxx.s
      At line 309 in file ..\firmware\cmsis\device\startup_stm32f40_41xxx.s

DebugMon_Handler 0000001C

Symbol: DebugMon_Handler
   Definitions
      At line 224 in file ..\firmware\cmsis\device\startup_stm32f40_41xxx.s
   Uses
      At line 77 in file ..\firmware\cmsis\device\startup_stm32f40_41xxx.s
      At line 225 in file ..\firmware\cmsis\device\startup_stm32f40_41xxx.s

Default_Handler 00000022

Symbol: Default_Handler
   Definitions
      At line 237 in file ..\firmware\cmsis\device\startup_stm32f40_41xxx.s
   Uses
      None
Comment: Default_Handler unused
ETH_IRQHandler 00000022

Symbol: ETH_IRQHandler
   Definitions
      At line 383 in file ..\firmware\cmsis\device\startup_stm32f40_41xxx.s
   Uses
      At line 144 in file ..\firmware\cmsis\device\startup_stm32f40_41xxx.s
      At line 300 in file ..\firmware\cmsis\device\startup_stm32f40_41xxx.s

ETH_WKUP_IRQHandler 00000022

Symbol: ETH_WKUP_IRQHandler
   Definitions
      At line 384 in file ..\firmware\cmsis\device\startup_stm32f40_41xxx.s
   Uses
      At line 145 in file ..\firmware\cmsis\device\startup_stm32f40_41xxx.s
      At line 301 in file ..\firmware\cmsis\device\startup_stm32f40_41xxx.s




ARM Macro Assembler    Page 6 Alphabetic symbol ordering
Relocatable symbols

EXTI0_IRQHandler 00000022

Symbol: EXTI0_IRQHandler
   Definitions
      At line 328 in file ..\firmware\cmsis\device\startup_stm32f40_41xxx.s
   Uses
      At line 89 in file ..\firmware\cmsis\device\startup_stm32f40_41xxx.s
      At line 245 in file ..\firmware\cmsis\device\startup_stm32f40_41xxx.s

EXTI15_10_IRQHandler 00000022

Symbol: EXTI15_10_IRQHandler
   Definitions
      At line 362 in file ..\firmware\cmsis\device\startup_stm32f40_41xxx.s
   Uses
      At line 123 in file ..\firmware\cmsis\device\startup_stm32f40_41xxx.s
      At line 279 in file ..\firmware\cmsis\device\startup_stm32f40_41xxx.s

EXTI1_IRQHandler 00000022

Symbol: EXTI1_IRQHandler
   Definitions
      At line 329 in file ..\firmware\cmsis\device\startup_stm32f40_41xxx.s
   Uses
      At line 90 in file ..\firmware\cmsis\device\startup_stm32f40_41xxx.s
      At line 246 in file ..\firmware\cmsis\device\startup_stm32f40_41xxx.s

EXTI2_IRQHandler 00000022

Symbol: EXTI2_IRQHandler
   Definitions
      At line 330 in file ..\firmware\cmsis\device\startup_stm32f40_41xxx.s
   Uses
      At line 91 in file ..\firmware\cmsis\device\startup_stm32f40_41xxx.s
      At line 247 in file ..\firmware\cmsis\device\startup_stm32f40_41xxx.s

EXTI3_IRQHandler 00000022

Symbol: EXTI3_IRQHandler
   Definitions
      At line 331 in file ..\firmware\cmsis\device\startup_stm32f40_41xxx.s
   Uses
      At line 92 in file ..\firmware\cmsis\device\startup_stm32f40_41xxx.s
      At line 248 in file ..\firmware\cmsis\device\startup_stm32f40_41xxx.s

EXTI4_IRQHandler 00000022

Symbol: EXTI4_IRQHandler
   Definitions
      At line 332 in file ..\firmware\cmsis\device\startup_stm32f40_41xxx.s
   Uses
      At line 93 in file ..\firmware\cmsis\device\startup_stm32f40_41xxx.s
      At line 249 in file ..\firmware\cmsis\device\startup_stm32f40_41xxx.s

EXTI9_5_IRQHandler 00000022

Symbol: EXTI9_5_IRQHandler
   Definitions
      At line 345 in file ..\firmware\cmsis\device\startup_stm32f40_41xxx.s



ARM Macro Assembler    Page 7 Alphabetic symbol ordering
Relocatable symbols

   Uses
      At line 106 in file ..\firmware\cmsis\device\startup_stm32f40_41xxx.s
      At line 262 in file ..\firmware\cmsis\device\startup_stm32f40_41xxx.s

FLASH_IRQHandler 00000022

Symbol: FLASH_IRQHandler
   Definitions
      At line 326 in file ..\firmware\cmsis\device\startup_stm32f40_41xxx.s
   Uses
      At line 87 in file ..\firmware\cmsis\device\startup_stm32f40_41xxx.s
      At line 243 in file ..\firmware\cmsis\device\startup_stm32f40_41xxx.s

FPU_IRQHandler 00000022

Symbol: FPU_IRQHandler
   Definitions
      At line 403 in file ..\firmware\cmsis\device\startup_stm32f40_41xxx.s
   Uses
      At line 164 in file ..\firmware\cmsis\device\startup_stm32f40_41xxx.s
      At line 320 in file ..\firmware\cmsis\device\startup_stm32f40_41xxx.s

FSMC_IRQHandler 00000022

Symbol: FSMC_IRQHandler
   Definitions
      At line 370 in file ..\firmware\cmsis\device\startup_stm32f40_41xxx.s
   Uses
      At line 131 in file ..\firmware\cmsis\device\startup_stm32f40_41xxx.s
      At line 287 in file ..\firmware\cmsis\device\startup_stm32f40_41xxx.s

HASH_RNG_IRQHandler 00000022

Symbol: HASH_RNG_IRQHandler
   Definitions
      At line 402 in file ..\firmware\cmsis\device\startup_stm32f40_41xxx.s
   Uses
      At line 163 in file ..\firmware\cmsis\device\startup_stm32f40_41xxx.s
      At line 319 in file ..\firmware\cmsis\device\startup_stm32f40_41xxx.s

HardFault_Handler 00000012

Symbol: HardFault_Handler
   Definitions
      At line 200 in file ..\firmware\cmsis\device\startup_stm32f40_41xxx.s
   Uses
      At line 68 in file ..\firmware\cmsis\device\startup_stm32f40_41xxx.s
      At line 201 in file ..\firmware\cmsis\device\startup_stm32f40_41xxx.s

I2C1_ER_IRQHandler 00000022

Symbol: I2C1_ER_IRQHandler
   Definitions
      At line 354 in file ..\firmware\cmsis\device\startup_stm32f40_41xxx.s
   Uses
      At line 115 in file ..\firmware\cmsis\device\startup_stm32f40_41xxx.s
      At line 271 in file ..\firmware\cmsis\device\startup_stm32f40_41xxx.s

I2C1_EV_IRQHandler 00000022



ARM Macro Assembler    Page 8 Alphabetic symbol ordering
Relocatable symbols


Symbol: I2C1_EV_IRQHandler
   Definitions
      At line 353 in file ..\firmware\cmsis\device\startup_stm32f40_41xxx.s
   Uses
      At line 114 in file ..\firmware\cmsis\device\startup_stm32f40_41xxx.s
      At line 270 in file ..\firmware\cmsis\device\startup_stm32f40_41xxx.s

I2C2_ER_IRQHandler 00000022

Symbol: I2C2_ER_IRQHandler
   Definitions
      At line 356 in file ..\firmware\cmsis\device\startup_stm32f40_41xxx.s
   Uses
      At line 117 in file ..\firmware\cmsis\device\startup_stm32f40_41xxx.s
      At line 273 in file ..\firmware\cmsis\device\startup_stm32f40_41xxx.s

I2C2_EV_IRQHandler 00000022

Symbol: I2C2_EV_IRQHandler
   Definitions
      At line 355 in file ..\firmware\cmsis\device\startup_stm32f40_41xxx.s
   Uses
      At line 116 in file ..\firmware\cmsis\device\startup_stm32f40_41xxx.s
      At line 272 in file ..\firmware\cmsis\device\startup_stm32f40_41xxx.s

I2C3_ER_IRQHandler 00000022

Symbol: I2C3_ER_IRQHandler
   Definitions
      At line 395 in file ..\firmware\cmsis\device\startup_stm32f40_41xxx.s
   Uses
      At line 156 in file ..\firmware\cmsis\device\startup_stm32f40_41xxx.s
      At line 312 in file ..\firmware\cmsis\device\startup_stm32f40_41xxx.s

I2C3_EV_IRQHandler 00000022

Symbol: I2C3_EV_IRQHandler
   Definitions
      At line 394 in file ..\firmware\cmsis\device\startup_stm32f40_41xxx.s
   Uses
      At line 155 in file ..\firmware\cmsis\device\startup_stm32f40_41xxx.s
      At line 311 in file ..\firmware\cmsis\device\startup_stm32f40_41xxx.s

JUMP_APP 00000000

Symbol: JUMP_APP
   Definitions
      At line 173 in file ..\firmware\cmsis\device\startup_stm32f40_41xxx.s
   Uses
      At line 174 in file ..\firmware\cmsis\device\startup_stm32f40_41xxx.s
Comment: JUMP_APP used once
MemManage_Handler 00000014

Symbol: MemManage_Handler
   Definitions
      At line 205 in file ..\firmware\cmsis\device\startup_stm32f40_41xxx.s
   Uses
      At line 69 in file ..\firmware\cmsis\device\startup_stm32f40_41xxx.s



ARM Macro Assembler    Page 9 Alphabetic symbol ordering
Relocatable symbols

      At line 206 in file ..\firmware\cmsis\device\startup_stm32f40_41xxx.s

NMI_Handler 00000010

Symbol: NMI_Handler
   Definitions
      At line 195 in file ..\firmware\cmsis\device\startup_stm32f40_41xxx.s
   Uses
      At line 67 in file ..\firmware\cmsis\device\startup_stm32f40_41xxx.s
      At line 196 in file ..\firmware\cmsis\device\startup_stm32f40_41xxx.s

OTG_FS_IRQHandler 00000022

Symbol: OTG_FS_IRQHandler
   Definitions
      At line 389 in file ..\firmware\cmsis\device\startup_stm32f40_41xxx.s
   Uses
      At line 150 in file ..\firmware\cmsis\device\startup_stm32f40_41xxx.s
      At line 306 in file ..\firmware\cmsis\device\startup_stm32f40_41xxx.s

OTG_FS_WKUP_IRQHandler 00000022

Symbol: OTG_FS_WKUP_IRQHandler
   Definitions
      At line 364 in file ..\firmware\cmsis\device\startup_stm32f40_41xxx.s
   Uses
      At line 125 in file ..\firmware\cmsis\device\startup_stm32f40_41xxx.s
      At line 281 in file ..\firmware\cmsis\device\startup_stm32f40_41xxx.s

OTG_HS_EP1_IN_IRQHandler 00000022

Symbol: OTG_HS_EP1_IN_IRQHandler
   Definitions
      At line 397 in file ..\firmware\cmsis\device\startup_stm32f40_41xxx.s
   Uses
      At line 158 in file ..\firmware\cmsis\device\startup_stm32f40_41xxx.s
      At line 314 in file ..\firmware\cmsis\device\startup_stm32f40_41xxx.s

OTG_HS_EP1_OUT_IRQHandler 00000022

Symbol: OTG_HS_EP1_OUT_IRQHandler
   Definitions
      At line 396 in file ..\firmware\cmsis\device\startup_stm32f40_41xxx.s
   Uses
      At line 157 in file ..\firmware\cmsis\device\startup_stm32f40_41xxx.s
      At line 313 in file ..\firmware\cmsis\device\startup_stm32f40_41xxx.s

OTG_HS_IRQHandler 00000022

Symbol: OTG_HS_IRQHandler
   Definitions
      At line 399 in file ..\firmware\cmsis\device\startup_stm32f40_41xxx.s
   Uses
      At line 160 in file ..\firmware\cmsis\device\startup_stm32f40_41xxx.s
      At line 316 in file ..\firmware\cmsis\device\startup_stm32f40_41xxx.s

OTG_HS_WKUP_IRQHandler 00000022

Symbol: OTG_HS_WKUP_IRQHandler



ARM Macro Assembler    Page 10 Alphabetic symbol ordering
Relocatable symbols

   Definitions
      At line 398 in file ..\firmware\cmsis\device\startup_stm32f40_41xxx.s
   Uses
      At line 159 in file ..\firmware\cmsis\device\startup_stm32f40_41xxx.s
      At line 315 in file ..\firmware\cmsis\device\startup_stm32f40_41xxx.s

PVD_IRQHandler 00000022

Symbol: PVD_IRQHandler
   Definitions
      At line 323 in file ..\firmware\cmsis\device\startup_stm32f40_41xxx.s
   Uses
      At line 84 in file ..\firmware\cmsis\device\startup_stm32f40_41xxx.s
      At line 240 in file ..\firmware\cmsis\device\startup_stm32f40_41xxx.s

PendSV_Handler 0000001E

Symbol: PendSV_Handler
   Definitions
      At line 228 in file ..\firmware\cmsis\device\startup_stm32f40_41xxx.s
   Uses
      At line 79 in file ..\firmware\cmsis\device\startup_stm32f40_41xxx.s
      At line 229 in file ..\firmware\cmsis\device\startup_stm32f40_41xxx.s

RCC_IRQHandler 00000022

Symbol: RCC_IRQHandler
   Definitions
      At line 327 in file ..\firmware\cmsis\device\startup_stm32f40_41xxx.s
   Uses
      At line 88 in file ..\firmware\cmsis\device\startup_stm32f40_41xxx.s
      At line 244 in file ..\firmware\cmsis\device\startup_stm32f40_41xxx.s

RTC_Alarm_IRQHandler 00000022

Symbol: RTC_Alarm_IRQHandler
   Definitions
      At line 363 in file ..\firmware\cmsis\device\startup_stm32f40_41xxx.s
   Uses
      At line 124 in file ..\firmware\cmsis\device\startup_stm32f40_41xxx.s
      At line 280 in file ..\firmware\cmsis\device\startup_stm32f40_41xxx.s

RTC_WKUP_IRQHandler 00000022

Symbol: RTC_WKUP_IRQHandler
   Definitions
      At line 325 in file ..\firmware\cmsis\device\startup_stm32f40_41xxx.s
   Uses
      At line 86 in file ..\firmware\cmsis\device\startup_stm32f40_41xxx.s
      At line 242 in file ..\firmware\cmsis\device\startup_stm32f40_41xxx.s

Reset_Handler 00000008

Symbol: Reset_Handler
   Definitions
      At line 182 in file ..\firmware\cmsis\device\startup_stm32f40_41xxx.s
   Uses
      At line 66 in file ..\firmware\cmsis\device\startup_stm32f40_41xxx.s
      At line 183 in file ..\firmware\cmsis\device\startup_stm32f40_41xxx.s



ARM Macro Assembler    Page 11 Alphabetic symbol ordering
Relocatable symbols


SDIO_IRQHandler 00000022

Symbol: SDIO_IRQHandler
   Definitions
      At line 371 in file ..\firmware\cmsis\device\startup_stm32f40_41xxx.s
   Uses
      At line 132 in file ..\firmware\cmsis\device\startup_stm32f40_41xxx.s
      At line 288 in file ..\firmware\cmsis\device\startup_stm32f40_41xxx.s

SPI1_IRQHandler 00000022

Symbol: SPI1_IRQHandler
   Definitions
      At line 357 in file ..\firmware\cmsis\device\startup_stm32f40_41xxx.s
   Uses
      At line 118 in file ..\firmware\cmsis\device\startup_stm32f40_41xxx.s
      At line 274 in file ..\firmware\cmsis\device\startup_stm32f40_41xxx.s

SPI2_IRQHandler 00000022

Symbol: SPI2_IRQHandler
   Definitions
      At line 358 in file ..\firmware\cmsis\device\startup_stm32f40_41xxx.s
   Uses
      At line 119 in file ..\firmware\cmsis\device\startup_stm32f40_41xxx.s
      At line 275 in file ..\firmware\cmsis\device\startup_stm32f40_41xxx.s

SPI3_IRQHandler 00000022

Symbol: SPI3_IRQHandler
   Definitions
      At line 373 in file ..\firmware\cmsis\device\startup_stm32f40_41xxx.s
   Uses
      At line 134 in file ..\firmware\cmsis\device\startup_stm32f40_41xxx.s
      At line 290 in file ..\firmware\cmsis\device\startup_stm32f40_41xxx.s

SVC_Handler 0000001A

Symbol: SVC_Handler
   Definitions
      At line 219 in file ..\firmware\cmsis\device\startup_stm32f40_41xxx.s
   Uses
      At line 76 in file ..\firmware\cmsis\device\startup_stm32f40_41xxx.s
      At line 220 in file ..\firmware\cmsis\device\startup_stm32f40_41xxx.s

SysTick_Handler 00000020

Symbol: SysTick_Handler
   Definitions
      At line 232 in file ..\firmware\cmsis\device\startup_stm32f40_41xxx.s
   Uses
      At line 80 in file ..\firmware\cmsis\device\startup_stm32f40_41xxx.s
      At line 233 in file ..\firmware\cmsis\device\startup_stm32f40_41xxx.s

TAMP_STAMP_IRQHandler 00000022

Symbol: TAMP_STAMP_IRQHandler
   Definitions



ARM Macro Assembler    Page 12 Alphabetic symbol ordering
Relocatable symbols

      At line 324 in file ..\firmware\cmsis\device\startup_stm32f40_41xxx.s
   Uses
      At line 85 in file ..\firmware\cmsis\device\startup_stm32f40_41xxx.s
      At line 241 in file ..\firmware\cmsis\device\startup_stm32f40_41xxx.s

TIM1_BRK_TIM9_IRQHandler 00000022

Symbol: TIM1_BRK_TIM9_IRQHandler
   Definitions
      At line 346 in file ..\firmware\cmsis\device\startup_stm32f40_41xxx.s
   Uses
      At line 107 in file ..\firmware\cmsis\device\startup_stm32f40_41xxx.s
      At line 263 in file ..\firmware\cmsis\device\startup_stm32f40_41xxx.s

TIM1_CC_IRQHandler 00000022

Symbol: TIM1_CC_IRQHandler
   Definitions
      At line 349 in file ..\firmware\cmsis\device\startup_stm32f40_41xxx.s
   Uses
      At line 110 in file ..\firmware\cmsis\device\startup_stm32f40_41xxx.s
      At line 266 in file ..\firmware\cmsis\device\startup_stm32f40_41xxx.s

TIM1_TRG_COM_TIM11_IRQHandler 00000022

Symbol: TIM1_TRG_COM_TIM11_IRQHandler
   Definitions
      At line 348 in file ..\firmware\cmsis\device\startup_stm32f40_41xxx.s
   Uses
      At line 109 in file ..\firmware\cmsis\device\startup_stm32f40_41xxx.s
      At line 265 in file ..\firmware\cmsis\device\startup_stm32f40_41xxx.s

TIM1_UP_TIM10_IRQHandler 00000022

Symbol: TIM1_UP_TIM10_IRQHandler
   Definitions
      At line 347 in file ..\firmware\cmsis\device\startup_stm32f40_41xxx.s
   Uses
      At line 108 in file ..\firmware\cmsis\device\startup_stm32f40_41xxx.s
      At line 264 in file ..\firmware\cmsis\device\startup_stm32f40_41xxx.s

TIM2_IRQHandler 00000022

Symbol: TIM2_IRQHandler
   Definitions
      At line 350 in file ..\firmware\cmsis\device\startup_stm32f40_41xxx.s
   Uses
      At line 111 in file ..\firmware\cmsis\device\startup_stm32f40_41xxx.s
      At line 267 in file ..\firmware\cmsis\device\startup_stm32f40_41xxx.s

TIM3_IRQHandler 00000022

Symbol: TIM3_IRQHandler
   Definitions
      At line 351 in file ..\firmware\cmsis\device\startup_stm32f40_41xxx.s
   Uses
      At line 112 in file ..\firmware\cmsis\device\startup_stm32f40_41xxx.s
      At line 268 in file ..\firmware\cmsis\device\startup_stm32f40_41xxx.s




ARM Macro Assembler    Page 13 Alphabetic symbol ordering
Relocatable symbols

TIM4_IRQHandler 00000022

Symbol: TIM4_IRQHandler
   Definitions
      At line 352 in file ..\firmware\cmsis\device\startup_stm32f40_41xxx.s
   Uses
      At line 113 in file ..\firmware\cmsis\device\startup_stm32f40_41xxx.s
      At line 269 in file ..\firmware\cmsis\device\startup_stm32f40_41xxx.s

TIM5_IRQHandler 00000022

Symbol: TIM5_IRQHandler
   Definitions
      At line 372 in file ..\firmware\cmsis\device\startup_stm32f40_41xxx.s
   Uses
      At line 133 in file ..\firmware\cmsis\device\startup_stm32f40_41xxx.s
      At line 289 in file ..\firmware\cmsis\device\startup_stm32f40_41xxx.s

TIM6_DAC_IRQHandler 00000022

Symbol: TIM6_DAC_IRQHandler
   Definitions
      At line 376 in file ..\firmware\cmsis\device\startup_stm32f40_41xxx.s
   Uses
      At line 137 in file ..\firmware\cmsis\device\startup_stm32f40_41xxx.s
      At line 293 in file ..\firmware\cmsis\device\startup_stm32f40_41xxx.s

TIM7_IRQHandler 00000022

Symbol: TIM7_IRQHandler
   Definitions
      At line 377 in file ..\firmware\cmsis\device\startup_stm32f40_41xxx.s
   Uses
      At line 138 in file ..\firmware\cmsis\device\startup_stm32f40_41xxx.s
      At line 294 in file ..\firmware\cmsis\device\startup_stm32f40_41xxx.s

TIM8_BRK_TIM12_IRQHandler 00000022

Symbol: TIM8_BRK_TIM12_IRQHandler
   Definitions
      At line 365 in file ..\firmware\cmsis\device\startup_stm32f40_41xxx.s
   Uses
      At line 126 in file ..\firmware\cmsis\device\startup_stm32f40_41xxx.s
      At line 282 in file ..\firmware\cmsis\device\startup_stm32f40_41xxx.s

TIM8_CC_IRQHandler 00000022

Symbol: TIM8_CC_IRQHandler
   Definitions
      At line 368 in file ..\firmware\cmsis\device\startup_stm32f40_41xxx.s
   Uses
      At line 129 in file ..\firmware\cmsis\device\startup_stm32f40_41xxx.s
      At line 285 in file ..\firmware\cmsis\device\startup_stm32f40_41xxx.s

TIM8_TRG_COM_TIM14_IRQHandler 00000022

Symbol: TIM8_TRG_COM_TIM14_IRQHandler
   Definitions
      At line 367 in file ..\firmware\cmsis\device\startup_stm32f40_41xxx.s



ARM Macro Assembler    Page 14 Alphabetic symbol ordering
Relocatable symbols

   Uses
      At line 128 in file ..\firmware\cmsis\device\startup_stm32f40_41xxx.s
      At line 284 in file ..\firmware\cmsis\device\startup_stm32f40_41xxx.s

TIM8_UP_TIM13_IRQHandler 00000022

Symbol: TIM8_UP_TIM13_IRQHandler
   Definitions
      At line 366 in file ..\firmware\cmsis\device\startup_stm32f40_41xxx.s
   Uses
      At line 127 in file ..\firmware\cmsis\device\startup_stm32f40_41xxx.s
      At line 283 in file ..\firmware\cmsis\device\startup_stm32f40_41xxx.s

UART4_IRQHandler 00000022

Symbol: UART4_IRQHandler
   Definitions
      At line 374 in file ..\firmware\cmsis\device\startup_stm32f40_41xxx.s
   Uses
      At line 135 in file ..\firmware\cmsis\device\startup_stm32f40_41xxx.s
      At line 291 in file ..\firmware\cmsis\device\startup_stm32f40_41xxx.s

UART5_IRQHandler 00000022

Symbol: UART5_IRQHandler
   Definitions
      At line 375 in file ..\firmware\cmsis\device\startup_stm32f40_41xxx.s
   Uses
      At line 136 in file ..\firmware\cmsis\device\startup_stm32f40_41xxx.s
      At line 292 in file ..\firmware\cmsis\device\startup_stm32f40_41xxx.s

USART1_IRQHandler 00000022

Symbol: USART1_IRQHandler
   Definitions
      At line 359 in file ..\firmware\cmsis\device\startup_stm32f40_41xxx.s
   Uses
      At line 120 in file ..\firmware\cmsis\device\startup_stm32f40_41xxx.s
      At line 276 in file ..\firmware\cmsis\device\startup_stm32f40_41xxx.s

USART2_IRQHandler 00000022

Symbol: USART2_IRQHandler
   Definitions
      At line 360 in file ..\firmware\cmsis\device\startup_stm32f40_41xxx.s
   Uses
      At line 121 in file ..\firmware\cmsis\device\startup_stm32f40_41xxx.s
      At line 277 in file ..\firmware\cmsis\device\startup_stm32f40_41xxx.s

USART3_IRQHandler 00000022

Symbol: USART3_IRQHandler
   Definitions
      At line 361 in file ..\firmware\cmsis\device\startup_stm32f40_41xxx.s
   Uses
      At line 122 in file ..\firmware\cmsis\device\startup_stm32f40_41xxx.s
      At line 278 in file ..\firmware\cmsis\device\startup_stm32f40_41xxx.s

USART6_IRQHandler 00000022



ARM Macro Assembler    Page 15 Alphabetic symbol ordering
Relocatable symbols


Symbol: USART6_IRQHandler
   Definitions
      At line 393 in file ..\firmware\cmsis\device\startup_stm32f40_41xxx.s
   Uses
      At line 154 in file ..\firmware\cmsis\device\startup_stm32f40_41xxx.s
      At line 310 in file ..\firmware\cmsis\device\startup_stm32f40_41xxx.s

UsageFault_Handler 00000018

Symbol: UsageFault_Handler
   Definitions
      At line 215 in file ..\firmware\cmsis\device\startup_stm32f40_41xxx.s
   Uses
      At line 71 in file ..\firmware\cmsis\device\startup_stm32f40_41xxx.s
      At line 216 in file ..\firmware\cmsis\device\startup_stm32f40_41xxx.s

WWDG_IRQHandler 00000022

Symbol: WWDG_IRQHandler
   Definitions
      At line 322 in file ..\firmware\cmsis\device\startup_stm32f40_41xxx.s
   Uses
      At line 83 in file ..\firmware\cmsis\device\startup_stm32f40_41xxx.s
      At line 239 in file ..\firmware\cmsis\device\startup_stm32f40_41xxx.s

__user_initial_stackheap 00000024

Symbol: __user_initial_stackheap
   Definitions
      At line 425 in file ..\firmware\cmsis\device\startup_stm32f40_41xxx.s
   Uses
      At line 423 in file ..\firmware\cmsis\device\startup_stm32f40_41xxx.s
Comment: __user_initial_stackheap used once
96 symbols



ARM Macro Assembler    Page 1 Alphabetic symbol ordering
Absolute symbols

Heap_Size 00000200

Symbol: Heap_Size
   Definitions
      At line 48 in file ..\firmware\cmsis\device\startup_stm32f40_41xxx.s
   Uses
      At line 52 in file ..\firmware\cmsis\device\startup_stm32f40_41xxx.s
      At line 429 in file ..\firmware\cmsis\device\startup_stm32f40_41xxx.s

Stack_Size 00000400

Symbol: Stack_Size
   Definitions
      At line 37 in file ..\firmware\cmsis\device\startup_stm32f40_41xxx.s
   Uses
      At line 40 in file ..\firmware\cmsis\device\startup_stm32f40_41xxx.s
      At line 428 in file ..\firmware\cmsis\device\startup_stm32f40_41xxx.s

__Vectors_Size 00000188

Symbol: __Vectors_Size
   Definitions
      At line 168 in file ..\firmware\cmsis\device\startup_stm32f40_41xxx.s
   Uses
      At line 63 in file ..\firmware\cmsis\device\startup_stm32f40_41xxx.s
Comment: __Vectors_Size used once
3 symbols



ARM Macro Assembler    Page 1 Alphabetic symbol ordering
External symbols

SystemInit 00000000

Symbol: SystemInit
   Definitions
      At line 184 in file ..\firmware\cmsis\device\startup_stm32f40_41xxx.s
   Uses
      At line 187 in file ..\firmware\cmsis\device\startup_stm32f40_41xxx.s
Comment: SystemInit used once
__main 00000000

Symbol: __main
   Definitions
      At line 185 in file ..\firmware\cmsis\device\startup_stm32f40_41xxx.s
   Uses
      At line 189 in file ..\firmware\cmsis\device\startup_stm32f40_41xxx.s
Comment: __main used once
__use_two_region_memory 00000000

Symbol: __use_two_region_memory
   Definitions
      At line 422 in file ..\firmware\cmsis\device\startup_stm32f40_41xxx.s
   Uses
      None
Comment: __use_two_region_memory unused
3 symbols
449 symbols in table
