Component: ARM Compiler 5.06 update 7 (build 960) Tool: armlink [4d3601]

==============================================================================

Section Cross References

    main.o(i.check_button) refers to utils.o(i.bl_now) for bl_now
    main.o(i.check_button) refers to button.o(i.key_is_pressed) for key_is_pressed
    main.o(i.check_button) refers to utils.o(i.bl_delay_ms) for bl_delay_ms
    main.o(i.main) refers to board.o(i.board_lowlevel_init) for board_lowlevel_init
    main.o(i.main) refers to bl_uart.o(i.bl_uart_init) for bl_uart_init
    main.o(i.main) refers to utils.o(i.bl_delay_init) for bl_delay_init
    main.o(i.main) refers to led.o(i.led_init) for led_init
    main.o(i.main) refers to button.o(i.button_init) for button_init
    main.o(i.main) refers to bl_uart.o(i.bl_uart_printf) for bl_uart_printf
    main.o(i.main) refers to main.o(i.check_button) for check_button
    main.o(i.main) refers to bootloader.o(i.verify_application) for verify_application
    main.o(i.main) refers to led.o(i.led_set) for led_set
    main.o(i.main) refers to main.o(i.wait_release) for wait_release
    main.o(i.main) refers to bootloader.o(i.bootlader_main) for bootlader_main
    main.o(i.wait_release) refers to utils.o(i.bl_delay_ms) for bl_delay_ms
    main.o(i.wait_release) refers to button.o(i.key_is_pressed) for key_is_pressed
    board.o(i.bl_lowlevel_deinit) refers to bl_uart.o(i.bl_uart_deinit) for bl_uart_deinit
    board.o(i.board_lowlevel_init) refers to stm32f4xx_rcc.o(i.RCC_AHB1PeriphClockCmd) for RCC_AHB1PeriphClockCmd
    board.o(i.board_lowlevel_init) refers to stm32f4xx_rcc.o(i.RCC_APB2PeriphClockCmd) for RCC_APB2PeriphClockCmd
    board.o(i.board_lowlevel_init) refers to stm32f4xx_rcc.o(i.RCC_APB1PeriphClockCmd) for RCC_APB1PeriphClockCmd
    startup_stm32f40_41xxx.o(STACK) refers (Special) to heapauxi.o(.text) for __use_two_region_memory
    startup_stm32f40_41xxx.o(HEAP) refers (Special) to heapauxi.o(.text) for __use_two_region_memory
    startup_stm32f40_41xxx.o(RESET) refers (Special) to heapauxi.o(.text) for __use_two_region_memory
    startup_stm32f40_41xxx.o(RESET) refers to startup_stm32f40_41xxx.o(STACK) for __initial_sp
    startup_stm32f40_41xxx.o(RESET) refers to startup_stm32f40_41xxx.o(.text) for Reset_Handler
    startup_stm32f40_41xxx.o(RESET) refers to utils.o(i.SysTick_Handler) for SysTick_Handler
    startup_stm32f40_41xxx.o(RESET) refers to bl_uart.o(i.USART1_IRQHandler) for USART1_IRQHandler
    startup_stm32f40_41xxx.o(RESET) refers to bl_uart.o(i.USART2_IRQHandler) for USART2_IRQHandler
    startup_stm32f40_41xxx.o(.text) refers (Special) to heapauxi.o(.text) for __use_two_region_memory
    startup_stm32f40_41xxx.o(.text) refers to system_stm32f4xx.o(i.SystemInit) for SystemInit
    startup_stm32f40_41xxx.o(.text) refers to __main.o(!!!main) for __main
    startup_stm32f40_41xxx.o(.text) refers to startup_stm32f40_41xxx.o(HEAP) for Heap_Mem
    startup_stm32f40_41xxx.o(.text) refers to startup_stm32f40_41xxx.o(STACK) for Stack_Mem
    system_stm32f4xx.o(i.SystemCoreClockUpdate) refers to system_stm32f4xx.o(.data) for .data
    system_stm32f4xx.o(i.SystemInit) refers to system_stm32f4xx.o(i.SetSysClock) for SetSysClock
    stm32f4xx_adc.o(i.ADC_DeInit) refers to stm32f4xx_rcc.o(i.RCC_APB2PeriphResetCmd) for RCC_APB2PeriphResetCmd
    stm32f4xx_can.o(i.CAN_DeInit) refers to stm32f4xx_rcc.o(i.RCC_APB1PeriphResetCmd) for RCC_APB1PeriphResetCmd
    stm32f4xx_can.o(i.CAN_GetITStatus) refers to stm32f4xx_can.o(i.CheckITStatus) for CheckITStatus
    stm32f4xx_cryp.o(i.CRYP_DeInit) refers to stm32f4xx_rcc.o(i.RCC_AHB2PeriphResetCmd) for RCC_AHB2PeriphResetCmd
    stm32f4xx_cryp_aes.o(i.CRYP_AES_CBC) refers to stm32f4xx_cryp.o(i.CRYP_KeyStructInit) for CRYP_KeyStructInit
    stm32f4xx_cryp_aes.o(i.CRYP_AES_CBC) refers to stm32f4xx_cryp.o(i.CRYP_KeyInit) for CRYP_KeyInit
    stm32f4xx_cryp_aes.o(i.CRYP_AES_CBC) refers to stm32f4xx_cryp.o(i.CRYP_Init) for CRYP_Init
    stm32f4xx_cryp_aes.o(i.CRYP_AES_CBC) refers to stm32f4xx_cryp.o(i.CRYP_IVInit) for CRYP_IVInit
    stm32f4xx_cryp_aes.o(i.CRYP_AES_CBC) refers to stm32f4xx_cryp.o(i.CRYP_FIFOFlush) for CRYP_FIFOFlush
    stm32f4xx_cryp_aes.o(i.CRYP_AES_CBC) refers to stm32f4xx_cryp.o(i.CRYP_Cmd) for CRYP_Cmd
    stm32f4xx_cryp_aes.o(i.CRYP_AES_CBC) refers to stm32f4xx_cryp.o(i.CRYP_GetCmdStatus) for CRYP_GetCmdStatus
    stm32f4xx_cryp_aes.o(i.CRYP_AES_CBC) refers to stm32f4xx_cryp.o(i.CRYP_GetFlagStatus) for CRYP_GetFlagStatus
    stm32f4xx_cryp_aes.o(i.CRYP_AES_CBC) refers to stm32f4xx_cryp.o(i.CRYP_DataIn) for CRYP_DataIn
    stm32f4xx_cryp_aes.o(i.CRYP_AES_CBC) refers to stm32f4xx_cryp.o(i.CRYP_DataOut) for CRYP_DataOut
    stm32f4xx_cryp_aes.o(i.CRYP_AES_CCM) refers to stm32f4xx_cryp.o(i.CRYP_KeyStructInit) for CRYP_KeyStructInit
    stm32f4xx_cryp_aes.o(i.CRYP_AES_CCM) refers to stm32f4xx_cryp.o(i.CRYP_FIFOFlush) for CRYP_FIFOFlush
[...]
    .text                                    0x080004f8   Section        0  _printf_char_common.o(.text)
    _printf_input_char                       0x080004f9   Thumb Code    10  _printf_char_common.o(.text)
    .text                                    0x08000528   Section        0  _sputc.o(.text)
    .text                                    0x08000532   Section        0  _snputc.o(.text)
    .text                                    0x08000544   Section        0  _printf_wctomb.o(.text)
    .text                                    0x08000600   Section        0  _printf_longlong_dec.o(.text)
    .text                                    0x0800067c   Section        0  _printf_oct_int_ll.o(.text)
    _printf_longlong_oct_internal            0x0800067d   Thumb Code     0  _printf_oct_int_ll.o(.text)
    .text                                    0x080006ec   Section        0  _printf_hex_int_ll_ptr.o(.text)
    _printf_hex_common                       0x080006ed   Thumb Code     0  _printf_hex_int_ll_ptr.o(.text)
    .text                                    0x08000780   Section        0  __printf_flags_ss_wp.o(.text)
    .text                                    0x08000908   Section      138  lludiv10.o(.text)
    .text                                    0x08000992   Section        0  _printf_intcommon.o(.text)
    .text                                    0x08000a44   Section        0  _printf_fp_dec.o(.text)
    _fp_digits                               0x08000a47   Thumb Code   432  _printf_fp_dec.o(.text)
    .text                                    0x08000e64   Section        0  _printf_fp_hex.o(.text)
    .text                                    0x08001160   Section        0  _printf_char.o(.text)
    .text                                    0x0800118c   Section        0  _printf_wchar.o(.text)
    .text                                    0x080011b8   Section        0  _wcrtomb.o(.text)
    .text                                    0x080011f8   Section       74  sys_stackheap_outer.o(.text)
    .text                                    0x08001244   Section       16  rt_ctype_table.o(.text)
    .text                                    0x08001254   Section        8  rt_locale_intlibspace.o(.text)
    .text                                    0x0800125c   Section        0  _printf_fp_infnan.o(.text)
    .text                                    0x080012dc   Section        0  bigflt0.o(.text)
    .text                                    0x080013c0   Section        0  exit.o(.text)
    .text                                    0x080013d4   Section        8  libspace.o(.text)
    .text                                    0x080013dc   Section      128  strcmpv7m.o(.text)
    .text                                    0x0800145c   Section        0  sys_exit.o(.text)
    .text                                    0x08001468   Section        2  use_no_semi.o(.text)
    .text                                    0x0800146a   Section        0  indicate_semi.o(.text)
    CL$$btod_d2e                             0x0800146a   Section       62  btod.o(CL$$btod_d2e)
    CL$$btod_d2e_denorm_low                  0x080014a8   Section       70  btod.o(CL$$btod_d2e_denorm_low)
    CL$$btod_d2e_norm_op1                    0x080014ee   Section       96  btod.o(CL$$btod_d2e_norm_op1)
    CL$$btod_div_common                      0x0800154e   Section      824  btod.o(CL$$btod_div_common)
    CL$$btod_e2e                             0x08001886   Section      220  btod.o(CL$$btod_e2e)
    CL$$btod_ediv                            0x08001962   Section       42  btod.o(CL$$btod_ediv)
    CL$$btod_emul                            0x0800198c   Section       42  btod.o(CL$$btod_emul)
    CL$$btod_mult_common                     0x080019b6   Section      580  btod.o(CL$$btod_mult_common)
    i.FLASH_EraseSector                      0x08001bfc   Section        0  stm32f4xx_flash.o(i.FLASH_EraseSector)
    i.FLASH_GetFlagStatus                    0x08001c6c   Section        0  stm32f4xx_flash.o(i.FLASH_GetFlagStatus)
    i.FLASH_GetStatus                        0x08001c80   Section        0  stm32f4xx_flash.o(i.FLASH_GetStatus)
    i.FLASH_Lock                             0x08001cbc   Section        0  stm32f4xx_flash.o(i.FLASH_Lock)
    i.FLASH_ProgramWord                      0x08001ccc   Section        0  stm32f4xx_flash.o(i.FLASH_ProgramWord)
    i.FLASH_Unlock                           0x08001d08   Section        0  stm32f4xx_flash.o(i.FLASH_Unlock)
    i.FLASH_WaitForLastOperation             0x08001d2c   Section        0  stm32f4xx_flash.o(i.FLASH_WaitForLastOperation)
    i.GPIO_Init                              0x08001d4e   Section        0  stm32f4xx_gpio.o(i.GPIO_Init)
    i.GPIO_PinAFConfig                       0x08001dca   Section        0  stm32f4xx_gpio.o(i.GPIO_PinAFConfig)
    i.GPIO_ReadInputDataBit                  0x08001dea   Section        0  stm32f4xx_gpio.o(i.GPIO_ReadInputDataBit)
    i.GPIO_WriteBit                          0x08001df8   Section        0  stm32f4xx_gpio.o(i.GPIO_WriteBit)
    i.NVIC_Init                              0x08001e08   Section        0  misc.o(i.NVIC_Init)
    i.NVIC_SystemReset                       0x08001e70   Section        0  bootloader.o(i.NVIC_SystemReset)
    NVIC_SystemReset                         0x08001e71   Thumb Code    26  bootloader.o(i.NVIC_SystemReset)
    i.RCC_AHB1PeriphClockCmd                 0x08001e94   Section        0  stm32f4xx_rcc.o(i.RCC_AHB1PeriphClockCmd)
    i.RCC_APB1PeriphClockCmd                 0x08001eb0   Section        0  stm32f4xx_rcc.o(i.RCC_APB1PeriphClockCmd)
    i.RCC_APB2PeriphClockCmd                 0x08001ecc   Section        0  stm32f4xx_rcc.o(i.RCC_APB2PeriphClockCmd)
    i.RCC_GetClocksFreq                      0x08001ee8   Section        0  stm32f4xx_rcc.o(i.RCC_GetClocksFreq)
    i.SetSysClock                            0x08001f88   Section        0  system_stm32f4xx.o(i.SetSysClock)
    SetSysClock                              0x08001f89   Thumb Code   168  system_stm32f4xx.o(i.SetSysClock)
    i.SysTick_Handler                        0x08002040   Section        0  utils.o(i.SysTick_Handler)
    i.SystemInit                             0x08002050   Section        0  system_stm32f4xx.o(i.SystemInit)
    i.USART1_IRQHandler                      0x080020ac   Section        0  bl_uart.o(i.USART1_IRQHandler)
    i.USART2_IRQHandler                      0x080020e0   Section        0  bl_uart.o(i.USART2_IRQHandler)
    i.USART_Cmd                              0x08002108   Section        0  stm32f4xx_usart.o(i.USART_Cmd)
    i.USART_GetFlagStatus                    0x08002120   Section        0  stm32f4xx_usart.o(i.USART_GetFlagStatus)
    i.USART_GetITStatus                      0x0800212e   Section        0  stm32f4xx_usart.o(i.USART_GetITStatus)
    i.USART_ITConfig                         0x0800216e   Section        0  stm32f4xx_usart.o(i.USART_ITConfig)
    i.USART_Init                             0x080021a4   Section        0  stm32f4xx_usart.o(i.USART_Init)
    i.USART_ReceiveData                      0x08002260   Section        0  stm32f4xx_usart.o(i.USART_ReceiveData)
    i.USART_SendData                         0x08002268   Section        0  stm32f4xx_usart.o(i.USART_SendData)
    i.__ARM_fpclassify                       0x08002270   Section        0  fpclassify.o(i.__ARM_fpclassify)
    i._is_digit                              0x080022a0   Section        0  __printf_wp.o(i._is_digit)
    i.arginfo_read                           0x080022b0   Section        0  arginfo.o(i.arginfo_read)
    i.bl_delay_init                          0x080022d8   Section        0  utils.o(i.bl_delay_init)
    i.bl_delay_ms                            0x0800230c   Section        0  utils.o(i.bl_delay_ms)
    i.bl_flash_erase                         0x08002320   Section        0  norflash.o(i.bl_flash_erase)
    i.bl_flash_lock                          0x080023c4   Section        0  norflash.o(i.bl_flash_lock)
    i.bl_flash_unlock                        0x080023c8   Section        0  norflash.o(i.bl_flash_unlock)
    i.bl_flash_write_word                    0x080023cc   Section        0  norflash.o(i.bl_flash_write_word)
    i.bl_fullpkt_handler                     0x08002420   Section        0  bootloader.o(i.bl_fullpkt_handler)
    bl_fullpkt_handler                       0x08002421   Thumb Code   120  bootloader.o(i.bl_fullpkt_handler)
    i.bl_lowlevel_deinit                     0x08002498   Section        0  board.o(i.bl_lowlevel_deinit)
    i.bl_now                                 0x080024a8   Section        0  utils.o(i.bl_now)
    i.bl_op_boot_handler                     0x080024b4   Section        0  bootloader.o(i.bl_op_boot_handler)
    bl_op_boot_handler                       0x080024b5   Thumb Code    16  bootloader.o(i.bl_op_boot_handler)
    i.bl_op_erase_handler                    0x080024d4   Section        0  bootloader.o(i.bl_op_erase_handler)
    bl_op_erase_handler                      0x080024d5   Thumb Code    64  bootloader.o(i.bl_op_erase_handler)
    i.bl_op_inquiry_handler                  0x08002564   Section        0  bootloader.o(i.bl_op_inquiry_handler)
    bl_op_inquiry_handler                    0x08002565   Thumb Code   104  bootloader.o(i.bl_op_inquiry_handler)
    i.bl_op_read_handler                     0x08002640   Section        0  bootloader.o(i.bl_op_read_handler)
    bl_op_read_handler                       0x08002641   Thumb Code     2  bootloader.o(i.bl_op_read_handler)
    i.bl_op_reset_handler                    0x08002644   Section        0  bootloader.o(i.bl_op_reset_handler)
    bl_op_reset_handler                      0x08002645   Thumb Code    10  bootloader.o(i.bl_op_reset_handler)
    i.bl_op_verify_handler                   0x08002660   Section        0  bootloader.o(i.bl_op_verify_handler)
    bl_op_verify_handler                     0x08002661   Thumb Code    64  bootloader.o(i.bl_op_verify_handler)
    i.bl_op_write_handler                    0x080026e0   Section        0  bootloader.o(i.bl_op_write_handler)
    bl_op_write_handler                      0x080026e1   Thumb Code    58  bootloader.o(i.bl_op_write_handler)
    i.bl_pkt_verify                          0x0800275c   Section        0  bootloader.o(i.bl_pkt_verify)
    i.bl_reset_sm                            0x08002796   Section        0  bootloader.o(i.bl_reset_sm)
    bl_reset_sm                              0x08002797   Thumb Code    16  bootloader.o(i.bl_reset_sm)
    i.bl_response                            0x080027a6   Section        0  bootloader.o(i.bl_response)
    bl_response                              0x080027a7   Thumb Code   102  bootloader.o(i.bl_response)
    i.bl_response_ack                        0x0800280c   Section        0  bootloader.o(i.bl_response_ack)
    bl_response_ack                          0x0800280d   Thumb Code    12  bootloader.o(i.bl_response_ack)
    i.bl_uart2_write_data                    0x08002818   Section        0  bl_uart.o(i.bl_uart2_write_data)
    i.bl_uart_deinit                         0x08002854   Section        0  bl_uart.o(i.bl_uart_deinit)
    i.bl_uart_init                           0x08002874   Section        0  bl_uart.o(i.bl_uart_init)
    i.bl_uart_printf                         0x08002998   Section        0  bl_uart.o(i.bl_uart_printf)
    i.bl_uart_recv_callback_register         0x080029b8   Section        0  bl_uart.o(i.bl_uart_recv_callback_register)
    i.bl_uart_recv_handler                   0x080029c4   Section        0  bootloader.o(i.bl_uart_recv_handler)
    i.bl_uart_recv_temp_store                0x08002b5c   Section        0  bootloader.o(i.bl_uart_recv_temp_store)
    bl_uart_recv_temp_store                  0x08002b5d   Thumb Code    16  bootloader.o(i.bl_uart_recv_temp_store)
    i.bl_uart_write_data                     0x08002b70   Section        0  bl_uart.o(i.bl_uart_write_data)
    i.bl_uart_write_string                   0x08002bac   Section        0  bl_uart.o(i.bl_uart_write_string)
    i.board_lowlevel_init                    0x08002bc2   Section        0  board.o(i.board_lowlevel_init)
    i.boot_application                       0x08002bf0   Section        0  bootloader.o(i.boot_application)
    i.bootlader_main                         0x08002c34   Section        0  bootloader.o(i.bootlader_main)
    i.button_init                            0x08002d88   Section        0  button.o(i.button_init)
    i.button_is_pressed                      0x08002db0   Section        0  button.o(i.button_is_pressed)
    i.check_button                           0x08002dc8   Section        0  main.o(i.check_button)
    check_button                             0x08002dc9   Thumb Code    48  main.o(i.check_button)
    i.crc32_for_byte                         0x08002df8   Section        0  crc32.o(i.crc32_for_byte)
    crc32_for_byte                           0x08002df9   Thumb Code    30  crc32.o(i.crc32_for_byte)
    i.crc32_init                             0x08002e1c   Section        0  crc32.o(i.crc32_init)
    i.crc32_update                           0x08002e44   Section        0  crc32.o(i.crc32_update)
    i.key_is_pressed                         0x08002e84   Section        0  button.o(i.key_is_pressed)
    i.led_init                               0x08002e9c   Section        0  led.o(i.led_init)
    i.led_set                                0x08002ed0   Section        0  led.o(i.led_set)
    i.main                                   0x08002ef0   Section        0  main.o(i.main)
    i.rb8_get                                0x08002fb4   Section        0  ringbuffer.o(i.rb8_get)
    i.rb8_gets                               0x08002fdc   Section        0  ringbuffer.o(i.rb8_gets)
    i.rb8_is_empty                           0x08003000   Section        0  ringbuffer.o(i.rb8_is_empty)
    i.rb8_is_full                            0x0800300e   Section        0  ringbuffer.o(i.rb8_is_full)
    i.rb8_new                                0x08003026   Section        0  ringbuffer.o(i.rb8_new)
    i.rb8_next_head                          0x0800302c   Section        0  ringbuffer.o(i.rb8_next_head)
    i.rb8_next_tail                          0x08003040   Section        0  ringbuffer.o(i.rb8_next_tail)
    i.rb8_put                                0x08003054   Section        0  ringbuffer.o(i.rb8_put)
    i.rb8_puts                               0x0800307a   Section        0  ringbuffer.o(i.rb8_puts)
    i.verify_application                     0x080030a0   Section        0  bootloader.o(i.verify_application)
    i.wait_release                           0x08003100   Section        0  main.o(i.wait_release)
    wait_release                             0x08003101   Thumb Code    20  main.o(i.wait_release)
    locale$$code                             0x08003114   Section       44  lc_numeric_c.o(locale$$code)
    locale$$code                             0x08003140   Section       44  lc_ctype_c.o(locale$$code)
    x$fpl$fpinit                             0x0800316c   Section       10  fpinit.o(x$fpl$fpinit)
    $v0                                      0x0800316c   Number         0  fpinit.o(x$fpl$fpinit)
    x$fpl$printf1                            0x08003176   Section        4  printf1.o(x$fpl$printf1)
    $v0                                      0x08003176   Number         0  printf1.o(x$fpl$printf1)
    x$fpl$printf2                            0x0800317a   Section        4  printf2.o(x$fpl$printf2)
    $v0                                      0x0800317a   Number         0  printf2.o(x$fpl$printf2)
    x$fpl$usenofp                            0x0800317e   Section        0  usenofp.o(x$fpl$usenofp)
    .constdata                               0x08003180   Section        8  _printf_wctomb.o(.constdata)
    initial_mbstate                          0x08003180   Data           8  _printf_wctomb.o(.constdata)
    .constdata                               0x08003188   Section       40  _printf_hex_int_ll_ptr.o(.constdata)
    uc_hextab                                0x08003188   Data          20  _printf_hex_int_ll_ptr.o(.constdata)
    lc_hextab                                0x0800319c   Data          20  _printf_hex_int_ll_ptr.o(.constdata)
    .constdata                               0x080031b0   Section       17  __printf_flags_ss_wp.o(.constdata)
    maptable                                 0x080031b0   Data          17  __printf_flags_ss_wp.o(.constdata)
    .constdata                               0x080031c1   Section       38  _printf_fp_hex.o(.constdata)
    lc_hextab                                0x080031c1   Data          19  _printf_fp_hex.o(.constdata)
    uc_hextab                                0x080031d4   Data          19  _printf_fp_hex.o(.constdata)
    .constdata                               0x080031e8   Section      148  bigflt0.o(.constdata)
    tenpwrs_x                                0x080031e8   Data          60  bigflt0.o(.constdata)
    tenpwrs_i                                0x08003224   Data          64  bigflt0.o(.constdata)
    locale$$data                             0x0800329c   Section       28  lc_numeric_c.o(locale$$data)
    __lcnum_c_name                           0x080032a0   Data           2  lc_numeric_c.o(locale$$data)
    __lcnum_c_start                          0x080032a8   Data           0  lc_numeric_c.o(locale$$data)
    __lcnum_c_point                          0x080032b4   Data           0  lc_numeric_c.o(locale$$data)
    __lcnum_c_thousands                      0x080032b6   Data           0  lc_numeric_c.o(locale$$data)
    __lcnum_c_grouping                       0x080032b7   Data           0  lc_numeric_c.o(locale$$data)
    locale$$data                             0x080032b8   Section      272  lc_ctype_c.o(locale$$data)
    __lcnum_c_end                            0x080032b8   Data           0  lc_numeric_c.o(locale$$data)
    __lcctype_c_name                         0x080032bc   Data           2  lc_ctype_c.o(locale$$data)
    __lcctype_c_start                        0x080032c4   Data           0  lc_ctype_c.o(locale$$data)
    __lcctype_c_end                          0x080033c8   Data           0  lc_ctype_c.o(locale$$data)
    .data                                    0x20000000   Section       20  system_stm32f4xx.o(.data)
    .data                                    0x20000014   Section       16  stm32f4xx_rcc.o(.data)
    APBAHBPrescTable                         0x20000014   Data          16  stm32f4xx_rcc.o(.data)
    .data                                    0x20000024   Section        4  bl_uart.o(.data)
    .data                                    0x20000028   Section       16  bootloader.o(.data)
    last_pkt_time                            0x20000028   Data           4  bootloader.o(.data)
    main_enter_time                          0x2000002c   Data           4  bootloader.o(.data)
    last_passed_time                         0x20000030   Data           4  bootloader.o(.data)
    serial_rx                                0x20000034   Data           4  bootloader.o(.data)
    .data                                    0x20000038   Section       96  norflash.o(.data)
    bl_flash_desc                            0x20000038   Data          96  norflash.o(.data)
    .data                                    0x20000098   Section        4  utils.o(.data)
    ticks                                    0x20000098   Data           4  utils.o(.data)
    .data                                    0x2000009c   Section        1  crc32.o(.data)
    inited                                   0x2000009c   Data           1  crc32.o(.data)
    .bss                                     0x200000a0   Section     4648  bootloader.o(.bss)
    bl_uart_buffer                           0x200000a0   Data         512  bootloader.o(.bss)
    .bss                                     0x200012c8   Section     1024  crc32.o(.bss)
    crc32_table                              0x200012c8   Data        1024  crc32.o(.bss)
    .bss                                     0x200016c8   Section       96  libspace.o(.bss)
    HEAP                                     0x20001728   Section      512  startup_stm32f40_41xxx.o(HEAP)
    Heap_Mem                                 0x20001728   Data         512  startup_stm32f40_41xxx.o(HEAP)
    STACK                                    0x20001928   Section     1024  startup_stm32f40_41xxx.o(STACK)
    Stack_Mem                                0x20001928   Data        1024  startup_stm32f40_41xxx.o(STACK)
    __initial_sp                             0x20001d28   Data           0  startup_stm32f40_41xxx.o(STACK)

    Global Symbols

    Symbol Name                              Value     Ov Type        Size  Object(Section)

    BuildAttributes$$THM_ISAv4$E$P$D$K$B$S$7EM$VFPi3$EXTD16$VFPS$VFMA$PE$A:L22UL41UL21$X:L11$S22US41US21$IEEE1$IW$USESV6$~STKCKD$USESV7$~SHL$OTIME$ROPI$IEEEJ$EBA8$UX$STANDARDLIB$REQ8$PRES8$EABIv2 0x00000000   Number         0  anon$$obj.o ABSOLUTE
    __ARM_use_no_argv                        0x00000000   Number         0  main.o ABSOLUTE
    _printf_flags                            0x00000000   Number         0  printf_stubs.o ABSOLUTE
    _printf_return_value                     0x00000000   Number         0  printf_stubs.o ABSOLUTE
    _printf_sizespec                         0x00000000   Number         0  printf_stubs.o ABSOLUTE
    _printf_widthprec                        0x00000000   Number         0  printf_stubs.o ABSOLUTE
    __ARM_exceptions_init                     - Undefined Weak Reference
    __alloca_initialize                       - Undefined Weak Reference
    __arm_fini_                               - Undefined Weak Reference
    __arm_preinit_                            - Undefined Weak Reference
    __cpp_initialize__aeabi_                  - Undefined Weak Reference
    __cxa_finalize                            - Undefined Weak Reference
    __sigvec_lookup                           - Undefined Weak Reference
    _atexit_init                              - Undefined Weak Reference
    _call_atexit_fns                          - Undefined Weak Reference
    _clock_init                               - Undefined Weak Reference
    _fp_trap_init                             - Undefined Weak Reference
    _fp_trap_shutdown                         - Undefined Weak Reference
    _get_lc_collate                           - Undefined Weak Reference
    _get_lc_monetary                          - Undefined Weak Reference
    _get_lc_time                              - Undefined Weak Reference
    _getenv_init                              - Undefined Weak Reference
    _handle_redirection                       - Undefined Weak Reference
    _init_alloc                               - Undefined Weak Reference
    _init_user_alloc                          - Undefined Weak Reference
    _initio                                   - Undefined Weak Reference
    _printf_mbtowc                            - Undefined Weak Reference
    _printf_wc                                - Undefined Weak Reference
    _rand_init                                - Undefined Weak Reference
    _signal_finish                            - Undefined Weak Reference
    _signal_init                              - Undefined Weak Reference
    _terminate_alloc                          - Undefined Weak Reference
    _terminate_user_alloc                     - Undefined Weak Reference
    _terminateio                              - Undefined Weak Reference
    __Vectors_Size                           0x00000188   Number         0  startup_stm32f40_41xxx.o ABSOLUTE
    __Vectors                                0x08000000   Data           4  startup_stm32f40_41xxx.o(RESET)
    __Vectors_End                            0x08000188   Data           0  startup_stm32f40_41xxx.o(RESET)
    __main                                   0x08000189   Thumb Code     8  __main.o(!!!main)
    __scatterload                            0x08000191   Thumb Code     0  __scatter.o(!!!scatter)
    __scatterload_rt2                        0x08000191   Thumb Code    44  __scatter.o(!!!scatter)
    __scatterload_rt2_thumb_only             0x08000191   Thumb Code     0  __scatter.o(!!!scatter)
    __scatterload_null                       0x0800019f   Thumb Code     0  __scatter.o(!!!scatter)
    __scatterload_copy                       0x080001c5   Thumb Code    26  __scatter_copy.o(!!handler_copy)
    __scatterload_zeroinit                   0x080001e1   Thumb Code    28  __scatter_zi.o(!!handler_zi)
    _printf_n                                0x080001fd   Thumb Code     0  _printf_n.o(.ARM.Collect$$_printf_percent$$00000001)
    _printf_percent                          0x080001fd   Thumb Code     0  _printf_percent.o(.ARM.Collect$$_printf_percent$$00000000)
    _printf_p                                0x08000203   Thumb Code     0  _printf_p.o(.ARM.Collect$$_printf_percent$$00000002)
    _printf_f                                0x08000209   Thumb Code     0  _printf_f.o(.ARM.Collect$$_printf_percent$$00000003)
    _printf_e                                0x0800020f   Thumb Code     0  _printf_e.o(.ARM.Collect$$_printf_percent$$00000004)
    _printf_g                                0x08000215   Thumb Code     0  _printf_g.o(.ARM.Collect$$_printf_percent$$00000005)
    _printf_a                                0x0800021b   Thumb Code     0  _printf_a.o(.ARM.Collect$$_printf_percent$$00000006)
    _printf_ll                               0x08000221   Thumb Code     0  _printf_ll.o(.ARM.Collect$$_printf_percent$$00000007)
    _printf_i                                0x0800022b   Thumb Code     0  _printf_i.o(.ARM.Collect$$_printf_percent$$00000008)
    _printf_d                                0x08000231   Thumb Code     0  _printf_d.o(.ARM.Collect$$_printf_percent$$00000009)
    _printf_u                                0x08000237   Thumb Code     0  _printf_u.o(.ARM.Collect$$_printf_percent$$0000000A)
    _printf_o                                0x0800023d   Thumb Code     0  _printf_o.o(.ARM.Collect$$_printf_percent$$0000000B)
    _printf_x                                0x08000243   Thumb Code     0  _printf_x.o(.ARM.Collect$$_printf_percent$$0000000C)
    _printf_lli                              0x08000249   Thumb Code     0  _printf_lli.o(.ARM.Collect$$_printf_percent$$0000000D)
    _printf_lld                              0x0800024f   Thumb Code     0  _printf_lld.o(.ARM.Collect$$_printf_percent$$0000000E)
    _printf_llu                              0x08000255   Thumb Code     0  _printf_llu.o(.ARM.Collect$$_printf_percent$$0000000F)
    _printf_llo                              0x0800025b   Thumb Code     0  _printf_llo.o(.ARM.Collect$$_printf_percent$$00000010)
    _printf_llx                              0x08000261   Thumb Code     0  _printf_llx.o(.ARM.Collect$$_printf_percent$$00000011)
    _printf_l                                0x08000267   Thumb Code     0  _printf_l.o(.ARM.Collect$$_printf_percent$$00000012)
    _printf_c                                0x08000271   Thumb Code     0  _printf_c.o(.ARM.Collect$$_printf_percent$$00000013)
    _printf_s                                0x08000277   Thumb Code     0  _printf_s.o(.ARM.Collect$$_printf_percent$$00000014)
    _printf_lc                               0x0800027d   Thumb Code     0  _printf_lc.o(.ARM.Collect$$_printf_percent$$00000015)
    _printf_ls                               0x08000283   Thumb Code     0  _printf_ls.o(.ARM.Collect$$_printf_percent$$00000016)
    _printf_percent_end                      0x08000289   Thumb Code     0  _printf_percent_end.o(.ARM.Collect$$_printf_percent$$00000017)
    __rt_lib_init                            0x0800028d   Thumb Code     0  libinit.o(.ARM.Collect$$libinit$$00000000)
    __rt_lib_init_fp_1                       0x0800028f   Thumb Code     0  libinit2.o(.ARM.Collect$$libinit$$00000001)
    __rt_lib_init_heap_1                     0x08000293   Thumb Code     0  libinit2.o(.ARM.Collect$$libinit$$0000000A)
    __rt_lib_init_lc_common                  0x08000293   Thumb Code     0  libinit2.o(.ARM.Collect$$libinit$$0000000F)
    __rt_lib_init_preinit_1                  0x08000293   Thumb Code     0  libinit2.o(.ARM.Collect$$libinit$$00000004)
    __rt_lib_init_rand_1                     0x08000293   Thumb Code     0  libinit2.o(.ARM.Collect$$libinit$$0000000E)
    __rt_lib_init_user_alloc_1               0x08000293   Thumb Code     0  libinit2.o(.ARM.Collect$$libinit$$0000000C)
    __rt_lib_init_lc_collate_1               0x08000299   Thumb Code     0  libinit2.o(.ARM.Collect$$libinit$$00000011)
    __rt_lib_init_lc_ctype_2                 0x08000299   Thumb Code     0  libinit2.o(.ARM.Collect$$libinit$$00000012)
    __rt_lib_init_lc_ctype_1                 0x080002a5   Thumb Code     0  libinit2.o(.ARM.Collect$$libinit$$00000013)
    __rt_lib_init_lc_monetary_1              0x080002a5   Thumb Code     0  libinit2.o(.ARM.Collect$$libinit$$00000015)
    __rt_lib_init_lc_numeric_2               0x080002a5   Thumb Code     0  libinit2.o(.ARM.Collect$$libinit$$00000016)
    __rt_lib_init_alloca_1                   0x080002af   Thumb Code     0  libinit2.o(.ARM.Collect$$libinit$$0000002E)
    __rt_lib_init_argv_1                     0x080002af   Thumb Code     0  libinit2.o(.ARM.Collect$$libinit$$0000002C)
    __rt_lib_init_atexit_1                   0x080002af   Thumb Code     0  libinit2.o(.ARM.Collect$$libinit$$0000001B)
    __rt_lib_init_clock_1                    0x080002af   Thumb Code     0  libinit2.o(.ARM.Collect$$libinit$$00000021)
    __rt_lib_init_cpp_1                      0x080002af   Thumb Code     0  libinit2.o(.ARM.Collect$$libinit$$00000032)
    __rt_lib_init_exceptions_1               0x080002af   Thumb Code     0  libinit2.o(.ARM.Collect$$libinit$$00000030)
    __rt_lib_init_fp_trap_1                  0x080002af   Thumb Code     0  libinit2.o(.ARM.Collect$$libinit$$0000001F)
    __rt_lib_init_getenv_1                   0x080002af   Thumb Code     0  libinit2.o(.ARM.Collect$$libinit$$00000023)
    __rt_lib_init_lc_numeric_1               0x080002af   Thumb Code     0  libinit2.o(.ARM.Collect$$libinit$$00000017)
    __rt_lib_init_lc_time_1                  0x080002af   Thumb Code     0  libinit2.o(.ARM.Collect$$libinit$$00000019)
    __rt_lib_init_return                     0x080002af   Thumb Code     0  libinit2.o(.ARM.Collect$$libinit$$00000033)
    __rt_lib_init_signal_1                   0x080002af   Thumb Code     0  libinit2.o(.ARM.Collect$$libinit$$0000001D)
    __rt_lib_init_stdio_1                    0x080002af   Thumb Code     0  libinit2.o(.ARM.Collect$$libinit$$00000025)
    __rt_lib_shutdown                        0x080002b1   Thumb Code     0  libshutdown.o(.ARM.Collect$$libshutdown$$00000000)
    __rt_lib_shutdown_cpp_1                  0x080002b3   Thumb Code     0  libshutdown2.o(.ARM.Collect$$libshutdown$$00000004)
    __rt_lib_shutdown_fini_1                 0x080002b3   Thumb Code     0  libshutdown2.o(.ARM.Collect$$libshutdown$$00000002)
    __rt_lib_shutdown_fp_trap_1              0x080002b3   Thumb Code     0  libshutdown2.o(.ARM.Collect$$libshutdown$$00000009)
    __rt_lib_shutdown_heap_1                 0x080002b3   Thumb Code     0  libshutdown2.o(.ARM.Collect$$libshutdown$$00000011)
    __rt_lib_shutdown_return                 0x080002b3   Thumb Code     0  libshutdown2.o(.ARM.Collect$$libshutdown$$00000012)
    __rt_lib_shutdown_signal_1               0x080002b3   Thumb Code     0  libshutdown2.o(.ARM.Collect$$libshutdown$$0000000C)
    __rt_lib_shutdown_stdio_1                0x080002b3   Thumb Code     0  libshutdown2.o(.ARM.Collect$$libshutdown$$00000006)
    __rt_lib_shutdown_user_alloc_1           0x080002b3   Thumb Code     0  libshutdown2.o(.ARM.Collect$$libshutdown$$0000000E)
    __rt_entry                               0x080002b5   Thumb Code     0  __rtentry.o(.ARM.Collect$$rtentry$$00000000)
    __rt_entry_presh_1                       0x080002b5   Thumb Code     0  __rtentry2.o(.ARM.Collect$$rtentry$$00000002)
    __rt_entry_sh                            0x080002b5   Thumb Code     0  __rtentry4.o(.ARM.Collect$$rtentry$$00000004)
    __rt_entry_li                            0x080002bb   Thumb Code     0  __rtentry2.o(.ARM.Collect$$rtentry$$0000000A)
    __rt_entry_postsh_1                      0x080002bb   Thumb Code     0  __rtentry2.o(.ARM.Collect$$rtentry$$00000009)
    __rt_entry_main                          0x080002bf   Thumb Code     0  __rtentry2.o(.ARM.Collect$$rtentry$$0000000D)
    __rt_entry_postli_1                      0x080002bf   Thumb Code     0  __rtentry2.o(.ARM.Collect$$rtentry$$0000000C)
    __rt_exit                                0x080002c7   Thumb Code     0  rtexit.o(.ARM.Collect$$rtexit$$00000000)
    __rt_exit_ls                             0x080002c9   Thumb Code     0  rtexit2.o(.ARM.Collect$$rtexit$$00000003)
    __rt_exit_prels_1                        0x080002c9   Thumb Code     0  rtexit2.o(.ARM.Collect$$rtexit$$00000002)
    __rt_exit_exit                           0x080002cd   Thumb Code     0  rtexit2.o(.ARM.Collect$$rtexit$$00000004)
    JUMP_APP                                 0x080002d5   Thumb Code     8  startup_stm32f40_41xxx.o(.text)
    Reset_Handler                            0x080002dd   Thumb Code     8  startup_stm32f40_41xxx.o(.text)
    NMI_Handler                              0x080002e5   Thumb Code     2  startup_stm32f40_41xxx.o(.text)
    HardFault_Handler                        0x080002e7   Thumb Code     2  startup_stm32f40_41xxx.o(.text)
    MemManage_Handler                        0x080002e9   Thumb Code     2  startup_stm32f40_41xxx.o(.text)
    BusFault_Handler                         0x080002eb   Thumb Code     2  startup_stm32f40_41xxx.o(.text)
    UsageFault_Handler                       0x080002ed   Thumb Code     2  startup_stm32f40_41xxx.o(.text)
    SVC_Handler                              0x080002ef   Thumb Code     2  startup_stm32f40_41xxx.o(.text)
    DebugMon_Handler                         0x080002f1   Thumb Code     2  startup_stm32f40_41xxx.o(.text)
    PendSV_Handler                           0x080002f3   Thumb Code     2  startup_stm32f40_41xxx.o(.text)
    ADC_IRQHandler                           0x080002f7   Thumb Code     0  startup_stm32f40_41xxx.o(.text)
    CAN1_RX0_IRQHandler                      0x080002f7   Thumb Code     0  startup_stm32f40_41xxx.o(.text)
    CAN1_RX1_IRQHandler                      0x080002f7   Thumb Code     0  startup_stm32f40_41xxx.o(.text)
    CAN1_SCE_IRQHandler                      0x080002f7   Thumb Code     0  startup_stm32f40_41xxx.o(.text)
    CAN1_TX_IRQHandler                       0x080002f7   Thumb Code     0  startup_stm32f40_41xxx.o(.text)
    CAN2_RX0_IRQHandler                      0x080002f7   Thumb Code     0  startup_stm32f40_41xxx.o(.text)
    CAN2_RX1_IRQHandler                      0x080002f7   Thumb Code     0  startup_stm32f40_41xxx.o(.text)
    CAN2_SCE_IRQHandler                      0x080002f7   Thumb Code     0  startup_stm32f40_41xxx.o(.text)
    CAN2_TX_IRQHandler                       0x080002f7   Thumb Code     0  startup_stm32f40_41xxx.o(.text)
    CRYP_IRQHandler                          0x080002f7   Thumb Code     0  startup_stm32f40_41xxx.o(.text)
    DCMI_IRQHandler                          0x080002f7   Thumb Code     0  startup_stm32f40_41xxx.o(.text)
    DMA1_Stream0_IRQHandler                  0x080002f7   Thumb Code     0  startup_stm32f40_41xxx.o(.text)
    DMA1_Stream1_IRQHandler                  0x080002f7   Thumb Code     0  startup_stm32f40_41xxx.o(.text)
    DMA1_Stream2_IRQHandler                  0x080002f7   Thumb Code     0  startup_stm32f40_41xxx.o(.text)
    DMA1_Stream3_IRQHandler                  0x080002f7   Thumb Code     0  startup_stm32f40_41xxx.o(.text)
    DMA1_Stream4_IRQHandler                  0x080002f7   Thumb Code     0  startup_stm32f40_41xxx.o(.text)
    DMA1_Stream5_IRQHandler                  0x080002f7   Thumb Code     0  startup_stm32f40_41xxx.o(.text)
    DMA1_Stream6_IRQHandler                  0x080002f7   Thumb Code     0  startup_stm32f40_41xxx.o(.text)
    DMA1_Stream7_IRQHandler                  0x080002f7   Thumb Code     0  startup_stm32f40_41xxx.o(.text)
    DMA2_Stream0_IRQHandler                  0x080002f7   Thumb Code     0  startup_stm32f40_41xxx.o(.text)
    DMA2_Stream1_IRQHandler                  0x080002f7   Thumb Code     0  startup_stm32f40_41xxx.o(.text)
    DMA2_Stream2_IRQHandler                  0x080002f7   Thumb Code     0  startup_stm32f40_41xxx.o(.text)
    DMA2_Stream3_IRQHandler                  0x080002f7   Thumb Code     0  startup_stm32f40_41xxx.o(.text)
    DMA2_Stream4_IRQHandler                  0x080002f7   Thumb Code     0  startup_stm32f40_41xxx.o(.text)
    DMA2_Stream5_IRQHandler                  0x080002f7   Thumb Code     0  startup_stm32f40_41xxx.o(.text)
    DMA2_Stream6_IRQHandler                  0x080002f7   Thumb Code     0  startup_stm32f40_41xxx.o(.text)
    DMA2_Stream7_IRQHandler                  0x080002f7   Thumb Code     0  startup_stm32f40_41xxx.o(.text)
    ETH_IRQHandler                           0x080002f7   Thumb Code     0  startup_stm32f40_41xxx.o(.text)
    ETH_WKUP_IRQHandler                      0x080002f7   Thumb Code     0  startup_stm32f40_41xxx.o(.text)
    EXTI0_IRQHandler                         0x080002f7   Thumb Code     0  startup_stm32f40_41xxx.o(.text)
    EXTI15_10_IRQHandler                     0x080002f7   Thumb Code     0  startup_stm32f40_41xxx.o(.text)
    EXTI1_IRQHandler                         0x080002f7   Thumb Code     0  startup_stm32f40_41xxx.o(.text)
    EXTI2_IRQHandler                         0x080002f7   Thumb Code     0  startup_stm32f40_41xxx.o(.text)
    EXTI3_IRQHandler                         0x080002f7   Thumb Code     0  startup_stm32f40_41xxx.o(.text)
    EXTI4_IRQHandler                         0x080002f7   Thumb Code     0  startup_stm32f40_41xxx.o(.text)
    EXTI9_5_IRQHandler                       0x080002f7   Thumb Code     0  startup_stm32f40_41xxx.o(.text)
    FLASH_IRQHandler                         0x080002f7   Thumb Code     0  startup_stm32f40_41xxx.o(.text)
    FPU_IRQHandler                           0x080002f7   Thumb Code     0  startup_stm32f40_41xxx.o(.text)
    FSMC_IRQHandler                          0x080002f7   Thumb Code     0  startup_stm32f40_41xxx.o(.text)
    HASH_RNG_IRQHandler                      0x080002f7   Thumb Code     0  startup_stm32f40_41xxx.o(.text)
    I2C1_ER_IRQHandler                       0x080002f7   Thumb Code     0  startup_stm32f40_41xxx.o(.text)
    I2C1_EV_IRQHandler                       0x080002f7   Thumb Code     0  startup_stm32f40_41xxx.o(.text)
    I2C2_ER_IRQHandler                       0x080002f7   Thumb Code     0  startup_stm32f40_41xxx.o(.text)
    I2C2_EV_IRQHandler                       0x080002f7   Thumb Code     0  startup_stm32f40_41xxx.o(.text)
    I2C3_ER_IRQHandler                       0x080002f7   Thumb Code     0  startup_stm32f40_41xxx.o(.text)
    I2C3_EV_IRQHandler                       0x080002f7   Thumb Code     0  startup_stm32f40_41xxx.o(.text)
    OTG_FS_IRQHandler                        0x080002f7   Thumb Code     0  startup_stm32f40_41xxx.o(.text)
    OTG_FS_WKUP_IRQHandler                   0x080002f7   Thumb Code     0  startup_stm32f40_41xxx.o(.text)
    OTG_HS_EP1_IN_IRQHandler                 0x080002f7   Thumb Code     0  startup_stm32f40_41xxx.o(.text)
    OTG_HS_EP1_OUT_IRQHandler                0x080002f7   Thumb Code     0  startup_stm32f40_41xxx.o(.text)
    OTG_HS_IRQHandler                        0x080002f7   Thumb Code     0  startup_stm32f40_41xxx.o(.text)
    OTG_HS_WKUP_IRQHandler                   0x080002f7   Thumb Code     0  startup_stm32f40_41xxx.o(.text)
    PVD_IRQHandler                           0x080002f7   Thumb Code     0  startup_stm32f40_41xxx.o(.text)
    RCC_IRQHandler                           0x080002f7   Thumb Code     0  startup_stm32f40_41xxx.o(.text)
    RTC_Alarm_IRQHandler                     0x080002f7   Thumb Code     0  startup_stm32f40_41xxx.o(.text)
    RTC_WKUP_IRQHandler                      0x080002f7   Thumb Code     0  startup_stm32f40_41xxx.o(.text)
    SDIO_IRQHandler                          0x080002f7   Thumb Code     0  startup_stm32f40_41xxx.o(.text)
    SPI1_IRQHandler                          0x080002f7   Thumb Code     0  startup_stm32f40_41xxx.o(.text)
    SPI2_IRQHandler                          0x080002f7   Thumb Code     0  startup_stm32f40_41xxx.o(.text)
    SPI3_IRQHandler                          0x080002f7   Thumb Code     0  startup_stm32f40_41xxx.o(.text)
    TAMP_STAMP_IRQHandler                    0x080002f7   Thumb Code     0  startup_stm32f40_41xxx.o(.text)
    TIM1_BRK_TIM9_IRQHandler                 0x080002f7   Thumb Code     0  startup_stm32f40_41xxx.o(.text)
    TIM1_CC_IRQHandler                       0x080002f7   Thumb Code     0  startup_stm32f40_41xxx.o(.text)
    TIM1_TRG_COM_TIM11_IRQHandler            0x080002f7   Thumb Code     0  startup_stm32f40_41xxx.o(.text)
    TIM1_UP_TIM10_IRQHandler                 0x080002f7   Thumb Code     0  startup_stm32f40_41xxx.o(.text)
    TIM2_IRQHandler                          0x080002f7   Thumb Code     0  startup_stm32f40_41xxx.o(.text)
    TIM3_IRQHandler                          0x080002f7   Thumb Code     0  startup_stm32f40_41xxx.o(.text)
    TIM4_IRQHandler                          0x080002f7   Thumb Code     0  startup_stm32f40_41xxx.o(.text)
    TIM5_IRQHandler                          0x080002f7   Thumb Code     0  startup_stm32f40_41xxx.o(.text)
    TIM6_DAC_IRQHandler                      0x080002f7   Thumb Code     0  startup_stm32f40_41xxx.o(.text)
    TIM7_IRQHandler                          0x080002f7   Thumb Code     0  startup_stm32f40_41xxx.o(.text)
    TIM8_BRK_TIM12_IRQHandler                0x080002f7   Thumb Code     0  startup_stm32f40_41xxx.o(.text)
    TIM8_CC_IRQHandler                       0x080002f7   Thumb Code     0  startup_stm32f40_41xxx.o(.text)
    TIM8_TRG_COM_TIM14_IRQHandler            0x080002f7   Thumb Code     0  startup_stm32f40_41xxx.o(.text)
    TIM8_UP_TIM13_IRQHandler                 0x080002f7   Thumb Code     0  startup_stm32f40_41xxx.o(.text)
    UART4_IRQHandler                         0x080002f7   Thumb Code     0  startup_stm32f40_41xxx.o(.text)
    UART5_IRQHandler                         0x080002f7   Thumb Code     0  startup_stm32f40_41xxx.o(.text)
    USART3_IRQHandler                        0x080002f7   Thumb Code     0  startup_stm32f40_41xxx.o(.text)
    USART6_IRQHandler                        0x080002f7   Thumb Code     0  startup_stm32f40_41xxx.o(.text)
    WWDG_IRQHandler                          0x080002f7   Thumb Code     0  startup_stm32f40_41xxx.o(.text)
    __user_initial_stackheap                 0x080002f9   Thumb Code     0  startup_stm32f40_41xxx.o(.text)
    vsnprintf                                0x0800031d   Thumb Code    48  vsnprintf.o(.text)
    strlen                                   0x08000351   Thumb Code    62  strlen.o(.text)
    __use_two_region_memory                  0x0800038f   Thumb Code     2  heapauxi.o(.text)
    __rt_heap_escrow$2region                 0x08000391   Thumb Code     2  heapauxi.o(.text)
    __rt_heap_expand$2region                 0x08000393   Thumb Code     2  heapauxi.o(.text)
    _printf_pre_padding                      0x08000395   Thumb Code    44  _printf_pad.o(.text)
    _printf_post_padding                     0x080003c1   Thumb Code    34  _printf_pad.o(.text)
    _printf_truncate_signed                  0x080003e3   Thumb Code    18  _printf_truncate.o(.text)
    _printf_truncate_unsigned                0x080003f5   Thumb Code    18  _printf_truncate.o(.text)
    _printf_str                              0x08000407   Thumb Code    82  _printf_str.o(.text)
    _printf_int_dec                          0x08000459   Thumb Code   104  _printf_dec.o(.text)
    _printf_charcount                        0x080004d1   Thumb Code    40  _printf_charcount.o(.text)
    _printf_char_common                      0x08000503   Thumb Code    32  _printf_char_common.o(.text)
    _sputc                                   0x08000529   Thumb Code    10  _sputc.o(.text)
    _snputc                                  0x08000533   Thumb Code    16  _snputc.o(.text)
    _printf_wctomb                           0x08000545   Thumb Code   182  _printf_wctomb.o(.text)
    _printf_longlong_dec                     0x08000601   Thumb Code   108  _printf_longlong_dec.o(.text)
    _printf_longlong_oct                     0x0800067d   Thumb Code    66  _printf_oct_int_ll.o(.text)
    _printf_int_oct                          0x080006bf   Thumb Code    24  _printf_oct_int_ll.o(.text)
    _printf_ll_oct                           0x080006d7   Thumb Code    12  _printf_oct_int_ll.o(.text)
    _printf_longlong_hex                     0x080006ed   Thumb Code    86  _printf_hex_int_ll_ptr.o(.text)
    _printf_int_hex                          0x08000743   Thumb Code    28  _printf_hex_int_ll_ptr.o(.text)
    _printf_ll_hex                           0x0800075f   Thumb Code    12  _printf_hex_int_ll_ptr.o(.text)
    _printf_hex_ptr                          0x0800076b   Thumb Code    18  _printf_hex_int_ll_ptr.o(.text)
    __printf                                 0x08000781   Thumb Code   388  __printf_flags_ss_wp.o(.text)
    _ll_udiv10                               0x08000909   Thumb Code   138  lludiv10.o(.text)
    _printf_int_common                       0x08000993   Thumb Code   178  _printf_intcommon.o(.text)
    __lib_sel_fp_printf                      0x08000a45   Thumb Code     2  _printf_fp_dec.o(.text)
    _printf_fp_dec_real                      0x08000bf7   Thumb Code   620  _printf_fp_dec.o(.text)
    _printf_fp_hex_real                      0x08000e65   Thumb Code   756  _printf_fp_hex.o(.text)
    _printf_cs_common                        0x08001161   Thumb Code    20  _printf_char.o(.text)
    _printf_char                             0x08001175   Thumb Code    16  _printf_char.o(.text)
    _printf_string                           0x08001185   Thumb Code     8  _printf_char.o(.text)
    _printf_lcs_common                       0x0800118d   Thumb Code    20  _printf_wchar.o(.text)
    _printf_wchar                            0x080011a1   Thumb Code    16  _printf_wchar.o(.text)
    _printf_wstring                          0x080011b1   Thumb Code     8  _printf_wchar.o(.text)
    _wcrtomb                                 0x080011b9   Thumb Code    64  _wcrtomb.o(.text)
    __user_setup_stackheap                   0x080011f9   Thumb Code    74  sys_stackheap_outer.o(.text)
    __rt_ctype_table                         0x08001245   Thumb Code    16  rt_ctype_table.o(.text)
    __rt_locale                              0x08001255   Thumb Code     8  rt_locale_intlibspace.o(.text)
    _printf_fp_infnan                        0x0800125d   Thumb Code   112  _printf_fp_infnan.o(.text)
    _btod_etento                             0x080012dd   Thumb Code   224  bigflt0.o(.text)
    exit                                     0x080013c1   Thumb Code    18  exit.o(.text)
    __user_libspace                          0x080013d5   Thumb Code     8  libspace.o(.text)
    __user_perproc_libspace                  0x080013d5   Thumb Code     0  libspace.o(.text)
    __user_perthread_libspace                0x080013d5   Thumb Code     0  libspace.o(.text)
    strcmp                                   0x080013dd   Thumb Code   128  strcmpv7m.o(.text)
    _sys_exit                                0x0800145d   Thumb Code     8  sys_exit.o(.text)
    __I$use$semihosting                      0x08001469   Thumb Code     0  use_no_semi.o(.text)
    __use_no_semihosting_swi                 0x08001469   Thumb Code     2  use_no_semi.o(.text)
    __semihosting_library_function           0x0800146b   Thumb Code     0  indicate_semi.o(.text)
    _btod_d2e                                0x0800146b   Thumb Code    62  btod.o(CL$$btod_d2e)
    _d2e_denorm_low                          0x080014a9   Thumb Code    70  btod.o(CL$$btod_d2e_denorm_low)
    _d2e_norm_op1                            0x080014ef   Thumb Code    96  btod.o(CL$$btod_d2e_norm_op1)
    __btod_div_common                        0x0800154f   Thumb Code   696  btod.o(CL$$btod_div_common)
    _e2e                                     0x08001887   Thumb Code   220  btod.o(CL$$btod_e2e)
    _btod_ediv                               0x08001963   Thumb Code    42  btod.o(CL$$btod_ediv)
    _btod_emul                               0x0800198d   Thumb Code    42  btod.o(CL$$btod_emul)
    __btod_mult_common                       0x080019b7   Thumb Code   580  btod.o(CL$$btod_mult_common)
    FLASH_EraseSector                        0x08001bfd   Thumb Code   106  stm32f4xx_flash.o(i.FLASH_EraseSector)
    FLASH_GetFlagStatus                      0x08001c6d   Thumb Code    16  stm32f4xx_flash.o(i.FLASH_GetFlagStatus)
    FLASH_GetStatus                          0x08001c81   Thumb Code    56  stm32f4xx_flash.o(i.FLASH_GetStatus)
    FLASH_Lock                               0x08001cbd   Thumb Code    12  stm32f4xx_flash.o(i.FLASH_Lock)
    FLASH_ProgramWord                        0x08001ccd   Thumb Code    56  stm32f4xx_flash.o(i.FLASH_ProgramWord)
    FLASH_Unlock                             0x08001d09   Thumb Code    22  stm32f4xx_flash.o(i.FLASH_Unlock)
    FLASH_WaitForLastOperation               0x08001d2d   Thumb Code    34  stm32f4xx_flash.o(i.FLASH_WaitForLastOperation)
    GPIO_Init                                0x08001d4f   Thumb Code   124  stm32f4xx_gpio.o(i.GPIO_Init)
    GPIO_PinAFConfig                         0x08001dcb   Thumb Code    32  stm32f4xx_gpio.o(i.GPIO_PinAFConfig)
    GPIO_ReadInputDataBit                    0x08001deb   Thumb Code    14  stm32f4xx_gpio.o(i.GPIO_ReadInputDataBit)
    GPIO_WriteBit                            0x08001df9   Thumb Code    14  stm32f4xx_gpio.o(i.GPIO_WriteBit)
    NVIC_Init                                0x08001e09   Thumb Code    98  misc.o(i.NVIC_Init)
    RCC_AHB1PeriphClockCmd                   0x08001e95   Thumb Code    22  stm32f4xx_rcc.o(i.RCC_AHB1PeriphClockCmd)
    RCC_APB1PeriphClockCmd                   0x08001eb1   Thumb Code    22  stm32f4xx_rcc.o(i.RCC_APB1PeriphClockCmd)
    RCC_APB2PeriphClockCmd                   0x08001ecd   Thumb Code    22  stm32f4xx_rcc.o(i.RCC_APB2PeriphClockCmd)
    RCC_GetClocksFreq                        0x08001ee9   Thumb Code   148  stm32f4xx_rcc.o(i.RCC_GetClocksFreq)
    SysTick_Handler                          0x08002041   Thumb Code    10  utils.o(i.SysTick_Handler)
    SystemInit                               0x08002051   Thumb Code    74  system_stm32f4xx.o(i.SystemInit)
    USART1_IRQHandler                        0x080020ad   Thumb Code    42  bl_uart.o(i.USART1_IRQHandler)
    USART2_IRQHandler                        0x080020e1   Thumb Code    36  bl_uart.o(i.USART2_IRQHandler)
    USART_Cmd                                0x08002109   Thumb Code    24  stm32f4xx_usart.o(i.USART_Cmd)
    USART_GetFlagStatus                      0x08002121   Thumb Code    14  stm32f4xx_usart.o(i.USART_GetFlagStatus)
    USART_GetITStatus                        0x0800212f   Thumb Code    64  stm32f4xx_usart.o(i.USART_GetITStatus)
    USART_ITConfig                           0x0800216f   Thumb Code    54  stm32f4xx_usart.o(i.USART_ITConfig)
    USART_Init                               0x080021a5   Thumb Code   180  stm32f4xx_usart.o(i.USART_Init)
    USART_ReceiveData                        0x08002261   Thumb Code     8  stm32f4xx_usart.o(i.USART_ReceiveData)
    USART_SendData                           0x08002269   Thumb Code     8  stm32f4xx_usart.o(i.USART_SendData)
    __ARM_fpclassify                         0x08002271   Thumb Code    48  fpclassify.o(i.__ARM_fpclassify)
    _is_digit                                0x080022a1   Thumb Code    14  __printf_wp.o(i._is_digit)
    arginfo_read                             0x080022b1   Thumb Code    32  arginfo.o(i.arginfo_read)
    bl_delay_init                            0x080022d9   Thumb Code    42  utils.o(i.bl_delay_init)
    bl_delay_ms                              0x0800230d   Thumb Code    14  utils.o(i.bl_delay_ms)
    bl_flash_erase                           0x08002321   Thumb Code   104  norflash.o(i.bl_flash_erase)
    bl_flash_lock                            0x080023c5   Thumb Code     4  norflash.o(i.bl_flash_lock)
    bl_flash_unlock                          0x080023c9   Thumb Code     4  norflash.o(i.bl_flash_unlock)
    bl_flash_write_word                      0x080023cd   Thumb Code    50  norflash.o(i.bl_flash_write_word)
    bl_lowlevel_deinit                       0x08002499   Thumb Code    16  board.o(i.bl_lowlevel_deinit)
    bl_now                                   0x080024a9   Thumb Code     6  utils.o(i.bl_now)
    bl_pkt_verify                            0x0800275d   Thumb Code    58  bootloader.o(i.bl_pkt_verify)
    bl_uart2_write_data                      0x08002819   Thumb Code    56  bl_uart.o(i.bl_uart2_write_data)
    bl_uart_deinit                           0x08002855   Thumb Code    22  bl_uart.o(i.bl_uart_deinit)
    bl_uart_init                             0x08002875   Thumb Code   280  bl_uart.o(i.bl_uart_init)
    bl_uart_printf                           0x08002999   Thumb Code    30  bl_uart.o(i.bl_uart_printf)
    bl_uart_recv_callback_register           0x080029b9   Thumb Code     6  bl_uart.o(i.bl_uart_recv_callback_register)
    bl_uart_recv_handler                     0x080029c5   Thumb Code   292  bootloader.o(i.bl_uart_recv_handler)
    bl_uart_write_data                       0x08002b71   Thumb Code    56  bl_uart.o(i.bl_uart_write_data)
    bl_uart_write_string                     0x08002bad   Thumb Code    22  bl_uart.o(i.bl_uart_write_string)
    board_lowlevel_init                      0x08002bc3   Thumb Code    46  board.o(i.board_lowlevel_init)
    boot_application                         0x08002bf1   Thumb Code    30  bootloader.o(i.boot_application)
    bootlader_main                           0x08002c35   Thumb Code   254  bootloader.o(i.bootlader_main)
    button_init                              0x08002d89   Thumb Code    34  button.o(i.button_init)
    button_is_pressed                        0x08002db1   Thumb Code    20  button.o(i.button_is_pressed)
    crc32_init                               0x08002e1d   Thumb Code    30  crc32.o(i.crc32_init)
    crc32_update                             0x08002e45   Thumb Code    54  crc32.o(i.crc32_update)
    key_is_pressed                           0x08002e85   Thumb Code    20  button.o(i.key_is_pressed)
    led_init                                 0x08002e9d   Thumb Code    46  led.o(i.led_init)
    led_set                                  0x08002ed1   Thumb Code    26  led.o(i.led_set)
    main                                     0x08002ef1   Thumb Code    86  main.o(i.main)
    rb8_get                                  0x08002fb5   Thumb Code    40  ringbuffer.o(i.rb8_get)
    rb8_gets                                 0x08002fdd   Thumb Code    36  ringbuffer.o(i.rb8_gets)
    rb8_is_empty                             0x08003001   Thumb Code    14  ringbuffer.o(i.rb8_is_empty)
    rb8_is_full                              0x0800300f   Thumb Code    24  ringbuffer.o(i.rb8_is_full)
    rb8_new                                  0x08003027   Thumb Code     6  ringbuffer.o(i.rb8_new)
    rb8_next_head                            0x0800302d   Thumb Code    20  ringbuffer.o(i.rb8_next_head)
    rb8_next_tail                            0x08003041   Thumb Code    20  ringbuffer.o(i.rb8_next_tail)
    rb8_put                                  0x08003055   Thumb Code    38  ringbuffer.o(i.rb8_put)
    rb8_puts                                 0x0800307b   Thumb Code    36  ringbuffer.o(i.rb8_puts)
    verify_application                       0x080030a1   Thumb Code    58  bootloader.o(i.verify_application)
    _get_lc_numeric                          0x08003115   Thumb Code    44  lc_numeric_c.o(locale$$code)
    _get_lc_ctype                            0x08003141   Thumb Code    44  lc_ctype_c.o(locale$$code)
    _fp_init                                 0x0800316d   Thumb Code    10  fpinit.o(x$fpl$fpinit)
    __fplib_config_fpu_vfp                   0x08003175   Thumb Code     0  fpinit.o(x$fpl$fpinit)
    __fplib_config_pureend_doubles           0x08003175   Thumb Code     0  fpinit.o(x$fpl$fpinit)
    _printf_fp_dec                           0x08003177   Thumb Code     4  printf1.o(x$fpl$printf1)
    _printf_fp_hex                           0x0800317b   Thumb Code     4  printf2.o(x$fpl$printf2)
    __I$use$fp                               0x0800317e   Number         0  usenofp.o(x$fpl$usenofp)
    Region$$Table$$Base                      0x0800327c   Number         0  anon$$obj.o(Region$$Table)
    Region$$Table$$Limit                     0x0800329c   Number         0  anon$$obj.o(Region$$Table)
    __ctype                                  0x080032c5   Data           0  lc_ctype_c.o(locale$$data)
    SystemCoreClock                          0x20000000   Data           4  system_stm32f4xx.o(.data)
    AHBPrescTable                            0x20000004   Data          16  system_stm32f4xx.o(.data)
    bl_uart_recv_callback                    0x20000024   Data           4  bl_uart.o(.data)
    bl_ctrl                                  0x200002a0   Data        4136  bootloader.o(.bss)
    __libspace_start                         0x200016c8   Data          96  libspace.o(.bss)
    __temporary_stack_top$libspace           0x20001728   Data           0  libspace.o(.bss)



==============================================================================

Memory Map of the image

  Image Entry point : 0x08000189

  Load Region LR_IROM1 (Base: 0x08000000, Size: 0x00003468, Max: 0x0000c000, ABSOLUTE)

    Execution Region ER_IROM1 (Exec base: 0x08000000, Load base: 0x08000000, Size: 0x000033c8, Max: 0x0000c000, ABSOLUTE)

    Exec Addr    Load Addr    Size         Type   Attr      Idx    E Section Name        Object

    0x08000000   0x08000000   0x00000188   Data   RO          208    RESET               startup_stm32f40_41xxx.o
    0x08000188   0x08000188   0x00000008   Code   RO         5762  * !!!main             c_w.l(__main.o)
    0x08000190   0x08000190   0x00000034   Code   RO         6087    !!!scatter          c_w.l(__scatter.o)
    0x080001c4   0x080001c4   0x0000001a   Code   RO         6089    !!handler_copy      c_w.l(__scatter_copy.o)
    0x080001de   0x080001de   0x00000002   PAD
    0x080001e0   0x080001e0   0x0000001c   Code   RO         6091    !!handler_zi        c_w.l(__scatter_zi.o)
    0x080001fc   0x080001fc   0x00000000   Code   RO         5848    .ARM.Collect$$_printf_percent$$00000000  c_w.l(_printf_percent.o)
    0x080001fc   0x080001fc   0x00000006   Code   RO         5837    .ARM.Collect$$_printf_percent$$00000001  c_w.l(_printf_n.o)
    0x08000202   0x08000202   0x00000006   Code   RO         5839    .ARM.Collect$$_printf_percent$$00000002  c_w.l(_printf_p.o)
    0x08000208   0x08000208   0x00000006   Code   RO         5844    .ARM.Collect$$_printf_percent$$00000003  c_w.l(_printf_f.o)
    0x0800020e   0x0800020e   0x00000006   Code   RO         5845    .ARM.Collect$$_printf_percent$$00000004  c_w.l(_printf_e.o)
    0x08000214   0x08000214   0x00000006   Code   RO         5846    .ARM.Collect$$_printf_percent$$00000005  c_w.l(_printf_g.o)
    0x0800021a   0x0800021a   0x00000006   Code   RO         5847    .ARM.Collect$$_printf_percent$$00000006  c_w.l(_printf_a.o)
    0x08000220   0x08000220   0x0000000a   Code   RO         5852    .ARM.Collect$$_printf_percent$$00000007  c_w.l(_printf_ll.o)
    0x0800022a   0x0800022a   0x00000006   Code   RO         5841    .ARM.Collect$$_printf_percent$$00000008  c_w.l(_printf_i.o)
    0x08000230   0x08000230   0x00000006   Code   RO         5842    .ARM.Collect$$_printf_percent$$00000009  c_w.l(_printf_d.o)
    0x08000236   0x08000236   0x00000006   Code   RO         5843    .ARM.Collect$$_printf_percent$$0000000A  c_w.l(_printf_u.o)
    0x0800023c   0x0800023c   0x00000006   Code   RO         5840    .ARM.Collect$$_printf_percent$$0000000B  c_w.l(_printf_o.o)
    0x08000242   0x08000242   0x00000006   Code   RO         5838    .ARM.Collect$$_printf_percent$$0000000C  c_w.l(_printf_x.o)
    0x08000248   0x08000248   0x00000006   Code   RO         5849    .ARM.Collect$$_printf_percent$$0000000D  c_w.l(_printf_lli.o)
    0x0800024e   0x0800024e   0x00000006   Code   RO         5850    .ARM.Collect$$_printf_percent$$0000000E  c_w.l(_printf_lld.o)
    0x08000254   0x08000254   0x00000006   Code   RO         5851    .ARM.Collect$$_printf_percent$$0000000F  c_w.l(_printf_llu.o)
    0x0800025a   0x0800025a   0x00000006   Code   RO         5856    .ARM.Collect$$_printf_percent$$00000010  c_w.l(_printf_llo.o)
    0x08000260   0x08000260   0x00000006   Code   RO         5857    .ARM.Collect$$_printf_percent$$00000011  c_w.l(_printf_llx.o)
    0x08000266   0x08000266   0x0000000a   Code   RO         5853    .ARM.Collect$$_printf_percent$$00000012  c_w.l(_printf_l.o)
    0x08000270   0x08000270   0x00000006   Code   RO         5835    .ARM.Collect$$_printf_percent$$00000013  c_w.l(_printf_c.o)
    0x08000276   0x08000276   0x00000006   Code   RO         5836    .ARM.Collect$$_printf_percent$$00000014  c_w.l(_printf_s.o)
    0x0800027c   0x0800027c   0x00000006   Code   RO         5854    .ARM.Collect$$_printf_percent$$00000015  c_w.l(_printf_lc.o)
    0x08000282   0x08000282   0x00000006   Code   RO         5855    .ARM.Collect$$_printf_percent$$00000016  c_w.l(_printf_ls.o)
    0x08000288   0x08000288   0x00000004   Code   RO         5896    .ARM.Collect$$_printf_percent$$00000017  c_w.l(_printf_percent_end.o)
    0x0800028c   0x0800028c   0x00000002   Code   RO         5945    .ARM.Collect$$libinit$$00000000  c_w.l(libinit.o)
    0x0800028e   0x0800028e   0x00000004   Code   RO         5961    .ARM.Collect$$libinit$$00000001  c_w.l(libinit2.o)
    0x08000292   0x08000292   0x00000000   Code   RO         5964    .ARM.Collect$$libinit$$00000004  c_w.l(libinit2.o)
    0x08000292   0x08000292   0x00000000   Code   RO         5967    .ARM.Collect$$libinit$$0000000A  c_w.l(libinit2.o)
    0x08000292   0x08000292   0x00000000   Code   RO         5969    .ARM.Collect$$libinit$$0000000C  c_w.l(libinit2.o)
    0x08000292   0x08000292   0x00000000   Code   RO         5971    .ARM.Collect$$libinit$$0000000E  c_w.l(libinit2.o)
    0x08000292   0x08000292   0x00000006   Code   RO         5972    .ARM.Collect$$libinit$$0000000F  c_w.l(libinit2.o)
    0x08000298   0x08000298   0x00000000   Code   RO         5974    .ARM.Collect$$libinit$$00000011  c_w.l(libinit2.o)
    0x08000298   0x08000298   0x0000000c   Code   RO         5975    .ARM.Collect$$libinit$$00000012  c_w.l(libinit2.o)
    0x080002a4   0x080002a4   0x00000000   Code   RO         5976    .ARM.Collect$$libinit$$00000013  c_w.l(libinit2.o)
    0x080002a4   0x080002a4   0x00000000   Code   RO         5978    .ARM.Collect$$libinit$$00000015  c_w.l(libinit2.o)
    0x080002a4   0x080002a4   0x0000000a   Code   RO         5979    .ARM.Collect$$libinit$$00000016  c_w.l(libinit2.o)
    0x080002ae   0x080002ae   0x00000000   Code   RO         5980    .ARM.Collect$$libinit$$00000017  c_w.l(libinit2.o)
    0x080002ae   0x080002ae   0x00000000   Code   RO         5982    .ARM.Collect$$libinit$$00000019  c_w.l(libinit2.o)
    0x080002ae   0x080002ae   0x00000000   Code   RO         5984    .ARM.Collect$$libinit$$0000001B  c_w.l(libinit2.o)
    0x080002ae   0x080002ae   0x00000000   Code   RO         5986    .ARM.Collect$$libinit$$0000001D  c_w.l(libinit2.o)
    0x080002ae   0x080002ae   0x00000000   Code   RO         5988    .ARM.Collect$$libinit$$0000001F  c_w.l(libinit2.o)
    0x080002ae   0x080002ae   0x00000000   Code   RO         5990    .ARM.Collect$$libinit$$00000021  c_w.l(libinit2.o)
    0x080002ae   0x080002ae   0x00000000   Code   RO         5992    .ARM.Collect$$libinit$$00000023  c_w.l(libinit2.o)
    0x080002ae   0x080002ae   0x00000000   Code   RO         5994    .ARM.Collect$$libinit$$00000025  c_w.l(libinit2.o)
    0x080002ae   0x080002ae   0x00000000   Code   RO         5998    .ARM.Collect$$libinit$$0000002C  c_w.l(libinit2.o)
    0x080002ae   0x080002ae   0x00000000   Code   RO         6000    .ARM.Collect$$libinit$$0000002E  c_w.l(libinit2.o)
    0x080002ae   0x080002ae   0x00000000   Code   RO         6002    .ARM.Collect$$libinit$$00000030  c_w.l(libinit2.o)
    0x080002ae   0x080002ae   0x00000000   Code   RO         6004    .ARM.Collect$$libinit$$00000032  c_w.l(libinit2.o)
    0x080002ae   0x080002ae   0x00000002   Code   RO         6005    .ARM.Collect$$libinit$$00000033  c_w.l(libinit2.o)
    0x080002b0   0x080002b0   0x00000002   Code   RO         6025    .ARM.Collect$$libshutdown$$00000000  c_w.l(libshutdown.o)
    0x080002b2   0x080002b2   0x00000000   Code   RO         6038    .ARM.Collect$$libshutdown$$00000002  c_w.l(libshutdown2.o)
    0x080002b2   0x080002b2   0x00000000   Code   RO         6040    .ARM.Collect$$libshutdown$$00000004  c_w.l(libshutdown2.o)
    0x080002b2   0x080002b2   0x00000000   Code   RO         6042    .ARM.Collect$$libshutdown$$00000006  c_w.l(libshutdown2.o)
    0x080002b2   0x080002b2   0x00000000   Code   RO         6045    .ARM.Collect$$libshutdown$$00000009  c_w.l(libshutdown2.o)
    0x080002b2   0x080002b2   0x00000000   Code   RO         6048    .ARM.Collect$$libshutdown$$0000000C  c_w.l(libshutdown2.o)
    0x080002b2   0x080002b2   0x00000000   Code   RO         6050    .ARM.Collect$$libshutdown$$0000000E  c_w.l(libshutdown2.o)
    0x080002b2   0x080002b2   0x00000000   Code   RO         6053    .ARM.Collect$$libshutdown$$00000011  c_w.l(libshutdown2.o)
    0x080002b2   0x080002b2   0x00000002   Code   RO         6054    .ARM.Collect$$libshutdown$$00000012  c_w.l(libshutdown2.o)
    0x080002b4   0x080002b4   0x00000000   Code   RO         5764    .ARM.Collect$$rtentry$$00000000  c_w.l(__rtentry.o)
    0x080002b4   0x080002b4   0x00000000   Code   RO         5867    .ARM.Collect$$rtentry$$00000002  c_w.l(__rtentry2.o)
    0x080002b4   0x080002b4   0x00000006   Code   RO         5879    .ARM.Collect$$rtentry$$00000004  c_w.l(__rtentry4.o)
    0x080002ba   0x080002ba   0x00000000   Code   RO         5869    .ARM.Collect$$rtentry$$00000009  c_w.l(__rtentry2.o)
    0x080002ba   0x080002ba   0x00000004   Code   RO         5870    .ARM.Collect$$rtentry$$0000000A  c_w.l(__rtentry2.o)
    0x080002be   0x080002be   0x00000000   Code   RO         5872    .ARM.Collect$$rtentry$$0000000C  c_w.l(__rtentry2.o)
    0x080002be   0x080002be   0x00000008   Code   RO         5873    .ARM.Collect$$rtentry$$0000000D  c_w.l(__rtentry2.o)
    0x080002c6   0x080002c6   0x00000002   Code   RO         5954    .ARM.Collect$$rtexit$$00000000  c_w.l(rtexit.o)
    0x080002c8   0x080002c8   0x00000000   Code   RO         6007    .ARM.Collect$$rtexit$$00000002  c_w.l(rtexit2.o)
    0x080002c8   0x080002c8   0x00000004   Code   RO         6008    .ARM.Collect$$rtexit$$00000003  c_w.l(rtexit2.o)
    0x080002cc   0x080002cc   0x00000006   Code   RO         6009    .ARM.Collect$$rtexit$$00000004  c_w.l(rtexit2.o)
    0x080002d2   0x080002d2   0x00000002   PAD
    0x080002d4   0x080002d4   0x00000048   Code   RO          209    .text               startup_stm32f40_41xxx.o
    0x0800031c   0x0800031c   0x00000034   Code   RO         5756    .text               c_w.l(vsnprintf.o)
    0x08000350   0x08000350   0x0000003e   Code   RO         5758    .text               c_w.l(strlen.o)
    0x0800038e   0x0800038e   0x00000006   Code   RO         5760    .text               c_w.l(heapauxi.o)
    0x08000394   0x08000394   0x0000004e   Code   RO         5767    .text               c_w.l(_printf_pad.o)
    0x080003e2   0x080003e2   0x00000024   Code   RO         5769    .text               c_w.l(_printf_truncate.o)
    0x08000406   0x08000406   0x00000052   Code   RO         5771    .text               c_w.l(_printf_str.o)
    0x08000458   0x08000458   0x00000078   Code   RO         5773    .text               c_w.l(_printf_dec.o)
    0x080004d0   0x080004d0   0x00000028   Code   RO         5775    .text               c_w.l(_printf_charcount.o)
    0x080004f8   0x080004f8   0x00000030   Code   RO         5777    .text               c_w.l(_printf_char_common.o)
    0x08000528   0x08000528   0x0000000a   Code   RO         5779    .text               c_w.l(_sputc.o)
    0x08000532   0x08000532   0x00000010   Code   RO         5781    .text               c_w.l(_snputc.o)
    0x08000542   0x08000542   0x00000002   PAD
    0x08000544   0x08000544   0x000000bc   Code   RO         5783    .text               c_w.l(_printf_wctomb.o)
    0x08000600   0x08000600   0x0000007c   Code   RO         5786    .text               c_w.l(_printf_longlong_dec.o)
    0x0800067c   0x0800067c   0x00000070   Code   RO         5792    .text               c_w.l(_printf_oct_int_ll.o)
    0x080006ec   0x080006ec   0x00000094   Code   RO         5812    .text               c_w.l(_printf_hex_int_ll_ptr.o)
    0x08000780   0x08000780   0x00000188   Code   RO         5832    .text               c_w.l(__printf_flags_ss_wp.o)
    0x08000908   0x08000908   0x0000008a   Code   RO         5881    .text               c_w.l(lludiv10.o)
    0x08000992   0x08000992   0x000000b2   Code   RO         5883    .text               c_w.l(_printf_intcommon.o)
    0x08000a44   0x08000a44   0x0000041e   Code   RO         5885    .text               c_w.l(_printf_fp_dec.o)
    0x08000e62   0x08000e62   0x00000002   PAD
    0x08000e64   0x08000e64   0x000002fc   Code   RO         5887    .text               c_w.l(_printf_fp_hex.o)
    0x08001160   0x08001160   0x0000002c   Code   RO         5892    .text               c_w.l(_printf_char.o)
    0x0800118c   0x0800118c   0x0000002c   Code   RO         5894    .text               c_w.l(_printf_wchar.o)
    0x080011b8   0x080011b8   0x00000040   Code   RO         5897    .text               c_w.l(_wcrtomb.o)
    0x080011f8   0x080011f8   0x0000004a   Code   RO         5899    .text               c_w.l(sys_stackheap_outer.o)
    0x08001242   0x08001242   0x00000002   PAD
    0x08001244   0x08001244   0x00000010   Code   RO         5901    .text               c_w.l(rt_ctype_table.o)
    0x08001254   0x08001254   0x00000008   Code   RO         5906    .text               c_w.l(rt_locale_intlibspace.o)
    0x0800125c   0x0800125c   0x00000080   Code   RO         5908    .text               c_w.l(_printf_fp_infnan.o)
    0x080012dc   0x080012dc   0x000000e4   Code   RO         5910    .text               c_w.l(bigflt0.o)
    0x080013c0   0x080013c0   0x00000012   Code   RO         5938    .text               c_w.l(exit.o)
    0x080013d2   0x080013d2   0x00000002   PAD
    0x080013d4   0x080013d4   0x00000008   Code   RO         5951    .text               c_w.l(libspace.o)
    0x080013dc   0x080013dc   0x00000080   Code   RO         5959    .text               c_w.l(strcmpv7m.o)
    0x0800145c   0x0800145c   0x0000000c   Code   RO         6017    .text               c_w.l(sys_exit.o)
    0x08001468   0x08001468   0x00000002   Code   RO         6028    .text               c_w.l(use_no_semi.o)
    0x0800146a   0x0800146a   0x00000000   Code   RO         6030    .text               c_w.l(indicate_semi.o)
    0x0800146a   0x0800146a   0x0000003e   Code   RO         5913    CL$$btod_d2e        c_w.l(btod.o)
    0x080014a8   0x080014a8   0x00000046   Code   RO         5915    CL$$btod_d2e_denorm_low  c_w.l(btod.o)
    0x080014ee   0x080014ee   0x00000060   Code   RO         5914    CL$$btod_d2e_norm_op1  c_w.l(btod.o)
    0x0800154e   0x0800154e   0x00000338   Code   RO         5923    CL$$btod_div_common  c_w.l(btod.o)
    0x08001886   0x08001886   0x000000dc   Code   RO         5920    CL$$btod_e2e        c_w.l(btod.o)
    0x08001962   0x08001962   0x0000002a   Code   RO         5917    CL$$btod_ediv       c_w.l(btod.o)
    0x0800198c   0x0800198c   0x0000002a   Code   RO         5916    CL$$btod_emul       c_w.l(btod.o)
    0x080019b6   0x080019b6   0x00000244   Code   RO         5922    CL$$btod_mult_common  c_w.l(btod.o)
    0x08001bfa   0x08001bfa   0x00000002   PAD
    0x08001bfc   0x08001bfc   0x00000070   Code   RO         1690    i.FLASH_EraseSector  stm32f4xx_flash.o
    0x08001c6c   0x08001c6c   0x00000014   Code   RO         1691    i.FLASH_GetFlagStatus  stm32f4xx_flash.o
    0x08001c80   0x08001c80   0x0000003c   Code   RO         1692    i.FLASH_GetStatus   stm32f4xx_flash.o
    0x08001cbc   0x08001cbc   0x00000010   Code   RO         1696    i.FLASH_Lock        stm32f4xx_flash.o
    0x08001ccc   0x08001ccc   0x0000003c   Code   RO         1720    i.FLASH_ProgramWord  stm32f4xx_flash.o
    0x08001d08   0x08001d08   0x00000024   Code   RO         1722    i.FLASH_Unlock      stm32f4xx_flash.o
    0x08001d2c   0x08001d2c   0x00000022   Code   RO         1723    i.FLASH_WaitForLastOperation  stm32f4xx_flash.o
    0x08001d4e   0x08001d4e   0x0000007c   Code   RO         2132    i.GPIO_Init         stm32f4xx_gpio.o
    0x08001dca   0x08001dca   0x00000020   Code   RO         2133    i.GPIO_PinAFConfig  stm32f4xx_gpio.o
    0x08001dea   0x08001dea   0x0000000e   Code   RO         2136    i.GPIO_ReadInputDataBit  stm32f4xx_gpio.o
    0x08001df8   0x08001df8   0x0000000e   Code   RO         2144    i.GPIO_WriteBit     stm32f4xx_gpio.o
    0x08001e06   0x08001e06   0x00000002   PAD
    0x08001e08   0x08001e08   0x00000068   Code   RO          257    i.NVIC_Init         misc.o
    0x08001e70   0x08001e70   0x00000024   Code   RO         5337    i.NVIC_SystemReset  bootloader.o
    0x08001e94   0x08001e94   0x0000001c   Code   RO         3058    i.RCC_AHB1PeriphClockCmd  stm32f4xx_rcc.o
    0x08001eb0   0x08001eb0   0x0000001c   Code   RO         3067    i.RCC_APB1PeriphClockCmd  stm32f4xx_rcc.o
    0x08001ecc   0x08001ecc   0x0000001c   Code   RO         3070    i.RCC_APB2PeriphClockCmd  stm32f4xx_rcc.o
    0x08001ee8   0x08001ee8   0x000000a0   Code   RO         3079    i.RCC_GetClocksFreq  stm32f4xx_rcc.o
    0x08001f88   0x08001f88   0x000000b8   Code   RO          216    i.SetSysClock       system_stm32f4xx.o
    0x08002040   0x08002040   0x00000010   Code   RO         5538    i.SysTick_Handler   utils.o
    0x08002050   0x08002050   0x0000005c   Code   RO          218    i.SystemInit        system_stm32f4xx.o
    0x080020ac   0x080020ac   0x00000034   Code   RO         5262    i.USART1_IRQHandler  bl_uart.o
    0x080020e0   0x080020e0   0x00000028   Code   RO         5263    i.USART2_IRQHandler  bl_uart.o
    0x08002108   0x08002108   0x00000018   Code   RO         5008    i.USART_Cmd         stm32f4xx_usart.o
    0x08002120   0x08002120   0x0000000e   Code   RO         5011    i.USART_GetFlagStatus  stm32f4xx_usart.o
    0x0800212e   0x0800212e   0x00000040   Code   RO         5012    i.USART_GetITStatus  stm32f4xx_usart.o
    0x0800216e   0x0800216e   0x00000036   Code   RO         5014    i.USART_ITConfig    stm32f4xx_usart.o
    0x080021a4   0x080021a4   0x000000bc   Code   RO         5015    i.USART_Init        stm32f4xx_usart.o
    0x08002260   0x08002260   0x00000008   Code   RO         5022    i.USART_ReceiveData  stm32f4xx_usart.o
    0x08002268   0x08002268   0x00000008   Code   RO         5025    i.USART_SendData    stm32f4xx_usart.o
    0x08002270   0x08002270   0x00000030   Code   RO         5949    i.__ARM_fpclassify  m_wm.l(fpclassify.o)
    0x080022a0   0x080022a0   0x0000000e   Code   RO         5825    i._is_digit         c_w.l(__printf_wp.o)
    0x080022ae   0x080022ae   0x00000002   PAD
    0x080022b0   0x080022b0   0x00000028   Code   RO         5514    i.arginfo_read      arginfo.o
    0x080022d8   0x080022d8   0x00000034   Code   RO         5539    i.bl_delay_init     utils.o
    0x0800230c   0x0800230c   0x00000014   Code   RO         5540    i.bl_delay_ms       utils.o
    0x08002320   0x08002320   0x000000a4   Code   RO         5470    i.bl_flash_erase    norflash.o
    0x080023c4   0x080023c4   0x00000004   Code   RO         5471    i.bl_flash_lock     norflash.o
    0x080023c8   0x080023c8   0x00000004   Code   RO         5472    i.bl_flash_unlock   norflash.o
    0x080023cc   0x080023cc   0x00000054   Code   RO         5473    i.bl_flash_write_word  norflash.o
    0x08002420   0x08002420   0x00000078   Code   RO         5338    i.bl_fullpkt_handler  bootloader.o
    0x08002498   0x08002498   0x00000010   Code   RO          179    i.bl_lowlevel_deinit  board.o
    0x080024a8   0x080024a8   0x0000000c   Code   RO         5541    i.bl_now            utils.o
    0x080024b4   0x080024b4   0x00000020   Code   RO         5339    i.bl_op_boot_handler  bootloader.o
    0x080024d4   0x080024d4   0x00000090   Code   RO         5340    i.bl_op_erase_handler  bootloader.o
    0x08002564   0x08002564   0x000000dc   Code   RO         5341    i.bl_op_inquiry_handler  bootloader.o
    0x08002640   0x08002640   0x00000002   Code   RO         5342    i.bl_op_read_handler  bootloader.o
    0x08002642   0x08002642   0x00000002   PAD
    0x08002644   0x08002644   0x0000001c   Code   RO         5343    i.bl_op_reset_handler  bootloader.o
    0x08002660   0x08002660   0x00000080   Code   RO         5344    i.bl_op_verify_handler  bootloader.o
    0x080026e0   0x080026e0   0x0000007c   Code   RO         5345    i.bl_op_write_handler  bootloader.o
    0x0800275c   0x0800275c   0x0000003a   Code   RO         5346    i.bl_pkt_verify     bootloader.o
    0x08002796   0x08002796   0x00000010   Code   RO         5347    i.bl_reset_sm       bootloader.o
    0x080027a6   0x080027a6   0x00000066   Code   RO         5348    i.bl_response       bootloader.o
    0x0800280c   0x0800280c   0x0000000c   Code   RO         5349    i.bl_response_ack   bootloader.o
    0x08002818   0x08002818   0x0000003c   Code   RO         5264    i.bl_uart2_write_data  bl_uart.o
    0x08002854   0x08002854   0x00000020   Code   RO         5265    i.bl_uart_deinit    bl_uart.o
    0x08002874   0x08002874   0x00000124   Code   RO         5266    i.bl_uart_init      bl_uart.o
    0x08002998   0x08002998   0x0000001e   Code   RO         5267    i.bl_uart_printf    bl_uart.o
    0x080029b6   0x080029b6   0x00000002   PAD
    0x080029b8   0x080029b8   0x0000000c   Code   RO         5268    i.bl_uart_recv_callback_register  bl_uart.o
    0x080029c4   0x080029c4   0x00000198   Code   RO         5350    i.bl_uart_recv_handler  bootloader.o
    0x08002b5c   0x08002b5c   0x00000014   Code   RO         5351    i.bl_uart_recv_temp_store  bootloader.o
    0x08002b70   0x08002b70   0x0000003c   Code   RO         5269    i.bl_uart_write_data  bl_uart.o
    0x08002bac   0x08002bac   0x00000016   Code   RO         5270    i.bl_uart_write_string  bl_uart.o
    0x08002bc2   0x08002bc2   0x0000002e   Code   RO          180    i.board_lowlevel_init  board.o
    0x08002bf0   0x08002bf0   0x00000044   Code   RO         5352    i.boot_application  bootloader.o
    0x08002c34   0x08002c34   0x00000154   Code   RO         5353    i.bootlader_main    bootloader.o
    0x08002d88   0x08002d88   0x00000028   Code   RO         5616    i.button_init       button.o
    0x08002db0   0x08002db0   0x00000018   Code   RO         5617    i.button_is_pressed  button.o
    0x08002dc8   0x08002dc8   0x00000030   Code   RO            4    i.check_button      main.o
    0x08002df8   0x08002df8   0x00000024   Code   RO         5728    i.crc32_for_byte    crc32.o
    0x08002e1c   0x08002e1c   0x00000028   Code   RO         5729    i.crc32_init        crc32.o
    0x08002e44   0x08002e44   0x00000040   Code   RO         5730    i.crc32_update      crc32.o
    0x08002e84   0x08002e84   0x00000018   Code   RO         5618    i.key_is_pressed    button.o
    0x08002e9c   0x08002e9c   0x00000034   Code   RO         5586    i.led_init          led.o
    0x08002ed0   0x08002ed0   0x00000020   Code   RO         5587    i.led_set           led.o
    0x08002ef0   0x08002ef0   0x000000c4   Code   RO            5    i.main              main.o
    0x08002fb4   0x08002fb4   0x00000028   Code   RO         5652    i.rb8_get           ringbuffer.o
    0x08002fdc   0x08002fdc   0x00000024   Code   RO         5653    i.rb8_gets          ringbuffer.o
    0x08003000   0x08003000   0x0000000e   Code   RO         5654    i.rb8_is_empty      ringbuffer.o
    0x0800300e   0x0800300e   0x00000018   Code   RO         5655    i.rb8_is_full       ringbuffer.o
    0x08003026   0x08003026   0x00000006   Code   RO         5656    i.rb8_new           ringbuffer.o
    0x0800302c   0x0800302c   0x00000014   Code   RO         5657    i.rb8_next_head     ringbuffer.o
    0x08003040   0x08003040   0x00000014   Code   RO         5658    i.rb8_next_tail     ringbuffer.o
    0x08003054   0x08003054   0x00000026   Code   RO         5659    i.rb8_put           ringbuffer.o
    0x0800307a   0x0800307a   0x00000024   Code   RO         5660    i.rb8_puts          ringbuffer.o
    0x0800309e   0x0800309e   0x00000002   PAD
    0x080030a0   0x080030a0   0x00000060   Code   RO         5354    i.verify_application  bootloader.o
    0x08003100   0x08003100   0x00000014   Code   RO            6    i.wait_release      main.o
    0x08003114   0x08003114   0x0000002c   Code   RO         5936    locale$$code        c_w.l(lc_numeric_c.o)
    0x08003140   0x08003140   0x0000002c   Code   RO         5957    locale$$code        c_w.l(lc_ctype_c.o)
    0x0800316c   0x0800316c   0x0000000a   Code   RO         6015    x$fpl$fpinit        fz_wm.l(fpinit.o)
    0x08003176   0x08003176   0x00000004   Code   RO         5858    x$fpl$printf1       fz_wm.l(printf1.o)
    0x0800317a   0x0800317a   0x00000004   Code   RO         5860    x$fpl$printf2       fz_wm.l(printf2.o)
    0x0800317e   0x0800317e   0x00000000   Code   RO         5948    x$fpl$usenofp       fz_wm.l(usenofp.o)
    0x0800317e   0x0800317e   0x00000002   PAD
    0x08003180   0x08003180   0x00000008   Data   RO         5784    .constdata          c_w.l(_printf_wctomb.o)
    0x08003188   0x08003188   0x00000028   Data   RO         5813    .constdata          c_w.l(_printf_hex_int_ll_ptr.o)
    0x080031b0   0x080031b0   0x00000011   Data   RO         5833    .constdata          c_w.l(__printf_flags_ss_wp.o)
    0x080031c1   0x080031c1   0x00000026   Data   RO         5888    .constdata          c_w.l(_printf_fp_hex.o)
    0x080031e7   0x080031e7   0x00000001   PAD
    0x080031e8   0x080031e8   0x00000094   Data   RO         5911    .constdata          c_w.l(bigflt0.o)
    0x0800327c   0x0800327c   0x00000020   Data   RO         6085    Region$$Table       anon$$obj.o
    0x0800329c   0x0800329c   0x0000001c   Data   RO         5935    locale$$data        c_w.l(lc_numeric_c.o)
    0x080032b8   0x080032b8   0x00000110   Data   RO         5956    locale$$data        c_w.l(lc_ctype_c.o)


    Execution Region RW_IRAM1 (Exec base: 0x20000000, Load base: 0x080033c8, Size: 0x00001d28, Max: 0x00020000, ABSOLUTE)

    Exec Addr    Load Addr    Size         Type   Attr      Idx    E Section Name        Object

    0x20000000   0x080033c8   0x00000014   Data   RW          219    .data               system_stm32f4xx.o
    0x20000014   0x080033dc   0x00000010   Data   RW         3111    .data               stm32f4xx_rcc.o
    0x20000024   0x080033ec   0x00000004   Data   RW         5271    .data               bl_uart.o
    0x20000028   0x080033f0   0x00000010   Data   RW         5356    .data               bootloader.o
    0x20000038   0x08003400   0x00000060   Data   RW         5474    .data               norflash.o
    0x20000098   0x08003460   0x00000004   Data   RW         5542    .data               utils.o
    0x2000009c   0x08003464   0x00000001   Data   RW         5732    .data               crc32.o
    0x2000009d   0x08003465   0x00000003   PAD
    0x200000a0        -       0x00001228   Zero   RW         5355    .bss                bootloader.o
    0x200012c8        -       0x00000400   Zero   RW         5731    .bss                crc32.o
    0x200016c8        -       0x00000060   Zero   RW         5952    .bss                c_w.l(libspace.o)
    0x20001728        -       0x00000200   Zero   RW          207    HEAP                startup_stm32f40_41xxx.o
    0x20001928        -       0x00000400   Zero   RW          206    STACK               startup_stm32f40_41xxx.o


==============================================================================

Image component sizes


      Code (inc. data)   RO Data    RW Data    ZI Data      Debug   Object Name

        40          8          0          0          0        999   arginfo.o
       600         50          0          4          0       5680   bl_uart.o
        62          0          0          0          0        931   board.o
      1954        658          0         16       4648      41341   bootloader.o
        88         14          0          0          0       1515   button.o
       140         26          0          1       1024       2360   crc32.o
        84         12          0          0          0        937   led.o
       264        110          0          0          0     282847   main.o
       104          6          0          0          0       1156   misc.o
       256         94          0         96          0       2865   norflash.o
       234          0          0          0          0       6525   ringbuffer.o
        72         26        392          0       1536        880   startup_stm32f40_41xxx.o
       338         36          0          0          0       4805   stm32f4xx_flash.o
       184          0          0          0          0       3111   stm32f4xx_gpio.o
       244         30          0         16          0       4903   stm32f4xx_rcc.o
       360          8          0          0          0       5805   stm32f4xx_usart.o
       276         34          0         20          0       1937   system_stm32f4xx.o
       100         28          0          4          0      28540   utils.o

    ----------------------------------------------------------------------
      5408       1140        424        160       7208     397137   Object Totals
         0          0         32          0          0          0   (incl. Generated)
         8          0          0          3          0          0   (incl. Padding)

    ----------------------------------------------------------------------

      Code (inc. data)   RO Data    RW Data    ZI Data      Debug   Library Member Name

         8          0          0          0          0         68   __main.o
       392          4         17          0          0         92   __printf_flags_ss_wp.o
        14          0          0          0          0         68   __printf_wp.o
         0          0          0          0          0          0   __rtentry.o
        12          0          0          0          0          0   __rtentry2.o
         6          0          0          0          0          0   __rtentry4.o
        52          8          0          0          0          0   __scatter.o
        26          0          0          0          0          0   __scatter_copy.o
        28          0          0          0          0          0   __scatter_zi.o
         6          0          0          0          0          0   _printf_a.o
         6          0          0          0          0          0   _printf_c.o
        44          0          0          0          0        108   _printf_char.o
        48          6          0          0          0         96   _printf_char_common.o
        40          0          0          0          0         68   _printf_charcount.o
         6          0          0          0          0          0   _printf_d.o
       120         16          0          0          0         92   _printf_dec.o
         6          0          0          0          0          0   _printf_e.o
         6          0          0          0          0          0   _printf_f.o
      1054          0          0          0          0        216   _printf_fp_dec.o
       764          8         38          0          0        100   _printf_fp_hex.o
       128         16          0          0          0         84   _printf_fp_infnan.o
         6          0          0          0          0          0   _printf_g.o
       148          4         40          0          0        160   _printf_hex_int_ll_ptr.o
         6          0          0          0          0          0   _printf_i.o
       178          0          0          0          0         88   _printf_intcommon.o
        10          0          0          0          0          0   _printf_l.o
         6          0          0          0          0          0   _printf_lc.o
        10          0          0          0          0          0   _printf_ll.o
         6          0          0          0          0          0   _printf_lld.o
         6          0          0          0          0          0   _printf_lli.o
         6          0          0          0          0          0   _printf_llo.o
         6          0          0          0          0          0   _printf_llu.o
         6          0          0          0          0          0   _printf_llx.o
       124         16          0          0          0         92   _printf_longlong_dec.o
         6          0          0          0          0          0   _printf_ls.o
         6          0          0          0          0          0   _printf_n.o
         6          0          0          0          0          0   _printf_o.o
       112         10          0          0          0        124   _printf_oct_int_ll.o
         6          0          0          0          0          0   _printf_p.o
        78          0          0          0          0        108   _printf_pad.o
         0          0          0          0          0          0   _printf_percent.o
         4          0          0          0          0          0   _printf_percent_end.o
         6          0          0          0          0          0   _printf_s.o
        82          0          0          0          0         80   _printf_str.o
        36          0          0          0          0         84   _printf_truncate.o
         6          0          0          0          0          0   _printf_u.o
        44          0          0          0          0        108   _printf_wchar.o
       188          6          8          0          0         92   _printf_wctomb.o
         6          0          0          0          0          0   _printf_x.o
        16          0          0          0          0         68   _snputc.o
        10          0          0          0          0         68   _sputc.o
        64          0          0          0          0         92   _wcrtomb.o
       228          4        148          0          0         96   bigflt0.o
      1936        128          0          0          0        672   btod.o
        18          0          0          0          0         80   exit.o
         6          0          0          0          0        152   heapauxi.o
         0          0          0          0          0          0   indicate_semi.o
        44         10        272          0          0         76   lc_ctype_c.o
        44         10         28          0          0         76   lc_numeric_c.o
         2          0          0          0          0          0   libinit.o
        34          0          0          0          0          0   libinit2.o
         2          0          0          0          0          0   libshutdown.o
         2          0          0          0          0          0   libshutdown2.o
         8          4          0          0         96         68   libspace.o
       138          0          0          0          0         80   lludiv10.o
        16          4          0          0          0         76   rt_ctype_table.o
         8          4          0          0          0         68   rt_locale_intlibspace.o
         2          0          0          0          0          0   rtexit.o
        10          0          0          0          0          0   rtexit2.o
       128          0          0          0          0         68   strcmpv7m.o
        62          0          0          0          0         76   strlen.o
        12          4          0          0          0         68   sys_exit.o
        74          0          0          0          0         80   sys_stackheap_outer.o
         2          0          0          0          0         68   use_no_semi.o
        52          4          0          0          0         80   vsnprintf.o
        10          0          0          0          0        116   fpinit.o
         4          0          0          0          0        116   printf1.o
         4          0          0          0          0        116   printf2.o
         0          0          0          0          0          0   usenofp.o
        48          0          0          0          0        124   fpclassify.o

    ----------------------------------------------------------------------
      6872        266        552          0         96       4512   Library Totals
        18          0          1          0          0          0   (incl. Padding)

    ----------------------------------------------------------------------

      Code (inc. data)   RO Data    RW Data    ZI Data      Debug   Library Name

      6788        266        551          0         96       4040   c_w.l
        18          0          0          0          0        348   fz_wm.l
        48          0          0          0          0        124   m_wm.l

    ----------------------------------------------------------------------
      6872        266        552          0         96       4512   Library Totals

    ----------------------------------------------------------------------

==============================================================================


      Code (inc. data)   RO Data    RW Data    ZI Data      Debug   

     12280       1406        976        160       7304     391365   Grand Totals
     12280       1406        976        160       7304     391365   ELF Image Totals
     12280       1406        976        160          0          0   ROM Totals

==============================================================================

    Total RO  Size (Code + RO Data)                13256 (  12.95kB)
    Total RW  Size (RW Data + ZI Data)              7464 (   7.29kB)
    Total ROM Size (Code + RO Data + RW Data)      13416 (  13.10kB)

==============================================================================

