Component: ARM Compiler 5.06 update 7 (build 960) Tool: armlink [4d3601]

==============================================================================

Section Cross References

    main.o(i.check_button) refers to utils.o(i.bl_now) for bl_now
    main.o(i.check_button) refers to button.o(i.key_is_pressed) for key_is_pressed
    main.o(i.check_button) refers to utils.o(i.bl_delay_ms) for bl_delay_ms
    main.o(i.main) refers to board.o(i.board_lowlevel_init) for board_lowlevel_init
    main.o(i.main) refers to elog.o(i.elog_init) for elog_init
    main.o(i.main) refers to elog.o(i.elog_set_fmt) for elog_set_fmt
    main.o(i.main) refers to elog.o(i.elog_start) for elog_start
    main.o(i.main) refers to bl_uart.o(i.bl_uart_init) for bl_uart_init
    main.o(i.main) refers to utils.o(i.bl_delay_init) for bl_delay_init
    main.o(i.main) refers to led.o(i.led_init) for led_init
    main.o(i.main) refers to button.o(i.button_init) for button_init
    main.o(i.main) refers to elog.o(i.elog_output) for elog_output
    main.o(i.main) refers to main.o(i.check_button) for check_button
    main.o(i.main) refers to bootloader.o(i.verify_application) for verify_application
    main.o(i.main) refers to led.o(i.led_set) for led_set
    main.o(i.main) refers to main.o(i.wait_release) for wait_release
    main.o(i.main) refers to bootloader.o(i.bootlader_main) for bootlader_main
    main.o(i.main) refers to main.o(.constdata) for __FUNCTION__
    main.o(i.wait_release) refers to utils.o(i.bl_delay_ms) for bl_delay_ms
    main.o(i.wait_release) refers to button.o(i.key_is_pressed) for key_is_pressed
    board.o(i.bl_lowlevel_deinit) refers to bl_uart.o(i.bl_uart_deinit) for bl_uart_deinit
    board.o(i.board_lowlevel_init) refers to stm32f4xx_rcc.o(i.RCC_AHB1PeriphClockCmd) for RCC_AHB1PeriphClockCmd
    board.o(i.board_lowlevel_init) refers to stm32f4xx_rcc.o(i.RCC_APB2PeriphClockCmd) for RCC_APB2PeriphClockCmd
    board.o(i.board_lowlevel_init) refers to stm32f4xx_rcc.o(i.RCC_APB1PeriphClockCmd) for RCC_APB1PeriphClockCmd
    startup_stm32f40_41xxx.o(RESET) refers to startup_stm32f40_41xxx.o(STACK) for __initial_sp
    startup_stm32f40_41xxx.o(RESET) refers to startup_stm32f40_41xxx.o(.text) for Reset_Handler
    startup_stm32f40_41xxx.o(RESET) refers to utils.o(i.SysTick_Handler) for SysTick_Handler
    startup_stm32f40_41xxx.o(RESET) refers to bl_uart.o(i.USART1_IRQHandler) for USART1_IRQHandler
    startup_stm32f40_41xxx.o(.text) refers to system_stm32f4xx.o(i.SystemInit) for SystemInit
    startup_stm32f40_41xxx.o(.text) refers to entry.o(.ARM.Collect$$$$00000000) for __main
    system_stm32f4xx.o(i.SystemCoreClockUpdate) refers to system_stm32f4xx.o(.data) for SystemCoreClock
    system_stm32f4xx.o(i.SystemInit) refers to system_stm32f4xx.o(i.SetSysClock) for SetSysClock
    stm32f4xx_adc.o(i.ADC_DeInit) refers to stm32f4xx_rcc.o(i.RCC_APB2PeriphResetCmd) for RCC_APB2PeriphResetCmd
    stm32f4xx_can.o(i.CAN_DeInit) refers to stm32f4xx_rcc.o(i.RCC_APB1PeriphResetCmd) for RCC_APB1PeriphResetCmd
    stm32f4xx_can.o(i.CAN_GetITStatus) refers to stm32f4xx_can.o(i.CheckITStatus) for CheckITStatus
    stm32f4xx_cryp.o(i.CRYP_DeInit) refers to stm32f4xx_rcc.o(i.RCC_AHB2PeriphResetCmd) for RCC_AHB2PeriphResetCmd
    stm32f4xx_cryp_aes.o(i.CRYP_AES_CBC) refers to stm32f4xx_cryp.o(i.CRYP_KeyStructInit) for CRYP_KeyStructInit
    stm32f4xx_cryp_aes.o(i.CRYP_AES_CBC) refers to stm32f4xx_cryp.o(i.CRYP_FIFOFlush) for CRYP_FIFOFlush
    stm32f4xx_cryp_aes.o(i.CRYP_AES_CBC) refers to stm32f4xx_cryp.o(i.CRYP_Init) for CRYP_Init
    stm32f4xx_cryp_aes.o(i.CRYP_AES_CBC) refers to stm32f4xx_cryp.o(i.CRYP_KeyInit) for CRYP_KeyInit
    stm32f4xx_cryp_aes.o(i.CRYP_AES_CBC) refers to stm32f4xx_cryp.o(i.CRYP_Cmd) for CRYP_Cmd
    stm32f4xx_cryp_aes.o(i.CRYP_AES_CBC) refers to stm32f4xx_cryp.o(i.CRYP_GetFlagStatus) for CRYP_GetFlagStatus
    stm32f4xx_cryp_aes.o(i.CRYP_AES_CBC) refers to stm32f4xx_cryp.o(i.CRYP_IVInit) for CRYP_IVInit
    stm32f4xx_cryp_aes.o(i.CRYP_AES_CBC) refers to stm32f4xx_cryp.o(i.CRYP_GetCmdStatus) for CRYP_GetCmdStatus
    stm32f4xx_cryp_aes.o(i.CRYP_AES_CBC) refers to stm32f4xx_cryp.o(i.CRYP_DataIn) for CRYP_DataIn
    stm32f4xx_cryp_aes.o(i.CRYP_AES_CBC) refers to stm32f4xx_cryp.o(i.CRYP_DataOut) for CRYP_DataOut
    stm32f4xx_cryp_aes.o(i.CRYP_AES_CCM) refers to stm32f4xx_cryp.o(i.CRYP_KeyStructInit) for CRYP_KeyStructInit
    stm32f4xx_cryp_aes.o(i.CRYP_AES_CCM) refers to stm32f4xx_cryp.o(i.CRYP_FIFOFlush) for CRYP_FIFOFlush
    stm32f4xx_cryp_aes.o(i.CRYP_AES_CCM) refers to stm32f4xx_cryp.o(i.CRYP_KeyInit) for CRYP_KeyInit
    stm32f4xx_cryp_aes.o(i.CRYP_AES_CCM) refers to stm32f4xx_cryp.o(i.CRYP_IVInit) for CRYP_IVInit
    stm32f4xx_cryp_aes.o(i.CRYP_AES_CCM) refers to stm32f4xx_cryp.o(i.CRYP_Init) for CRYP_Init
    stm32f4xx_cryp_aes.o(i.CRYP_AES_CCM) refers to stm32f4xx_cryp.o(i.CRYP_PhaseConfig) for CRYP_PhaseConfig
[...]
    ../clib/microlib/init/entry.s            0x00000000   Number         0  entry.o ABSOLUTE
    ../clib/microlib/init/entry.s            0x00000000   Number         0  entry12b.o ABSOLUTE
    ../clib/microlib/init/entry.s            0x00000000   Number         0  entry12a.o ABSOLUTE
    ../clib/microlib/init/entry.s            0x00000000   Number         0  entry11b.o ABSOLUTE
    ../clib/microlib/init/entry.s            0x00000000   Number         0  entry8b.o ABSOLUTE
    ../clib/microlib/init/entry.s            0x00000000   Number         0  entry11a.o ABSOLUTE
    ../clib/microlib/init/entry.s            0x00000000   Number         0  entry9a.o ABSOLUTE
    ../clib/microlib/init/entry.s            0x00000000   Number         0  entry8a.o ABSOLUTE
    ../clib/microlib/init/entry.s            0x00000000   Number         0  entry7a.o ABSOLUTE
    ../clib/microlib/init/entry.s            0x00000000   Number         0  entry2.o ABSOLUTE
    ../clib/microlib/init/entry.s            0x00000000   Number         0  entry10a.o ABSOLUTE
    ../clib/microlib/init/entry.s            0x00000000   Number         0  entry7b.o ABSOLUTE
    ../clib/microlib/init/entry.s            0x00000000   Number         0  entry9b.o ABSOLUTE
    ../clib/microlib/longlong.c              0x00000000   Number         0  llsshr.o ABSOLUTE
    ../clib/microlib/longlong.c              0x00000000   Number         0  llshl.o ABSOLUTE
    ../clib/microlib/longlong.c              0x00000000   Number         0  llushr.o ABSOLUTE
    ../clib/microlib/printf/printf.c         0x00000000   Number         0  printfb.o ABSOLUTE
    ../clib/microlib/printf/printf.c         0x00000000   Number         0  printf2.o ABSOLUTE
    ../clib/microlib/printf/printf.c         0x00000000   Number         0  printf0.o ABSOLUTE
    ../clib/microlib/printf/printf.c         0x00000000   Number         0  printf5.o ABSOLUTE
    ../clib/microlib/printf/printf.c         0x00000000   Number         0  printf6.o ABSOLUTE
    ../clib/microlib/printf/printf.c         0x00000000   Number         0  printf7.o ABSOLUTE
    ../clib/microlib/printf/printf.c         0x00000000   Number         0  printf1.o ABSOLUTE
    ../clib/microlib/printf/printf.c         0x00000000   Number         0  printf8.o ABSOLUTE
    ../clib/microlib/printf/printf.c         0x00000000   Number         0  printfa.o ABSOLUTE
    ../clib/microlib/printf/printf.c         0x00000000   Number         0  printf4.o ABSOLUTE
    ../clib/microlib/printf/printf.c         0x00000000   Number         0  printf3.o ABSOLUTE
    ../clib/microlib/printf/stubs.s          0x00000000   Number         0  stubs.o ABSOLUTE
    ../clib/microlib/stdio/fputc.c           0x00000000   Number         0  fputc.o ABSOLUTE
    ../clib/microlib/stdio/semi.s            0x00000000   Number         0  semi.o ABSOLUTE
    ../clib/microlib/stdio/streams.c         0x00000000   Number         0  stdout.o ABSOLUTE
    ../clib/microlib/string/memchr.c         0x00000000   Number         0  memchr.o ABSOLUTE
    ../clib/microlib/string/memset.c         0x00000000   Number         0  memseta.o ABSOLUTE
    ../clib/microlib/string/strlen.c         0x00000000   Number         0  strlen.o ABSOLUTE
    ../clib/microlib/string/strncmp.c        0x00000000   Number         0  strncmp.o ABSOLUTE
    ../clib/microlib/string/strncpy.c        0x00000000   Number         0  strncpy.o ABSOLUTE
    ../clib/microlib/string/strstr.c         0x00000000   Number         0  strstr.o ABSOLUTE
    ../clib/microlib/stubs.s                 0x00000000   Number         0  iusesemip.o ABSOLUTE
    ../clib/microlib/stubs.s                 0x00000000   Number         0  iusefp.o ABSOLUTE
    ../fplib/microlib/fpadd.c                0x00000000   Number         0  dadd.o ABSOLUTE
    ../fplib/microlib/fpdiv.c                0x00000000   Number         0  ddiv.o ABSOLUTE
    ../fplib/microlib/fpepilogue.c           0x00000000   Number         0  depilogue.o ABSOLUTE
    ../fplib/microlib/fpfix.c                0x00000000   Number         0  dfixul.o ABSOLUTE
    ../fplib/microlib/fpmul.c                0x00000000   Number         0  dmul.o ABSOLUTE
    ..\\app\\board.c                         0x00000000   Number         0  board.o ABSOLUTE
    ..\\app\\main.c                          0x00000000   Number         0  main.o ABSOLUTE
    ..\\boot\\arginfo.c                      0x00000000   Number         0  arginfo.o ABSOLUTE
    ..\\boot\\bl_uart.c                      0x00000000   Number         0  bl_uart.o ABSOLUTE
    ..\\boot\\bootloader.c                   0x00000000   Number         0  bootloader.o ABSOLUTE
    ..\\boot\\button.c                       0x00000000   Number         0  button.o ABSOLUTE
    ..\\boot\\led.c                          0x00000000   Number         0  led.o ABSOLUTE
    ..\\boot\\norflash.c                     0x00000000   Number         0  norflash.o ABSOLUTE
    ..\\boot\\utils.c                        0x00000000   Number         0  utils.o ABSOLUTE
    ..\\component\\easylogger\\port\\elog_port.c 0x00000000   Number         0  elog_port.o ABSOLUTE
    ..\\component\\ringbuffer\\ringbuffer.c  0x00000000   Number         0  ringbuffer.o ABSOLUTE
    ..\\firmware\\cmsis\\device\\system_stm32f4xx.c 0x00000000   Number         0  system_stm32f4xx.o ABSOLUTE
    ..\\firmware\\driver\\src\\misc.c        0x00000000   Number         0  misc.o ABSOLUTE
    ..\\firmware\\driver\\src\\stm32f4xx_adc.c 0x00000000   Number         0  stm32f4xx_adc.o ABSOLUTE
    ..\\firmware\\driver\\src\\stm32f4xx_can.c 0x00000000   Number         0  stm32f4xx_can.o ABSOLUTE
    ..\\firmware\\driver\\src\\stm32f4xx_cec.c 0x00000000   Number         0  stm32f4xx_cec.o ABSOLUTE
    ..\\firmware\\driver\\src\\stm32f4xx_crc.c 0x00000000   Number         0  stm32f4xx_crc.o ABSOLUTE
    ..\\firmware\\driver\\src\\stm32f4xx_cryp.c 0x00000000   Number         0  stm32f4xx_cryp.o ABSOLUTE
    ..\\firmware\\driver\\src\\stm32f4xx_cryp_aes.c 0x00000000   Number         0  stm32f4xx_cryp_aes.o ABSOLUTE
    ..\\firmware\\driver\\src\\stm32f4xx_cryp_des.c 0x00000000   Number         0  stm32f4xx_cryp_des.o ABSOLUTE
    ..\\firmware\\driver\\src\\stm32f4xx_cryp_tdes.c 0x00000000   Number         0  stm32f4xx_cryp_tdes.o ABSOLUTE
    ..\\firmware\\driver\\src\\stm32f4xx_dac.c 0x00000000   Number         0  stm32f4xx_dac.o ABSOLUTE
    ..\\firmware\\driver\\src\\stm32f4xx_dbgmcu.c 0x00000000   Number         0  stm32f4xx_dbgmcu.o ABSOLUTE
    ..\\firmware\\driver\\src\\stm32f4xx_dcmi.c 0x00000000   Number         0  stm32f4xx_dcmi.o ABSOLUTE
    ..\\firmware\\driver\\src\\stm32f4xx_dfsdm.c 0x00000000   Number         0  stm32f4xx_dfsdm.o ABSOLUTE
    ..\\firmware\\driver\\src\\stm32f4xx_dma.c 0x00000000   Number         0  stm32f4xx_dma.o ABSOLUTE
    ..\\firmware\\driver\\src\\stm32f4xx_dma2d.c 0x00000000   Number         0  stm32f4xx_dma2d.o ABSOLUTE
    ..\\firmware\\driver\\src\\stm32f4xx_dsi.c 0x00000000   Number         0  stm32f4xx_dsi.o ABSOLUTE
    ..\\firmware\\driver\\src\\stm32f4xx_exti.c 0x00000000   Number         0  stm32f4xx_exti.o ABSOLUTE
    ..\\firmware\\driver\\src\\stm32f4xx_flash.c 0x00000000   Number         0  stm32f4xx_flash.o ABSOLUTE
    ..\\firmware\\driver\\src\\stm32f4xx_flash_ramfunc.c 0x00000000   Number         0  stm32f4xx_flash_ramfunc.o ABSOLUTE
    ..\\firmware\\driver\\src\\stm32f4xx_fmpi2c.c 0x00000000   Number         0  stm32f4xx_fmpi2c.o ABSOLUTE
    ..\\firmware\\driver\\src\\stm32f4xx_fsmc.c 0x00000000   Number         0  stm32f4xx_fsmc.o ABSOLUTE
    ..\\firmware\\driver\\src\\stm32f4xx_gpio.c 0x00000000   Number         0  stm32f4xx_gpio.o ABSOLUTE
    ..\\firmware\\driver\\src\\stm32f4xx_hash.c 0x00000000   Number         0  stm32f4xx_hash.o ABSOLUTE
    ..\\firmware\\driver\\src\\stm32f4xx_hash_md5.c 0x00000000   Number         0  stm32f4xx_hash_md5.o ABSOLUTE
    ..\\firmware\\driver\\src\\stm32f4xx_hash_sha1.c 0x00000000   Number         0  stm32f4xx_hash_sha1.o ABSOLUTE
    ..\\firmware\\driver\\src\\stm32f4xx_i2c.c 0x00000000   Number         0  stm32f4xx_i2c.o ABSOLUTE
    ..\\firmware\\driver\\src\\stm32f4xx_iwdg.c 0x00000000   Number         0  stm32f4xx_iwdg.o ABSOLUTE
    ..\\firmware\\driver\\src\\stm32f4xx_lptim.c 0x00000000   Number         0  stm32f4xx_lptim.o ABSOLUTE
    ..\\firmware\\driver\\src\\stm32f4xx_ltdc.c 0x00000000   Number         0  stm32f4xx_ltdc.o ABSOLUTE
    ..\\firmware\\driver\\src\\stm32f4xx_pwr.c 0x00000000   Number         0  stm32f4xx_pwr.o ABSOLUTE
    ..\\firmware\\driver\\src\\stm32f4xx_qspi.c 0x00000000   Number         0  stm32f4xx_qspi.o ABSOLUTE
    ..\\firmware\\driver\\src\\stm32f4xx_rcc.c 0x00000000   Number         0  stm32f4xx_rcc.o ABSOLUTE
    ..\\firmware\\driver\\src\\stm32f4xx_rng.c 0x00000000   Number         0  stm32f4xx_rng.o ABSOLUTE
    ..\\firmware\\driver\\src\\stm32f4xx_rtc.c 0x00000000   Number         0  stm32f4xx_rtc.o ABSOLUTE
    ..\\firmware\\driver\\src\\stm32f4xx_sai.c 0x00000000   Number         0  stm32f4xx_sai.o ABSOLUTE
    ..\\firmware\\driver\\src\\stm32f4xx_sdio.c 0x00000000   Number         0  stm32f4xx_sdio.o ABSOLUTE
    ..\\firmware\\driver\\src\\stm32f4xx_spdifrx.c 0x00000000   Number         0  stm32f4xx_spdifrx.o ABSOLUTE
    ..\\firmware\\driver\\src\\stm32f4xx_spi.c 0x00000000   Number         0  stm32f4xx_spi.o ABSOLUTE
    ..\\firmware\\driver\\src\\stm32f4xx_syscfg.c 0x00000000   Number         0  stm32f4xx_syscfg.o ABSOLUTE
    ..\\firmware\\driver\\src\\stm32f4xx_tim.c 0x00000000   Number         0  stm32f4xx_tim.o ABSOLUTE
    ..\\firmware\\driver\\src\\stm32f4xx_usart.c 0x00000000   Number         0  stm32f4xx_usart.o ABSOLUTE
    ..\\firmware\\driver\\src\\stm32f4xx_wwdg.c 0x00000000   Number         0  stm32f4xx_wwdg.o ABSOLUTE
    ..\app\board.c                           0x00000000   Number         0  board.o ABSOLUTE
    ..\app\main.c                            0x00000000   Number         0  main.o ABSOLUTE
    ..\boot\arginfo.c                        0x00000000   Number         0  arginfo.o ABSOLUTE
    ..\boot\bl_uart.c                        0x00000000   Number         0  bl_uart.o ABSOLUTE
    ..\boot\bootloader.c                     0x00000000   Number         0  bootloader.o ABSOLUTE
    ..\boot\button.c                         0x00000000   Number         0  button.o ABSOLUTE
    ..\boot\led.c                            0x00000000   Number         0  led.o ABSOLUTE
    ..\boot\norflash.c                       0x00000000   Number         0  norflash.o ABSOLUTE
    ..\boot\utils.c                          0x00000000   Number         0  utils.o ABSOLUTE
    ..\component\crc\crc32.c                 0x00000000   Number         0  crc32.o ABSOLUTE
    ..\component\easylogger\port\elog_port.c 0x00000000   Number         0  elog_port.o ABSOLUTE
    ..\component\easylogger\src\elog.c       0x00000000   Number         0  elog.o ABSOLUTE
    ..\component\easylogger\src\elog_utils.c 0x00000000   Number         0  elog_utils.o ABSOLUTE
    ..\component\ringbuffer\ringbuffer.c     0x00000000   Number         0  ringbuffer.o ABSOLUTE
    ..\firmware\cmsis\device\startup_stm32f40_41xxx.s 0x00000000   Number         0  startup_stm32f40_41xxx.o ABSOLUTE
    ..\firmware\cmsis\device\system_stm32f4xx.c 0x00000000   Number         0  system_stm32f4xx.o ABSOLUTE
    ..\firmware\driver\src\misc.c            0x00000000   Number         0  misc.o ABSOLUTE
    ..\firmware\driver\src\stm32f4xx_adc.c   0x00000000   Number         0  stm32f4xx_adc.o ABSOLUTE
    ..\firmware\driver\src\stm32f4xx_can.c   0x00000000   Number         0  stm32f4xx_can.o ABSOLUTE
    ..\firmware\driver\src\stm32f4xx_cec.c   0x00000000   Number         0  stm32f4xx_cec.o ABSOLUTE
    ..\firmware\driver\src\stm32f4xx_crc.c   0x00000000   Number         0  stm32f4xx_crc.o ABSOLUTE
    ..\firmware\driver\src\stm32f4xx_cryp.c  0x00000000   Number         0  stm32f4xx_cryp.o ABSOLUTE
    ..\firmware\driver\src\stm32f4xx_cryp_aes.c 0x00000000   Number         0  stm32f4xx_cryp_aes.o ABSOLUTE
    ..\firmware\driver\src\stm32f4xx_cryp_des.c 0x00000000   Number         0  stm32f4xx_cryp_des.o ABSOLUTE
    ..\firmware\driver\src\stm32f4xx_cryp_tdes.c 0x00000000   Number         0  stm32f4xx_cryp_tdes.o ABSOLUTE
    ..\firmware\driver\src\stm32f4xx_dac.c   0x00000000   Number         0  stm32f4xx_dac.o ABSOLUTE
    ..\firmware\driver\src\stm32f4xx_dbgmcu.c 0x00000000   Number         0  stm32f4xx_dbgmcu.o ABSOLUTE
    ..\firmware\driver\src\stm32f4xx_dcmi.c  0x00000000   Number         0  stm32f4xx_dcmi.o ABSOLUTE
    ..\firmware\driver\src\stm32f4xx_dfsdm.c 0x00000000   Number         0  stm32f4xx_dfsdm.o ABSOLUTE
    ..\firmware\driver\src\stm32f4xx_dma.c   0x00000000   Number         0  stm32f4xx_dma.o ABSOLUTE
    ..\firmware\driver\src\stm32f4xx_dma2d.c 0x00000000   Number         0  stm32f4xx_dma2d.o ABSOLUTE
    ..\firmware\driver\src\stm32f4xx_dsi.c   0x00000000   Number         0  stm32f4xx_dsi.o ABSOLUTE
    ..\firmware\driver\src\stm32f4xx_exti.c  0x00000000   Number         0  stm32f4xx_exti.o ABSOLUTE
    ..\firmware\driver\src\stm32f4xx_flash.c 0x00000000   Number         0  stm32f4xx_flash.o ABSOLUTE
    ..\firmware\driver\src\stm32f4xx_flash_ramfunc.c 0x00000000   Number         0  stm32f4xx_flash_ramfunc.o ABSOLUTE
    ..\firmware\driver\src\stm32f4xx_fmpi2c.c 0x00000000   Number         0  stm32f4xx_fmpi2c.o ABSOLUTE
    ..\firmware\driver\src\stm32f4xx_fsmc.c  0x00000000   Number         0  stm32f4xx_fsmc.o ABSOLUTE
    ..\firmware\driver\src\stm32f4xx_gpio.c  0x00000000   Number         0  stm32f4xx_gpio.o ABSOLUTE
    ..\firmware\driver\src\stm32f4xx_hash.c  0x00000000   Number         0  stm32f4xx_hash.o ABSOLUTE
    ..\firmware\driver\src\stm32f4xx_hash_md5.c 0x00000000   Number         0  stm32f4xx_hash_md5.o ABSOLUTE
    ..\firmware\driver\src\stm32f4xx_hash_sha1.c 0x00000000   Number         0  stm32f4xx_hash_sha1.o ABSOLUTE
    ..\firmware\driver\src\stm32f4xx_i2c.c   0x00000000   Number         0  stm32f4xx_i2c.o ABSOLUTE
    ..\firmware\driver\src\stm32f4xx_iwdg.c  0x00000000   Number         0  stm32f4xx_iwdg.o ABSOLUTE
    ..\firmware\driver\src\stm32f4xx_lptim.c 0x00000000   Number         0  stm32f4xx_lptim.o ABSOLUTE
    ..\firmware\driver\src\stm32f4xx_ltdc.c  0x00000000   Number         0  stm32f4xx_ltdc.o ABSOLUTE
    ..\firmware\driver\src\stm32f4xx_pwr.c   0x00000000   Number         0  stm32f4xx_pwr.o ABSOLUTE
    ..\firmware\driver\src\stm32f4xx_qspi.c  0x00000000   Number         0  stm32f4xx_qspi.o ABSOLUTE
    ..\firmware\driver\src\stm32f4xx_rcc.c   0x00000000   Number         0  stm32f4xx_rcc.o ABSOLUTE
    ..\firmware\driver\src\stm32f4xx_rng.c   0x00000000   Number         0  stm32f4xx_rng.o ABSOLUTE
    ..\firmware\driver\src\stm32f4xx_rtc.c   0x00000000   Number         0  stm32f4xx_rtc.o ABSOLUTE
    ..\firmware\driver\src\stm32f4xx_sai.c   0x00000000   Number         0  stm32f4xx_sai.o ABSOLUTE
    ..\firmware\driver\src\stm32f4xx_sdio.c  0x00000000   Number         0  stm32f4xx_sdio.o ABSOLUTE
    ..\firmware\driver\src\stm32f4xx_spdifrx.c 0x00000000   Number         0  stm32f4xx_spdifrx.o ABSOLUTE
    ..\firmware\driver\src\stm32f4xx_spi.c   0x00000000   Number         0  stm32f4xx_spi.o ABSOLUTE
    ..\firmware\driver\src\stm32f4xx_syscfg.c 0x00000000   Number         0  stm32f4xx_syscfg.o ABSOLUTE
    ..\firmware\driver\src\stm32f4xx_tim.c   0x00000000   Number         0  stm32f4xx_tim.o ABSOLUTE
    ..\firmware\driver\src\stm32f4xx_usart.c 0x00000000   Number         0  stm32f4xx_usart.o ABSOLUTE
    ..\firmware\driver\src\stm32f4xx_wwdg.c  0x00000000   Number         0  stm32f4xx_wwdg.o ABSOLUTE
    cdrcmple.s                               0x00000000   Number         0  cdrcmple.o ABSOLUTE
    dc.s                                     0x00000000   Number         0  dc.o ABSOLUTE
    handlers.s                               0x00000000   Number         0  handlers.o ABSOLUTE
    init.s                                   0x00000000   Number         0  init.o ABSOLUTE
    RESET                                    0x08000000   Section      392  startup_stm32f40_41xxx.o(RESET)
    .ARM.Collect$$$$00000000                 0x08000188   Section        0  entry.o(.ARM.Collect$$$$00000000)
    .ARM.Collect$$$$00000001                 0x08000188   Section        4  entry2.o(.ARM.Collect$$$$00000001)
    .ARM.Collect$$$$00000004                 0x0800018c   Section        4  entry5.o(.ARM.Collect$$$$00000004)
    .ARM.Collect$$$$00000008                 0x08000190   Section        0  entry7b.o(.ARM.Collect$$$$00000008)
    .ARM.Collect$$$$0000000A                 0x08000190   Section        0  entry8b.o(.ARM.Collect$$$$0000000A)
    .ARM.Collect$$$$0000000B                 0x08000190   Section        8  entry9a.o(.ARM.Collect$$$$0000000B)
    .ARM.Collect$$$$0000000E                 0x08000198   Section        4  entry12b.o(.ARM.Collect$$$$0000000E)
    .ARM.Collect$$$$0000000F                 0x0800019c   Section        0  entry10a.o(.ARM.Collect$$$$0000000F)
    .ARM.Collect$$$$00000011                 0x0800019c   Section        0  entry11a.o(.ARM.Collect$$$$00000011)
    .ARM.Collect$$$$00002712                 0x0800019c   Section        4  entry2.o(.ARM.Collect$$$$00002712)
    __lit__00000000                          0x0800019c   Data           4  entry2.o(.ARM.Collect$$$$00002712)
    .text                                    0x080001a0   Section       44  startup_stm32f40_41xxx.o(.text)
    $v0                                      0x080001a0   Number         0  startup_stm32f40_41xxx.o(.text)
    .text                                    0x080001cc   Section        0  memseta.o(.text)
    .text                                    0x080001f0   Section        0  strstr.o(.text)
    .text                                    0x08000214   Section        0  strlen.o(.text)
    .text                                    0x08000222   Section        0  strncmp.o(.text)
    .text                                    0x08000240   Section        0  uidiv.o(.text)
    .text                                    0x0800026c   Section        0  uldiv.o(.text)
    .text                                    0x080002ce   Section        0  dadd.o(.text)
    .text                                    0x080002ce   Section        0  iusefp.o(.text)
    .text                                    0x0800041c   Section        0  dmul.o(.text)
    .text                                    0x08000500   Section        0  ddiv.o(.text)
    .text                                    0x080005de   Section        0  dfixul.o(.text)
    .text                                    0x08000610   Section       48  cdrcmple.o(.text)
    .text                                    0x08000640   Section       36  init.o(.text)
    .text                                    0x08000664   Section        0  llshl.o(.text)
    .text                                    0x08000682   Section        0  llushr.o(.text)
    .text                                    0x080006a2   Section        0  llsshr.o(.text)
    .text                                    0x080006c6   Section        0  depilogue.o(.text)
    i.FLASH_EraseSector                      0x08000780   Section        0  stm32f4xx_flash.o(i.FLASH_EraseSector)
    i.FLASH_GetFlagStatus                    0x08000808   Section        0  stm32f4xx_flash.o(i.FLASH_GetFlagStatus)
    i.FLASH_GetStatus                        0x08000820   Section        0  stm32f4xx_flash.o(i.FLASH_GetStatus)
    i.FLASH_Lock                             0x08000874   Section        0  stm32f4xx_flash.o(i.FLASH_Lock)
    i.FLASH_ProgramWord                      0x08000888   Section        0  stm32f4xx_flash.o(i.FLASH_ProgramWord)
    i.FLASH_Unlock                           0x080008d8   Section        0  stm32f4xx_flash.o(i.FLASH_Unlock)
    i.FLASH_WaitForLastOperation             0x080008fc   Section        0  stm32f4xx_flash.o(i.FLASH_WaitForLastOperation)
    i.GPIO_Init                              0x0800091e   Section        0  stm32f4xx_gpio.o(i.GPIO_Init)
    i.GPIO_PinAFConfig                       0x080009ae   Section        0  stm32f4xx_gpio.o(i.GPIO_PinAFConfig)
    i.GPIO_ReadInputDataBit                  0x080009f4   Section        0  stm32f4xx_gpio.o(i.GPIO_ReadInputDataBit)
    i.GPIO_WriteBit                          0x08000a06   Section        0  stm32f4xx_gpio.o(i.GPIO_WriteBit)
    i.NVIC_Init                              0x08000a14   Section        0  misc.o(i.NVIC_Init)
    i.NVIC_PriorityGroupConfig               0x08000a8c   Section        0  misc.o(i.NVIC_PriorityGroupConfig)
    i.NVIC_SystemReset                       0x08000aa0   Section        0  bootloader.o(i.NVIC_SystemReset)
    NVIC_SystemReset                         0x08000aa1   Thumb Code    56  bootloader.o(i.NVIC_SystemReset)
    i.RCC_AHB1PeriphClockCmd                 0x08000ae0   Section        0  stm32f4xx_rcc.o(i.RCC_AHB1PeriphClockCmd)
    i.RCC_APB1PeriphClockCmd                 0x08000b00   Section        0  stm32f4xx_rcc.o(i.RCC_APB1PeriphClockCmd)
    i.RCC_APB2PeriphClockCmd                 0x08000b20   Section        0  stm32f4xx_rcc.o(i.RCC_APB2PeriphClockCmd)
    i.RCC_GetClocksFreq                      0x08000b40   Section        0  stm32f4xx_rcc.o(i.RCC_GetClocksFreq)
    i.SetSysClock                            0x08000c28   Section        0  system_stm32f4xx.o(i.SetSysClock)
    SetSysClock                              0x08000c29   Thumb Code   220  system_stm32f4xx.o(i.SetSysClock)
    i.SysTick_Handler                        0x08000d14   Section        0  utils.o(i.SysTick_Handler)
    i.SystemInit                             0x08000d24   Section        0  system_stm32f4xx.o(i.SystemInit)
    i.USART1_IRQHandler                      0x08000d8c   Section        0  bl_uart.o(i.USART1_IRQHandler)
    i.USART_ClearFlag                        0x08000dc4   Section        0  stm32f4xx_usart.o(i.USART_ClearFlag)
    i.USART_Cmd                              0x08000dd6   Section        0  stm32f4xx_usart.o(i.USART_Cmd)
    i.USART_GetFlagStatus                    0x08000dee   Section        0  stm32f4xx_usart.o(i.USART_GetFlagStatus)
    i.USART_GetITStatus                      0x08000e08   Section        0  stm32f4xx_usart.o(i.USART_GetITStatus)
    i.USART_ITConfig                         0x08000e5c   Section        0  stm32f4xx_usart.o(i.USART_ITConfig)
    i.USART_Init                             0x08000ea8   Section        0  stm32f4xx_usart.o(i.USART_Init)
    i.USART_ReceiveData                      0x08000f7c   Section        0  stm32f4xx_usart.o(i.USART_ReceiveData)
    i.USART_SendData                         0x08000f86   Section        0  stm32f4xx_usart.o(i.USART_SendData)
    i.__0snprintf                            0x08000f90   Section        0  printfa.o(i.__0snprintf)
    i.__0sprintf                             0x08000fc4   Section        0  printfa.o(i.__0sprintf)
    i.__0vsnprintf                           0x08000fec   Section        0  printfa.o(i.__0vsnprintf)
    i.__scatterload_copy                     0x08001020   Section       14  handlers.o(i.__scatterload_copy)
    i.__scatterload_null                     0x0800102e   Section        2  handlers.o(i.__scatterload_null)
    i.__scatterload_zeroinit                 0x08001030   Section       14  handlers.o(i.__scatterload_zeroinit)
    i._fp_digits                             0x08001040   Section        0  printfa.o(i._fp_digits)
    _fp_digits                               0x08001041   Thumb Code   366  printfa.o(i._fp_digits)
    i._printf_core                           0x080011c4   Section        0  printfa.o(i._printf_core)
    _printf_core                             0x080011c5   Thumb Code  1704  printfa.o(i._printf_core)
    i._printf_post_padding                   0x08001878   Section        0  printfa.o(i._printf_post_padding)
    _printf_post_padding                     0x08001879   Thumb Code    36  printfa.o(i._printf_post_padding)
    i._printf_pre_padding                    0x0800189c   Section        0  printfa.o(i._printf_pre_padding)
    _printf_pre_padding                      0x0800189d   Thumb Code    46  printfa.o(i._printf_pre_padding)
    i._snputc                                0x080018ca   Section        0  printfa.o(i._snputc)
    _snputc                                  0x080018cb   Thumb Code    22  printfa.o(i._snputc)
    i._sputc                                 0x080018e0   Section        0  printfa.o(i._sputc)
    _sputc                                   0x080018e1   Thumb Code    10  printfa.o(i._sputc)
    i.arginfo_read                           0x080018ec   Section        0  arginfo.o(i.arginfo_read)
    i.bl_delay_init                          0x08001918   Section        0  utils.o(i.bl_delay_init)
    i.bl_delay_ms                            0x08001978   Section        0  utils.o(i.bl_delay_ms)
    i.bl_flash_erase                         0x08001990   Section        0  norflash.o(i.bl_flash_erase)
    i.bl_flash_lock                          0x08001a84   Section        0  norflash.o(i.bl_flash_lock)
    i.bl_flash_unlock                        0x08001a8c   Section        0  norflash.o(i.bl_flash_unlock)
    i.bl_flash_write_word                    0x08001a94   Section        0  norflash.o(i.bl_flash_write_word)
    i.bl_fullpkt_handler                     0x08001b00   Section        0  bootloader.o(i.bl_fullpkt_handler)
    bl_fullpkt_handler                       0x08001b01   Thumb Code   126  bootloader.o(i.bl_fullpkt_handler)
    i.bl_lowlevel_deinit                     0x08001b7e   Section        0  board.o(i.bl_lowlevel_deinit)
    i.bl_now                                 0x08001b90   Section        0  utils.o(i.bl_now)
    i.bl_op_boot_handler                     0x08001b9c   Section        0  bootloader.o(i.bl_op_boot_handler)
    bl_op_boot_handler                       0x08001b9d   Thumb Code    32  bootloader.o(i.bl_op_boot_handler)
    i.bl_op_erase_handler                    0x08001bf0   Section        0  bootloader.o(i.bl_op_erase_handler)
    bl_op_erase_handler                      0x08001bf1   Thumb Code   126  bootloader.o(i.bl_op_erase_handler)
    i.bl_op_inquiry_handler                  0x08001ce4   Section        0  bootloader.o(i.bl_op_inquiry_handler)
    bl_op_inquiry_handler                    0x08001ce5   Thumb Code   182  bootloader.o(i.bl_op_inquiry_handler)
    i.bl_op_read_handler                     0x08001e34   Section        0  bootloader.o(i.bl_op_read_handler)
    bl_op_read_handler                       0x08001e35   Thumb Code     2  bootloader.o(i.bl_op_read_handler)
    i.bl_op_reset_handler                    0x08001e38   Section        0  bootloader.o(i.bl_op_reset_handler)
    bl_op_reset_handler                      0x08001e39   Thumb Code    26  bootloader.o(i.bl_op_reset_handler)
    i.bl_op_verify_handler                   0x08001e88   Section        0  bootloader.o(i.bl_op_verify_handler)
    bl_op_verify_handler                     0x08001e89   Thumb Code   140  bootloader.o(i.bl_op_verify_handler)
    i.bl_op_write_handler                    0x08001f78   Section        0  bootloader.o(i.bl_op_write_handler)
    bl_op_write_handler                      0x08001f79   Thumb Code   134  bootloader.o(i.bl_op_write_handler)
    i.bl_pkt_verify                          0x08002074   Section        0  bootloader.o(i.bl_pkt_verify)
    i.bl_reset_sm                            0x080020be   Section        0  bootloader.o(i.bl_reset_sm)
    bl_reset_sm                              0x080020bf   Thumb Code    22  bootloader.o(i.bl_reset_sm)
    i.bl_response                            0x080020d4   Section        0  bootloader.o(i.bl_response)
    bl_response                              0x080020d5   Thumb Code   110  bootloader.o(i.bl_response)
    i.bl_response_ack                        0x08002142   Section        0  bootloader.o(i.bl_response_ack)
    bl_response_ack                          0x08002143   Thumb Code    16  bootloader.o(i.bl_response_ack)
    i.bl_uart_deinit                         0x08002154   Section        0  bl_uart.o(i.bl_uart_deinit)
    i.bl_uart_init                           0x08002170   Section        0  bl_uart.o(i.bl_uart_init)
    i.bl_uart_recv_callback_register         0x08002214   Section        0  bl_uart.o(i.bl_uart_recv_callback_register)
    i.bl_uart_recv_handler                   0x08002220   Section        0  bootloader.o(i.bl_uart_recv_handler)
    i.bl_uart_recv_temp_store                0x080024bc   Section        0  bootloader.o(i.bl_uart_recv_temp_store)
    bl_uart_recv_temp_store                  0x080024bd   Thumb Code    20  bootloader.o(i.bl_uart_recv_temp_store)
    i.bl_uart_write_data                     0x080024d4   Section        0  bl_uart.o(i.bl_uart_write_data)
    i.board_lowlevel_init                    0x08002510   Section        0  board.o(i.board_lowlevel_init)
    i.boot_application                       0x0800253c   Section        0  bootloader.o(i.boot_application)
    i.bootlader_main                         0x080025b8   Section        0  bootloader.o(i.bootlader_main)
    i.button_init                            0x080027a0   Section        0  button.o(i.button_init)
    i.button_is_pressed                      0x080027c8   Section        0  button.o(i.button_is_pressed)
    i.check_button                           0x080027e0   Section        0  main.o(i.check_button)
    check_button                             0x080027e1   Thumb Code    46  main.o(i.check_button)
    i.crc32_for_byte                         0x08002810   Section        0  crc32.o(i.crc32_for_byte)
    crc32_for_byte                           0x08002811   Thumb Code    34  crc32.o(i.crc32_for_byte)
    i.crc32_init                             0x08002838   Section        0  crc32.o(i.crc32_init)
    i.crc32_update                           0x08002860   Section        0  crc32.o(i.crc32_update)
    i.elog_get_filter_tag_lvl                0x08002898   Section        0  elog.o(i.elog_get_filter_tag_lvl)
    i.elog_init                              0x080029a4   Section        0  elog.o(i.elog_init)
    i.elog_output                            0x080029f0   Section        0  elog.o(i.elog_output)
    i.elog_output_lock                       0x08002dac   Section        0  elog.o(i.elog_output_lock)
    i.elog_output_lock_enabled               0x08002dd4   Section        0  elog.o(i.elog_output_lock_enabled)
    i.elog_output_unlock                     0x08002e14   Section        0  elog.o(i.elog_output_unlock)
    i.elog_port_get_p_info                   0x08002e3c   Section        0  elog_port.o(i.elog_port_get_p_info)
    i.elog_port_get_t_info                   0x08002e44   Section        0  elog_port.o(i.elog_port_get_t_info)
    i.elog_port_get_time                     0x08002e4c   Section        0  elog_port.o(i.elog_port_get_time)
    i.elog_port_init                         0x08002e70   Section        0  elog_port.o(i.elog_port_init)
    i.elog_port_output                       0x08002f1c   Section        0  elog_port.o(i.elog_port_output)
    i.elog_port_output_lock                  0x08002f60   Section        0  elog_port.o(i.elog_port_output_lock)
    i.elog_port_output_unlock                0x08002f62   Section        0  elog_port.o(i.elog_port_output_unlock)
    i.elog_set_filter_lvl                    0x08002f64   Section        0  elog.o(i.elog_set_filter_lvl)
    i.elog_set_filter_tag_lvl_default        0x08003028   Section        0  elog.o(i.elog_set_filter_tag_lvl_default)
    elog_set_filter_tag_lvl_default          0x08003029   Thumb Code    42  elog.o(i.elog_set_filter_tag_lvl_default)
    i.elog_set_fmt                           0x08003058   Section        0  elog.o(i.elog_set_fmt)
    i.elog_set_output_enabled                0x08003120   Section        0  elog.o(i.elog_set_output_enabled)
    i.elog_start                             0x080031f8   Section        0  elog.o(i.elog_start)
    i.elog_strcpy                            0x0800328c   Section        0  elog_utils.o(i.elog_strcpy)
    i.get_fmt_enabled                        0x08003398   Section        0  elog.o(i.get_fmt_enabled)
    get_fmt_enabled                          0x08003399   Thumb Code    90  elog.o(i.get_fmt_enabled)
    i.get_fmt_used_and_enabled_ptr           0x0800346c   Section        0  elog.o(i.get_fmt_used_and_enabled_ptr)
    get_fmt_used_and_enabled_ptr             0x0800346d   Thumb Code    28  elog.o(i.get_fmt_used_and_enabled_ptr)
    i.get_fmt_used_and_enabled_u32           0x08003488   Section        0  elog.o(i.get_fmt_used_and_enabled_u32)
    get_fmt_used_and_enabled_u32             0x08003489   Thumb Code    28  elog.o(i.get_fmt_used_and_enabled_u32)
    i.key_is_pressed                         0x080034a4   Section        0  button.o(i.key_is_pressed)
    i.led_init                               0x080034bc   Section        0  led.o(i.led_init)
    i.led_set                                0x080034f0   Section        0  led.o(i.led_set)
    i.main                                   0x08003514   Section        0  main.o(i.main)
    i.rb8_get                                0x08003658   Section        0  ringbuffer.o(i.rb8_get)
    i.rb8_gets                               0x08003680   Section        0  ringbuffer.o(i.rb8_gets)
    i.rb8_is_empty                           0x080036a4   Section        0  ringbuffer.o(i.rb8_is_empty)
    i.rb8_is_full                            0x080036b6   Section        0  ringbuffer.o(i.rb8_is_full)
    i.rb8_new                                0x080036ce   Section        0  ringbuffer.o(i.rb8_new)
    i.rb8_next_head                          0x080036da   Section        0  ringbuffer.o(i.rb8_next_head)
    i.rb8_next_tail                          0x080036f0   Section        0  ringbuffer.o(i.rb8_next_tail)
    i.rb8_put                                0x08003706   Section        0  ringbuffer.o(i.rb8_put)
    i.rb8_puts                               0x0800372c   Section        0  ringbuffer.o(i.rb8_puts)
    i.verify_application                     0x08003750   Section        0  bootloader.o(i.verify_application)
    i.wait_release                           0x080037fc   Section        0  main.o(i.wait_release)
    wait_release                             0x080037fd   Thumb Code    20  main.o(i.wait_release)
    .constdata                               0x08003810   Section        5  main.o(.constdata)
    __FUNCTION__                             0x08003810   Data           5  main.o(.constdata)
    .constdata                               0x08003815   Section      194  bootloader.o(.constdata)
    __FUNCTION__                             0x08003815   Data          22  bootloader.o(.constdata)
    __FUNCTION__                             0x0800382b   Data          19  bootloader.o(.constdata)
    __FUNCTION__                             0x0800383e   Data          20  bootloader.o(.constdata)
    __FUNCTION__                             0x08003852   Data          20  bootloader.o(.constdata)
    __FUNCTION__                             0x08003866   Data          20  bootloader.o(.constdata)
    __FUNCTION__                             0x0800387a   Data          21  bootloader.o(.constdata)
    __FUNCTION__                             0x0800388f   Data          21  bootloader.o(.constdata)
    __FUNCTION__                             0x080038a4   Data          15  bootloader.o(.constdata)
    __FUNCTION__                             0x080038b3   Data          19  bootloader.o(.constdata)
    __FUNCTION__                             0x080038c6   Data          17  bootloader.o(.constdata)
    .constdata                               0x080038d7   Section       35  norflash.o(.constdata)
    __FUNCTION__                             0x080038d7   Data          15  norflash.o(.constdata)
    __FUNCTION__                             0x080038e6   Data          20  norflash.o(.constdata)
    .constdata                               0x080038fa   Section      198  elog.o(.constdata)
    __FUNCTION__                             0x080038fa   Data          11  elog.o(.constdata)
    __FUNCTION__                             0x08003905   Data          10  elog.o(.constdata)
    __FUNCTION__                             0x0800390f   Data          24  elog.o(.constdata)
    __FUNCTION__                             0x08003927   Data          13  elog.o(.constdata)
    __FUNCTION__                             0x08003934   Data          16  elog.o(.constdata)
    __FUNCTION__                             0x08003944   Data          20  elog.o(.constdata)
    __FUNCTION__                             0x08003958   Data          24  elog.o(.constdata)
    __FUNCTION__                             0x08003970   Data          24  elog.o(.constdata)
    __FUNCTION__                             0x08003988   Data          12  elog.o(.constdata)
    __FUNCTION__                             0x08003994   Data          16  elog.o(.constdata)
    __FUNCTION__                             0x080039a4   Data          14  elog.o(.constdata)
    __FUNCTION__                             0x080039b2   Data          14  elog.o(.constdata)
    .constdata                               0x080039c0   Section       35  elog_utils.o(.constdata)
    __FUNCTION__                             0x080039c0   Data          12  elog_utils.o(.constdata)
    __FUNCTION__                             0x080039cc   Data          11  elog_utils.o(.constdata)
    __FUNCTION__                             0x080039d7   Data          12  elog_utils.o(.constdata)
    .conststring                             0x080039e4   Section       23  elog.o(.conststring)
    .data                                    0x20000000   Section       20  system_stm32f4xx.o(.data)
    .data                                    0x20000014   Section       16  stm32f4xx_rcc.o(.data)
    APBAHBPrescTable                         0x20000014   Data          16  stm32f4xx_rcc.o(.data)
    .data                                    0x20000024   Section        4  bl_uart.o(.data)
    .data                                    0x20000028   Section       16  bootloader.o(.data)
    serial_rx                                0x20000028   Data           4  bootloader.o(.data)
    last_pkt_time                            0x2000002c   Data           4  bootloader.o(.data)
    main_enter_time                          0x20000030   Data           4  bootloader.o(.data)
    last_passed_time                         0x20000034   Data           4  bootloader.o(.data)
    .data                                    0x20000038   Section       96  norflash.o(.data)
    bl_flash_desc                            0x20000038   Data          96  norflash.o(.data)
    .data                                    0x20000098   Section        4  utils.o(.data)
    ticks                                    0x20000098   Data           4  utils.o(.data)
    .data                                    0x2000009c   Section        1  crc32.o(.data)
    inited                                   0x2000009c   Data           1  crc32.o(.data)
    .data                                    0x200000a0   Section       28  elog.o(.data)
    level_output_info                        0x200000a0   Data          24  elog.o(.data)
    .bss                                     0x200000bc   Section      808  bootloader.o(.bss)
    bl_uart_buffer                           0x200000bc   Data         512  bootloader.o(.bss)
    .bss                                     0x200003e4   Section     1024  crc32.o(.bss)
    crc32_table                              0x200003e4   Data        1024  crc32.o(.bss)
    .bss                                     0x200007e4   Section       32  elog_port.o(.bss)
    stime                                    0x200007e4   Data          32  elog_port.o(.bss)
    .bss                                     0x20000804   Section      344  elog.o(.bss)
    elog                                     0x20000804   Data          88  elog.o(.bss)
    log_buf                                  0x2000085c   Data         256  elog.o(.bss)
    STACK                                    0x20000960   Section     4096  startup_stm32f40_41xxx.o(STACK)

    Global Symbols

    Symbol Name                              Value     Ov Type        Size  Object(Section)

    BuildAttributes$$THM_ISAv4$E$P$D$K$B$S$7EM$VFPi3$EXTD16$VFPS$VFMA$PE$A:L22UL41UL21$X:L11$S22US41US21$IEEE1$IW$USESV6$~STKCKD$USESV7$~SHL$OSPACE$ROPI$EBA8$MICROLIB$REQ8$PRES8$EABIv2 0x00000000   Number         0  anon$$obj.o ABSOLUTE
    __ARM_use_no_argv                        0x00000000   Number         0  main.o ABSOLUTE
    _printf_a                                0x00000000   Number         0  stubs.o ABSOLUTE
    _printf_c                                0x00000000   Number         0  stubs.o ABSOLUTE
    _printf_charcount                        0x00000000   Number         0  stubs.o ABSOLUTE
    _printf_d                                0x00000000   Number         0  stubs.o ABSOLUTE
    _printf_e                                0x00000000   Number         0  stubs.o ABSOLUTE
    _printf_f                                0x00000000   Number         0  stubs.o ABSOLUTE
    _printf_flags                            0x00000000   Number         0  stubs.o ABSOLUTE
    _printf_fp_dec                           0x00000000   Number         0  stubs.o ABSOLUTE
    _printf_fp_hex                           0x00000000   Number         0  stubs.o ABSOLUTE
    _printf_g                                0x00000000   Number         0  stubs.o ABSOLUTE
    _printf_i                                0x00000000   Number         0  stubs.o ABSOLUTE
    _printf_int_dec                          0x00000000   Number         0  stubs.o ABSOLUTE
    _printf_l                                0x00000000   Number         0  stubs.o ABSOLUTE
    _printf_lc                               0x00000000   Number         0  stubs.o ABSOLUTE
    _printf_ll                               0x00000000   Number         0  stubs.o ABSOLUTE
    _printf_lld                              0x00000000   Number         0  stubs.o ABSOLUTE
    _printf_lli                              0x00000000   Number         0  stubs.o ABSOLUTE
    _printf_llo                              0x00000000   Number         0  stubs.o ABSOLUTE
    _printf_llu                              0x00000000   Number         0  stubs.o ABSOLUTE
    _printf_llx                              0x00000000   Number         0  stubs.o ABSOLUTE
    _printf_longlong_dec                     0x00000000   Number         0  stubs.o ABSOLUTE
    _printf_longlong_hex                     0x00000000   Number         0  stubs.o ABSOLUTE
    _printf_longlong_oct                     0x00000000   Number         0  stubs.o ABSOLUTE
    _printf_ls                               0x00000000   Number         0  stubs.o ABSOLUTE
    _printf_mbtowc                           0x00000000   Number         0  stubs.o ABSOLUTE
    _printf_n                                0x00000000   Number         0  stubs.o ABSOLUTE
    _printf_o                                0x00000000   Number         0  stubs.o ABSOLUTE
    _printf_p                                0x00000000   Number         0  stubs.o ABSOLUTE
    _printf_percent                          0x00000000   Number         0  stubs.o ABSOLUTE
    _printf_pre_padding                      0x00000000   Number         0  stubs.o ABSOLUTE
    _printf_return_value                     0x00000000   Number         0  stubs.o ABSOLUTE
    _printf_s                                0x00000000   Number         0  stubs.o ABSOLUTE
    _printf_sizespec                         0x00000000   Number         0  stubs.o ABSOLUTE
    _printf_str                              0x00000000   Number         0  stubs.o ABSOLUTE
    _printf_truncate_signed                  0x00000000   Number         0  stubs.o ABSOLUTE
    _printf_truncate_unsigned                0x00000000   Number         0  stubs.o ABSOLUTE
    _printf_u                                0x00000000   Number         0  stubs.o ABSOLUTE
    _printf_wc                               0x00000000   Number         0  stubs.o ABSOLUTE
    _printf_wctomb                           0x00000000   Number         0  stubs.o ABSOLUTE
    _printf_widthprec                        0x00000000   Number         0  stubs.o ABSOLUTE
    _printf_x                                0x00000000   Number         0  stubs.o ABSOLUTE
    __arm_fini_                               - Undefined Weak Reference
    __cpp_initialize__aeabi_                  - Undefined Weak Reference
    __cxa_finalize                            - Undefined Weak Reference
    __decompress                              - Undefined Weak Reference
    _clock_init                               - Undefined Weak Reference
    _microlib_exit                            - Undefined Weak Reference
    __Vectors_Size                           0x00000188   Number         0  startup_stm32f40_41xxx.o ABSOLUTE
    __Vectors                                0x08000000   Data           4  startup_stm32f40_41xxx.o(RESET)
    __Vectors_End                            0x08000188   Data           0  startup_stm32f40_41xxx.o(RESET)
    __main                                   0x08000189   Thumb Code     0  entry.o(.ARM.Collect$$$$00000000)
    _main_stk                                0x08000189   Thumb Code     0  entry2.o(.ARM.Collect$$$$00000001)
    _main_scatterload                        0x0800018d   Thumb Code     0  entry5.o(.ARM.Collect$$$$00000004)
    __main_after_scatterload                 0x08000191   Thumb Code     0  entry5.o(.ARM.Collect$$$$00000004)
    _main_clock                              0x08000191   Thumb Code     0  entry7b.o(.ARM.Collect$$$$00000008)
    _main_cpp_init                           0x08000191   Thumb Code     0  entry8b.o(.ARM.Collect$$$$0000000A)
    _main_init                               0x08000191   Thumb Code     0  entry9a.o(.ARM.Collect$$$$0000000B)
    __rt_lib_shutdown_fini                   0x08000199   Thumb Code     0  entry12b.o(.ARM.Collect$$$$0000000E)
    __rt_final_cpp                           0x0800019d   Thumb Code     0  entry10a.o(.ARM.Collect$$$$0000000F)
    __rt_final_exit                          0x0800019d   Thumb Code     0  entry11a.o(.ARM.Collect$$$$00000011)
    JUMP_APP                                 0x080001a1   Thumb Code     8  startup_stm32f40_41xxx.o(.text)
    Reset_Handler                            0x080001a9   Thumb Code     8  startup_stm32f40_41xxx.o(.text)
    NMI_Handler                              0x080001b1   Thumb Code     2  startup_stm32f40_41xxx.o(.text)
    HardFault_Handler                        0x080001b3   Thumb Code     2  startup_stm32f40_41xxx.o(.text)
    MemManage_Handler                        0x080001b5   Thumb Code     2  startup_stm32f40_41xxx.o(.text)
    BusFault_Handler                         0x080001b7   Thumb Code     2  startup_stm32f40_41xxx.o(.text)
    UsageFault_Handler                       0x080001b9   Thumb Code     2  startup_stm32f40_41xxx.o(.text)
    SVC_Handler                              0x080001bb   Thumb Code     2  startup_stm32f40_41xxx.o(.text)
    DebugMon_Handler                         0x080001bd   Thumb Code     2  startup_stm32f40_41xxx.o(.text)
    PendSV_Handler                           0x080001bf   Thumb Code     2  startup_stm32f40_41xxx.o(.text)
    ADC_IRQHandler                           0x080001c3   Thumb Code     0  startup_stm32f40_41xxx.o(.text)
    CAN1_RX0_IRQHandler                      0x080001c3   Thumb Code     0  startup_stm32f40_41xxx.o(.text)
    CAN1_RX1_IRQHandler                      0x080001c3   Thumb Code     0  startup_stm32f40_41xxx.o(.text)
    CAN1_SCE_IRQHandler                      0x080001c3   Thumb Code     0  startup_stm32f40_41xxx.o(.text)
    CAN1_TX_IRQHandler                       0x080001c3   Thumb Code     0  startup_stm32f40_41xxx.o(.text)
    CAN2_RX0_IRQHandler                      0x080001c3   Thumb Code     0  startup_stm32f40_41xxx.o(.text)
    CAN2_RX1_IRQHandler                      0x080001c3   Thumb Code     0  startup_stm32f40_41xxx.o(.text)
    CAN2_SCE_IRQHandler                      0x080001c3   Thumb Code     0  startup_stm32f40_41xxx.o(.text)
    CAN2_TX_IRQHandler                       0x080001c3   Thumb Code     0  startup_stm32f40_41xxx.o(.text)
    CRYP_IRQHandler                          0x080001c3   Thumb Code     0  startup_stm32f40_41xxx.o(.text)
    DCMI_IRQHandler                          0x080001c3   Thumb Code     0  startup_stm32f40_41xxx.o(.text)
    DMA1_Stream0_IRQHandler                  0x080001c3   Thumb Code     0  startup_stm32f40_41xxx.o(.text)
    DMA1_Stream1_IRQHandler                  0x080001c3   Thumb Code     0  startup_stm32f40_41xxx.o(.text)
    DMA1_Stream2_IRQHandler                  0x080001c3   Thumb Code     0  startup_stm32f40_41xxx.o(.text)
    DMA1_Stream3_IRQHandler                  0x080001c3   Thumb Code     0  startup_stm32f40_41xxx.o(.text)
    DMA1_Stream4_IRQHandler                  0x080001c3   Thumb Code     0  startup_stm32f40_41xxx.o(.text)
    DMA1_Stream5_IRQHandler                  0x080001c3   Thumb Code     0  startup_stm32f40_41xxx.o(.text)
    DMA1_Stream6_IRQHandler                  0x080001c3   Thumb Code     0  startup_stm32f40_41xxx.o(.text)
    DMA1_Stream7_IRQHandler                  0x080001c3   Thumb Code     0  startup_stm32f40_41xxx.o(.text)
    DMA2_Stream0_IRQHandler                  0x080001c3   Thumb Code     0  startup_stm32f40_41xxx.o(.text)
    DMA2_Stream1_IRQHandler                  0x080001c3   Thumb Code     0  startup_stm32f40_41xxx.o(.text)
    DMA2_Stream2_IRQHandler                  0x080001c3   Thumb Code     0  startup_stm32f40_41xxx.o(.text)
    DMA2_Stream3_IRQHandler                  0x080001c3   Thumb Code     0  startup_stm32f40_41xxx.o(.text)
    DMA2_Stream4_IRQHandler                  0x080001c3   Thumb Code     0  startup_stm32f40_41xxx.o(.text)
    DMA2_Stream5_IRQHandler                  0x080001c3   Thumb Code     0  startup_stm32f40_41xxx.o(.text)
    DMA2_Stream6_IRQHandler                  0x080001c3   Thumb Code     0  startup_stm32f40_41xxx.o(.text)
    DMA2_Stream7_IRQHandler                  0x080001c3   Thumb Code     0  startup_stm32f40_41xxx.o(.text)
    ETH_IRQHandler                           0x080001c3   Thumb Code     0  startup_stm32f40_41xxx.o(.text)
    ETH_WKUP_IRQHandler                      0x080001c3   Thumb Code     0  startup_stm32f40_41xxx.o(.text)
    EXTI0_IRQHandler                         0x080001c3   Thumb Code     0  startup_stm32f40_41xxx.o(.text)
    EXTI15_10_IRQHandler                     0x080001c3   Thumb Code     0  startup_stm32f40_41xxx.o(.text)
    EXTI1_IRQHandler                         0x080001c3   Thumb Code     0  startup_stm32f40_41xxx.o(.text)
    EXTI2_IRQHandler                         0x080001c3   Thumb Code     0  startup_stm32f40_41xxx.o(.text)
    EXTI3_IRQHandler                         0x080001c3   Thumb Code     0  startup_stm32f40_41xxx.o(.text)
    EXTI4_IRQHandler                         0x080001c3   Thumb Code     0  startup_stm32f40_41xxx.o(.text)
    EXTI9_5_IRQHandler                       0x080001c3   Thumb Code     0  startup_stm32f40_41xxx.o(.text)
    FLASH_IRQHandler                         0x080001c3   Thumb Code     0  startup_stm32f40_41xxx.o(.text)
    FPU_IRQHandler                           0x080001c3   Thumb Code     0  startup_stm32f40_41xxx.o(.text)
    FSMC_IRQHandler                          0x080001c3   Thumb Code     0  startup_stm32f40_41xxx.o(.text)
    HASH_RNG_IRQHandler                      0x080001c3   Thumb Code     0  startup_stm32f40_41xxx.o(.text)
    I2C1_ER_IRQHandler                       0x080001c3   Thumb Code     0  startup_stm32f40_41xxx.o(.text)
    I2C1_EV_IRQHandler                       0x080001c3   Thumb Code     0  startup_stm32f40_41xxx.o(.text)
    I2C2_ER_IRQHandler                       0x080001c3   Thumb Code     0  startup_stm32f40_41xxx.o(.text)
    I2C2_EV_IRQHandler                       0x080001c3   Thumb Code     0  startup_stm32f40_41xxx.o(.text)
    I2C3_ER_IRQHandler                       0x080001c3   Thumb Code     0  startup_stm32f40_41xxx.o(.text)
    I2C3_EV_IRQHandler                       0x080001c3   Thumb Code     0  startup_stm32f40_41xxx.o(.text)
    OTG_FS_IRQHandler                        0x080001c3   Thumb Code     0  startup_stm32f40_41xxx.o(.text)
    OTG_FS_WKUP_IRQHandler                   0x080001c3   Thumb Code     0  startup_stm32f40_41xxx.o(.text)
    OTG_HS_EP1_IN_IRQHandler                 0x080001c3   Thumb Code     0  startup_stm32f40_41xxx.o(.text)
    OTG_HS_EP1_OUT_IRQHandler                0x080001c3   Thumb Code     0  startup_stm32f40_41xxx.o(.text)
    OTG_HS_IRQHandler                        0x080001c3   Thumb Code     0  startup_stm32f40_41xxx.o(.text)
    OTG_HS_WKUP_IRQHandler                   0x080001c3   Thumb Code     0  startup_stm32f40_41xxx.o(.text)
    PVD_IRQHandler                           0x080001c3   Thumb Code     0  startup_stm32f40_41xxx.o(.text)
    RCC_IRQHandler                           0x080001c3   Thumb Code     0  startup_stm32f40_41xxx.o(.text)
    RTC_Alarm_IRQHandler                     0x080001c3   Thumb Code     0  startup_stm32f40_41xxx.o(.text)
    RTC_WKUP_IRQHandler                      0x080001c3   Thumb Code     0  startup_stm32f40_41xxx.o(.text)
    SDIO_IRQHandler                          0x080001c3   Thumb Code     0  startup_stm32f40_41xxx.o(.text)
    SPI1_IRQHandler                          0x080001c3   Thumb Code     0  startup_stm32f40_41xxx.o(.text)
    SPI2_IRQHandler                          0x080001c3   Thumb Code     0  startup_stm32f40_41xxx.o(.text)
    SPI3_IRQHandler                          0x080001c3   Thumb Code     0  startup_stm32f40_41xxx.o(.text)
    TAMP_STAMP_IRQHandler                    0x080001c3   Thumb Code     0  startup_stm32f40_41xxx.o(.text)
    TIM1_BRK_TIM9_IRQHandler                 0x080001c3   Thumb Code     0  startup_stm32f40_41xxx.o(.text)
    TIM1_CC_IRQHandler                       0x080001c3   Thumb Code     0  startup_stm32f40_41xxx.o(.text)
    TIM1_TRG_COM_TIM11_IRQHandler            0x080001c3   Thumb Code     0  startup_stm32f40_41xxx.o(.text)
    TIM1_UP_TIM10_IRQHandler                 0x080001c3   Thumb Code     0  startup_stm32f40_41xxx.o(.text)
    TIM2_IRQHandler                          0x080001c3   Thumb Code     0  startup_stm32f40_41xxx.o(.text)
    TIM3_IRQHandler                          0x080001c3   Thumb Code     0  startup_stm32f40_41xxx.o(.text)
    TIM4_IRQHandler                          0x080001c3   Thumb Code     0  startup_stm32f40_41xxx.o(.text)
    TIM5_IRQHandler                          0x080001c3   Thumb Code     0  startup_stm32f40_41xxx.o(.text)
    TIM6_DAC_IRQHandler                      0x080001c3   Thumb Code     0  startup_stm32f40_41xxx.o(.text)
    TIM7_IRQHandler                          0x080001c3   Thumb Code     0  startup_stm32f40_41xxx.o(.text)
    TIM8_BRK_TIM12_IRQHandler                0x080001c3   Thumb Code     0  startup_stm32f40_41xxx.o(.text)
    TIM8_CC_IRQHandler                       0x080001c3   Thumb Code     0  startup_stm32f40_41xxx.o(.text)
    TIM8_TRG_COM_TIM14_IRQHandler            0x080001c3   Thumb Code     0  startup_stm32f40_41xxx.o(.text)
    TIM8_UP_TIM13_IRQHandler                 0x080001c3   Thumb Code     0  startup_stm32f40_41xxx.o(.text)
    UART4_IRQHandler                         0x080001c3   Thumb Code     0  startup_stm32f40_41xxx.o(.text)
    UART5_IRQHandler                         0x080001c3   Thumb Code     0  startup_stm32f40_41xxx.o(.text)
    USART2_IRQHandler                        0x080001c3   Thumb Code     0  startup_stm32f40_41xxx.o(.text)
    USART3_IRQHandler                        0x080001c3   Thumb Code     0  startup_stm32f40_41xxx.o(.text)
    USART6_IRQHandler                        0x080001c3   Thumb Code     0  startup_stm32f40_41xxx.o(.text)
    WWDG_IRQHandler                          0x080001c3   Thumb Code     0  startup_stm32f40_41xxx.o(.text)
    __aeabi_memset                           0x080001cd   Thumb Code    14  memseta.o(.text)
    __aeabi_memset4                          0x080001cd   Thumb Code     0  memseta.o(.text)
    __aeabi_memset8                          0x080001cd   Thumb Code     0  memseta.o(.text)
    __aeabi_memclr                           0x080001db   Thumb Code     4  memseta.o(.text)
    __aeabi_memclr4                          0x080001db   Thumb Code     0  memseta.o(.text)
    __aeabi_memclr8                          0x080001db   Thumb Code     0  memseta.o(.text)
    _memset$wrapper                          0x080001df   Thumb Code    18  memseta.o(.text)
    strstr                                   0x080001f1   Thumb Code    36  strstr.o(.text)
    strlen                                   0x08000215   Thumb Code    14  strlen.o(.text)
    strncmp                                  0x08000223   Thumb Code    30  strncmp.o(.text)
    __aeabi_uidiv                            0x08000241   Thumb Code     0  uidiv.o(.text)
    __aeabi_uidivmod                         0x08000241   Thumb Code    44  uidiv.o(.text)
    __aeabi_uldivmod                         0x0800026d   Thumb Code    98  uldiv.o(.text)
    __I$use$fp                               0x080002cf   Thumb Code     0  iusefp.o(.text)
    __aeabi_dadd                             0x080002cf   Thumb Code   322  dadd.o(.text)
    __aeabi_dsub                             0x08000411   Thumb Code     6  dadd.o(.text)
    __aeabi_drsub                            0x08000417   Thumb Code     6  dadd.o(.text)
    __aeabi_dmul                             0x0800041d   Thumb Code   228  dmul.o(.text)
    __aeabi_ddiv                             0x08000501   Thumb Code   222  ddiv.o(.text)
    __aeabi_d2ulz                            0x080005df   Thumb Code    48  dfixul.o(.text)
    __aeabi_cdrcmple                         0x08000611   Thumb Code    48  cdrcmple.o(.text)
    __scatterload                            0x08000641   Thumb Code    28  init.o(.text)
    __scatterload_rt2                        0x08000641   Thumb Code     0  init.o(.text)
    __aeabi_llsl                             0x08000665   Thumb Code    30  llshl.o(.text)
    _ll_shift_l                              0x08000665   Thumb Code     0  llshl.o(.text)
    __aeabi_llsr                             0x08000683   Thumb Code    32  llushr.o(.text)
    _ll_ushift_r                             0x08000683   Thumb Code     0  llushr.o(.text)
    __aeabi_lasr                             0x080006a3   Thumb Code    36  llsshr.o(.text)
    _ll_sshift_r                             0x080006a3   Thumb Code     0  llsshr.o(.text)
    _double_round                            0x080006c7   Thumb Code    30  depilogue.o(.text)
    _double_epilogue                         0x080006e5   Thumb Code   156  depilogue.o(.text)
    FLASH_EraseSector                        0x08000781   Thumb Code   130  stm32f4xx_flash.o(i.FLASH_EraseSector)
    FLASH_GetFlagStatus                      0x08000809   Thumb Code    20  stm32f4xx_flash.o(i.FLASH_GetFlagStatus)
    FLASH_GetStatus                          0x08000821   Thumb Code    80  stm32f4xx_flash.o(i.FLASH_GetStatus)
    FLASH_Lock                               0x08000875   Thumb Code    14  stm32f4xx_flash.o(i.FLASH_Lock)
    FLASH_ProgramWord                        0x08000889   Thumb Code    74  stm32f4xx_flash.o(i.FLASH_ProgramWord)
    FLASH_Unlock                             0x080008d9   Thumb Code    24  stm32f4xx_flash.o(i.FLASH_Unlock)
    FLASH_WaitForLastOperation               0x080008fd   Thumb Code    34  stm32f4xx_flash.o(i.FLASH_WaitForLastOperation)
    GPIO_Init                                0x0800091f   Thumb Code   144  stm32f4xx_gpio.o(i.GPIO_Init)
    GPIO_PinAFConfig                         0x080009af   Thumb Code    70  stm32f4xx_gpio.o(i.GPIO_PinAFConfig)
    GPIO_ReadInputDataBit                    0x080009f5   Thumb Code    18  stm32f4xx_gpio.o(i.GPIO_ReadInputDataBit)
    GPIO_WriteBit                            0x08000a07   Thumb Code    12  stm32f4xx_gpio.o(i.GPIO_WriteBit)
    NVIC_Init                                0x08000a15   Thumb Code   106  misc.o(i.NVIC_Init)
    NVIC_PriorityGroupConfig                 0x08000a8d   Thumb Code    10  misc.o(i.NVIC_PriorityGroupConfig)
    RCC_AHB1PeriphClockCmd                   0x08000ae1   Thumb Code    26  stm32f4xx_rcc.o(i.RCC_AHB1PeriphClockCmd)
    RCC_APB1PeriphClockCmd                   0x08000b01   Thumb Code    26  stm32f4xx_rcc.o(i.RCC_APB1PeriphClockCmd)
    RCC_APB2PeriphClockCmd                   0x08000b21   Thumb Code    26  stm32f4xx_rcc.o(i.RCC_APB2PeriphClockCmd)
    RCC_GetClocksFreq                        0x08000b41   Thumb Code   214  stm32f4xx_rcc.o(i.RCC_GetClocksFreq)
    SysTick_Handler                          0x08000d15   Thumb Code    12  utils.o(i.SysTick_Handler)
    SystemInit                               0x08000d25   Thumb Code    88  system_stm32f4xx.o(i.SystemInit)
    USART1_IRQHandler                        0x08000d8d   Thumb Code    46  bl_uart.o(i.USART1_IRQHandler)
    USART_ClearFlag                          0x08000dc5   Thumb Code    18  stm32f4xx_usart.o(i.USART_ClearFlag)
    USART_Cmd                                0x08000dd7   Thumb Code    24  stm32f4xx_usart.o(i.USART_Cmd)
    USART_GetFlagStatus                      0x08000def   Thumb Code    26  stm32f4xx_usart.o(i.USART_GetFlagStatus)
    USART_GetITStatus                        0x08000e09   Thumb Code    84  stm32f4xx_usart.o(i.USART_GetITStatus)
    USART_ITConfig                           0x08000e5d   Thumb Code    74  stm32f4xx_usart.o(i.USART_ITConfig)
    USART_Init                               0x08000ea9   Thumb Code   204  stm32f4xx_usart.o(i.USART_Init)
    USART_ReceiveData                        0x08000f7d   Thumb Code    10  stm32f4xx_usart.o(i.USART_ReceiveData)
    USART_SendData                           0x08000f87   Thumb Code     8  stm32f4xx_usart.o(i.USART_SendData)
    __0snprintf                              0x08000f91   Thumb Code    48  printfa.o(i.__0snprintf)
    __1snprintf                              0x08000f91   Thumb Code     0  printfa.o(i.__0snprintf)
    __2snprintf                              0x08000f91   Thumb Code     0  printfa.o(i.__0snprintf)
    __c89snprintf                            0x08000f91   Thumb Code     0  printfa.o(i.__0snprintf)
    snprintf                                 0x08000f91   Thumb Code     0  printfa.o(i.__0snprintf)
    __0sprintf                               0x08000fc5   Thumb Code    34  printfa.o(i.__0sprintf)
    __1sprintf                               0x08000fc5   Thumb Code     0  printfa.o(i.__0sprintf)
    __2sprintf                               0x08000fc5   Thumb Code     0  printfa.o(i.__0sprintf)
    __c89sprintf                             0x08000fc5   Thumb Code     0  printfa.o(i.__0sprintf)
    sprintf                                  0x08000fc5   Thumb Code     0  printfa.o(i.__0sprintf)
    __0vsnprintf                             0x08000fed   Thumb Code    46  printfa.o(i.__0vsnprintf)
    __1vsnprintf                             0x08000fed   Thumb Code     0  printfa.o(i.__0vsnprintf)
    __2vsnprintf                             0x08000fed   Thumb Code     0  printfa.o(i.__0vsnprintf)
    __c89vsnprintf                           0x08000fed   Thumb Code     0  printfa.o(i.__0vsnprintf)
    vsnprintf                                0x08000fed   Thumb Code     0  printfa.o(i.__0vsnprintf)
    __scatterload_copy                       0x08001021   Thumb Code    14  handlers.o(i.__scatterload_copy)
    __scatterload_null                       0x0800102f   Thumb Code     2  handlers.o(i.__scatterload_null)
    __scatterload_zeroinit                   0x08001031   Thumb Code    14  handlers.o(i.__scatterload_zeroinit)
    arginfo_read                             0x080018ed   Thumb Code    34  arginfo.o(i.arginfo_read)
    bl_delay_init                            0x08001919   Thumb Code    82  utils.o(i.bl_delay_init)
    bl_delay_ms                              0x08001979   Thumb Code    18  utils.o(i.bl_delay_ms)
    bl_flash_erase                           0x08001991   Thumb Code   146  norflash.o(i.bl_flash_erase)
    bl_flash_lock                            0x08001a85   Thumb Code     8  norflash.o(i.bl_flash_lock)
    bl_flash_unlock                          0x08001a8d   Thumb Code     8  norflash.o(i.bl_flash_unlock)
    bl_flash_write_word                      0x08001a95   Thumb Code    56  norflash.o(i.bl_flash_write_word)
    bl_lowlevel_deinit                       0x08001b7f   Thumb Code    16  board.o(i.bl_lowlevel_deinit)
    bl_now                                   0x08001b91   Thumb Code     6  utils.o(i.bl_now)
    bl_pkt_verify                            0x08002075   Thumb Code    74  bootloader.o(i.bl_pkt_verify)
    bl_uart_deinit                           0x08002155   Thumb Code    20  bl_uart.o(i.bl_uart_deinit)
    bl_uart_init                             0x08002171   Thumb Code   154  bl_uart.o(i.bl_uart_init)
    bl_uart_recv_callback_register           0x08002215   Thumb Code     6  bl_uart.o(i.bl_uart_recv_callback_register)
    bl_uart_recv_handler                     0x08002221   Thumb Code   496  bootloader.o(i.bl_uart_recv_handler)
    bl_uart_write_data                       0x080024d5   Thumb Code    54  bl_uart.o(i.bl_uart_write_data)
    board_lowlevel_init                      0x08002511   Thumb Code    44  board.o(i.board_lowlevel_init)
    boot_application                         0x0800253d   Thumb Code    50  bootloader.o(i.boot_application)
    bootlader_main                           0x080025b9   Thumb Code   358  bootloader.o(i.bootlader_main)
    button_init                              0x080027a1   Thumb Code    34  button.o(i.button_init)
    button_is_pressed                        0x080027c9   Thumb Code    20  button.o(i.button_is_pressed)
    crc32_init                               0x08002839   Thumb Code    32  crc32.o(i.crc32_init)
    crc32_update                             0x08002861   Thumb Code    48  crc32.o(i.crc32_update)
    elog_get_filter_tag_lvl                  0x08002899   Thumb Code   156  elog.o(i.elog_get_filter_tag_lvl)
    elog_init                                0x080029a5   Thumb Code    70  elog.o(i.elog_init)
    elog_output                              0x080029f1   Thumb Code   796  elog.o(i.elog_output)
    elog_output_lock                         0x08002dad   Thumb Code    34  elog.o(i.elog_output_lock)
    elog_output_lock_enabled                 0x08002dd5   Thumb Code    60  elog.o(i.elog_output_lock_enabled)
    elog_output_unlock                       0x08002e15   Thumb Code    34  elog.o(i.elog_output_unlock)
    elog_port_get_p_info                     0x08002e3d   Thumb Code     4  elog_port.o(i.elog_port_get_p_info)
    elog_port_get_t_info                     0x08002e45   Thumb Code     4  elog_port.o(i.elog_port_get_t_info)
    elog_port_get_time                       0x08002e4d   Thumb Code    22  elog_port.o(i.elog_port_get_time)
    elog_port_init                           0x08002e71   Thumb Code   164  elog_port.o(i.elog_port_init)
    elog_port_output                         0x08002f1d   Thumb Code    62  elog_port.o(i.elog_port_output)
    elog_port_output_lock                    0x08002f61   Thumb Code     2  elog_port.o(i.elog_port_output_lock)
    elog_port_output_unlock                  0x08002f63   Thumb Code     2  elog_port.o(i.elog_port_output_unlock)
    elog_set_filter_lvl                      0x08002f65   Thumb Code    76  elog.o(i.elog_set_filter_lvl)
    elog_set_fmt                             0x08003059   Thumb Code    80  elog.o(i.elog_set_fmt)
    elog_set_output_enabled                  0x08003121   Thumb Code    82  elog.o(i.elog_set_output_enabled)
    elog_start                               0x080031f9   Thumb Code    46  elog.o(i.elog_start)
    elog_strcpy                              0x0800328d   Thumb Code   162  elog_utils.o(i.elog_strcpy)
    key_is_pressed                           0x080034a5   Thumb Code    20  button.o(i.key_is_pressed)
    led_init                                 0x080034bd   Thumb Code    48  led.o(i.led_init)
    led_set                                  0x080034f1   Thumb Code    32  led.o(i.led_set)
    main                                     0x08003515   Thumb Code   186  main.o(i.main)
    rb8_get                                  0x08003659   Thumb Code    40  ringbuffer.o(i.rb8_get)
    rb8_gets                                 0x08003681   Thumb Code    36  ringbuffer.o(i.rb8_gets)
    rb8_is_empty                             0x080036a5   Thumb Code    18  ringbuffer.o(i.rb8_is_empty)
    rb8_is_full                              0x080036b7   Thumb Code    24  ringbuffer.o(i.rb8_is_full)
    rb8_new                                  0x080036cf   Thumb Code    12  ringbuffer.o(i.rb8_new)
    rb8_next_head                            0x080036db   Thumb Code    22  ringbuffer.o(i.rb8_next_head)
    rb8_next_tail                            0x080036f1   Thumb Code    22  ringbuffer.o(i.rb8_next_tail)
    rb8_put                                  0x08003707   Thumb Code    38  ringbuffer.o(i.rb8_put)
    rb8_puts                                 0x0800372d   Thumb Code    36  ringbuffer.o(i.rb8_puts)
    verify_application                       0x08003751   Thumb Code    98  bootloader.o(i.verify_application)
    Region$$Table$$Base                      0x080039fc   Number         0  anon$$obj.o(Region$$Table)
    Region$$Table$$Limit                     0x08003a1c   Number         0  anon$$obj.o(Region$$Table)
    SystemCoreClock                          0x20000000   Data           4  system_stm32f4xx.o(.data)
    AHBPrescTable                            0x20000004   Data          16  system_stm32f4xx.o(.data)
    bl_uart_recv_callback                    0x20000024   Data           4  bl_uart.o(.data)
    elog_assert_hook                         0x200000b8   Data           4  elog.o(.data)
    bl_ctrl                                  0x200002bc   Data         296  bootloader.o(.bss)
    __initial_sp                             0x20001960   Data           0  startup_stm32f40_41xxx.o(STACK)



==============================================================================

Memory Map of the image

  Image Entry point : 0x08000189

  Load Region LR_IROM1 (Base: 0x08000000, Size: 0x00003ad8, Max: 0x0000c000, ABSOLUTE)

    Execution Region ER_IROM1 (Exec base: 0x08000000, Load base: 0x08000000, Size: 0x00003a1c, Max: 0x0000c000, ABSOLUTE)

    Exec Addr    Load Addr    Size         Type   Attr      Idx    E Section Name        Object

    0x08000000   0x08000000   0x00000188   Data   RO          219    RESET               startup_stm32f40_41xxx.o
    0x08000188   0x08000188   0x00000000   Code   RO         6024  * .ARM.Collect$$$$00000000  mc_w.l(entry.o)
    0x08000188   0x08000188   0x00000004   Code   RO         6300    .ARM.Collect$$$$00000001  mc_w.l(entry2.o)
    0x0800018c   0x0800018c   0x00000004   Code   RO         6303    .ARM.Collect$$$$00000004  mc_w.l(entry5.o)
    0x08000190   0x08000190   0x00000000   Code   RO         6305    .ARM.Collect$$$$00000008  mc_w.l(entry7b.o)
    0x08000190   0x08000190   0x00000000   Code   RO         6307    .ARM.Collect$$$$0000000A  mc_w.l(entry8b.o)
    0x08000190   0x08000190   0x00000008   Code   RO         6308    .ARM.Collect$$$$0000000B  mc_w.l(entry9a.o)
    0x08000198   0x08000198   0x00000004   Code   RO         6315    .ARM.Collect$$$$0000000E  mc_w.l(entry12b.o)
    0x0800019c   0x0800019c   0x00000000   Code   RO         6310    .ARM.Collect$$$$0000000F  mc_w.l(entry10a.o)
    0x0800019c   0x0800019c   0x00000000   Code   RO         6312    .ARM.Collect$$$$00000011  mc_w.l(entry11a.o)
    0x0800019c   0x0800019c   0x00000004   Code   RO         6301    .ARM.Collect$$$$00002712  mc_w.l(entry2.o)
    0x080001a0   0x080001a0   0x0000002c   Code   RO          220    .text               startup_stm32f40_41xxx.o
    0x080001cc   0x080001cc   0x00000024   Code   RO         6027    .text               mc_w.l(memseta.o)
    0x080001f0   0x080001f0   0x00000024   Code   RO         6029    .text               mc_w.l(strstr.o)
    0x08000214   0x08000214   0x0000000e   Code   RO         6033    .text               mc_w.l(strlen.o)
    0x08000222   0x08000222   0x0000001e   Code   RO         6037    .text               mc_w.l(strncmp.o)
    0x08000240   0x08000240   0x0000002c   Code   RO         6319    .text               mc_w.l(uidiv.o)
    0x0800026c   0x0800026c   0x00000062   Code   RO         6321    .text               mc_w.l(uldiv.o)
    0x080002ce   0x080002ce   0x00000000   Code   RO         6323    .text               mc_w.l(iusefp.o)
    0x080002ce   0x080002ce   0x0000014e   Code   RO         6324    .text               mf_w.l(dadd.o)
    0x0800041c   0x0800041c   0x000000e4   Code   RO         6326    .text               mf_w.l(dmul.o)
    0x08000500   0x08000500   0x000000de   Code   RO         6328    .text               mf_w.l(ddiv.o)
    0x080005de   0x080005de   0x00000030   Code   RO         6330    .text               mf_w.l(dfixul.o)
    0x0800060e   0x0800060e   0x00000002   PAD
    0x08000610   0x08000610   0x00000030   Code   RO         6332    .text               mf_w.l(cdrcmple.o)
    0x08000640   0x08000640   0x00000024   Code   RO         6334    .text               mc_w.l(init.o)
    0x08000664   0x08000664   0x0000001e   Code   RO         6337    .text               mc_w.l(llshl.o)
    0x08000682   0x08000682   0x00000020   Code   RO         6339    .text               mc_w.l(llushr.o)
    0x080006a2   0x080006a2   0x00000024   Code   RO         6341    .text               mc_w.l(llsshr.o)
    0x080006c6   0x080006c6   0x000000ba   Code   RO         6344    .text               mf_w.l(depilogue.o)
    0x08000780   0x08000780   0x00000088   Code   RO         1701    i.FLASH_EraseSector  stm32f4xx_flash.o
    0x08000808   0x08000808   0x00000018   Code   RO         1702    i.FLASH_GetFlagStatus  stm32f4xx_flash.o
    0x08000820   0x08000820   0x00000054   Code   RO         1703    i.FLASH_GetStatus   stm32f4xx_flash.o
    0x08000874   0x08000874   0x00000014   Code   RO         1707    i.FLASH_Lock        stm32f4xx_flash.o
    0x08000888   0x08000888   0x00000050   Code   RO         1731    i.FLASH_ProgramWord  stm32f4xx_flash.o
    0x080008d8   0x080008d8   0x00000024   Code   RO         1733    i.FLASH_Unlock      stm32f4xx_flash.o
    0x080008fc   0x080008fc   0x00000022   Code   RO         1734    i.FLASH_WaitForLastOperation  stm32f4xx_flash.o
    0x0800091e   0x0800091e   0x00000090   Code   RO         2143    i.GPIO_Init         stm32f4xx_gpio.o
    0x080009ae   0x080009ae   0x00000046   Code   RO         2144    i.GPIO_PinAFConfig  stm32f4xx_gpio.o
    0x080009f4   0x080009f4   0x00000012   Code   RO         2147    i.GPIO_ReadInputDataBit  stm32f4xx_gpio.o
    0x08000a06   0x08000a06   0x0000000c   Code   RO         2155    i.GPIO_WriteBit     stm32f4xx_gpio.o
    0x08000a12   0x08000a12   0x00000002   PAD
    0x08000a14   0x08000a14   0x00000078   Code   RO          268    i.NVIC_Init         misc.o
    0x08000a8c   0x08000a8c   0x00000014   Code   RO          269    i.NVIC_PriorityGroupConfig  misc.o
    0x08000aa0   0x08000aa0   0x00000040   Code   RO         5324    i.NVIC_SystemReset  bootloader.o
    0x08000ae0   0x08000ae0   0x00000020   Code   RO         3069    i.RCC_AHB1PeriphClockCmd  stm32f4xx_rcc.o
    0x08000b00   0x08000b00   0x00000020   Code   RO         3078    i.RCC_APB1PeriphClockCmd  stm32f4xx_rcc.o
    0x08000b20   0x08000b20   0x00000020   Code   RO         3081    i.RCC_APB2PeriphClockCmd  stm32f4xx_rcc.o
    0x08000b40   0x08000b40   0x000000e8   Code   RO         3090    i.RCC_GetClocksFreq  stm32f4xx_rcc.o
    0x08000c28   0x08000c28   0x000000ec   Code   RO          227    i.SetSysClock       system_stm32f4xx.o
    0x08000d14   0x08000d14   0x00000010   Code   RO         5531    i.SysTick_Handler   utils.o
    0x08000d24   0x08000d24   0x00000068   Code   RO          229    i.SystemInit        system_stm32f4xx.o
    0x08000d8c   0x08000d8c   0x00000038   Code   RO         5273    i.USART1_IRQHandler  bl_uart.o
    0x08000dc4   0x08000dc4   0x00000012   Code   RO         5015    i.USART_ClearFlag   stm32f4xx_usart.o
    0x08000dd6   0x08000dd6   0x00000018   Code   RO         5019    i.USART_Cmd         stm32f4xx_usart.o
    0x08000dee   0x08000dee   0x0000001a   Code   RO         5022    i.USART_GetFlagStatus  stm32f4xx_usart.o
    0x08000e08   0x08000e08   0x00000054   Code   RO         5023    i.USART_GetITStatus  stm32f4xx_usart.o
    0x08000e5c   0x08000e5c   0x0000004a   Code   RO         5025    i.USART_ITConfig    stm32f4xx_usart.o
    0x08000ea6   0x08000ea6   0x00000002   PAD
    0x08000ea8   0x08000ea8   0x000000d4   Code   RO         5026    i.USART_Init        stm32f4xx_usart.o
    0x08000f7c   0x08000f7c   0x0000000a   Code   RO         5033    i.USART_ReceiveData  stm32f4xx_usart.o
    0x08000f86   0x08000f86   0x00000008   Code   RO         5036    i.USART_SendData    stm32f4xx_usart.o
    0x08000f8e   0x08000f8e   0x00000002   PAD
    0x08000f90   0x08000f90   0x00000034   Code   RO         6273    i.__0snprintf       mc_w.l(printfa.o)
    0x08000fc4   0x08000fc4   0x00000028   Code   RO         6274    i.__0sprintf        mc_w.l(printfa.o)
    0x08000fec   0x08000fec   0x00000034   Code   RO         6277    i.__0vsnprintf      mc_w.l(printfa.o)
    0x08001020   0x08001020   0x0000000e   Code   RO         6348    i.__scatterload_copy  mc_w.l(handlers.o)
    0x0800102e   0x0800102e   0x00000002   Code   RO         6349    i.__scatterload_null  mc_w.l(handlers.o)
    0x08001030   0x08001030   0x0000000e   Code   RO         6350    i.__scatterload_zeroinit  mc_w.l(handlers.o)
    0x0800103e   0x0800103e   0x00000002   PAD
    0x08001040   0x08001040   0x00000184   Code   RO         6279    i._fp_digits        mc_w.l(printfa.o)
    0x080011c4   0x080011c4   0x000006b4   Code   RO         6280    i._printf_core      mc_w.l(printfa.o)
    0x08001878   0x08001878   0x00000024   Code   RO         6281    i._printf_post_padding  mc_w.l(printfa.o)
    0x0800189c   0x0800189c   0x0000002e   Code   RO         6282    i._printf_pre_padding  mc_w.l(printfa.o)
    0x080018ca   0x080018ca   0x00000016   Code   RO         6283    i._snputc           mc_w.l(printfa.o)
    0x080018e0   0x080018e0   0x0000000a   Code   RO         6284    i._sputc            mc_w.l(printfa.o)
    0x080018ea   0x080018ea   0x00000002   PAD
    0x080018ec   0x080018ec   0x0000002c   Code   RO         5507    i.arginfo_read      arginfo.o
    0x08001918   0x08001918   0x00000060   Code   RO         5532    i.bl_delay_init     utils.o
    0x08001978   0x08001978   0x00000018   Code   RO         5533    i.bl_delay_ms       utils.o
    0x08001990   0x08001990   0x000000f4   Code   RO         5462    i.bl_flash_erase    norflash.o
    0x08001a84   0x08001a84   0x00000008   Code   RO         5463    i.bl_flash_lock     norflash.o
    0x08001a8c   0x08001a8c   0x00000008   Code   RO         5464    i.bl_flash_unlock   norflash.o
    0x08001a94   0x08001a94   0x0000006c   Code   RO         5465    i.bl_flash_write_word  norflash.o
    0x08001b00   0x08001b00   0x0000007e   Code   RO         5325    i.bl_fullpkt_handler  bootloader.o
    0x08001b7e   0x08001b7e   0x00000010   Code   RO          190    i.bl_lowlevel_deinit  board.o
    0x08001b8e   0x08001b8e   0x00000002   PAD
    0x08001b90   0x08001b90   0x0000000c   Code   RO         5534    i.bl_now            utils.o
    0x08001b9c   0x08001b9c   0x00000054   Code   RO         5326    i.bl_op_boot_handler  bootloader.o
    0x08001bf0   0x08001bf0   0x000000f4   Code   RO         5327    i.bl_op_erase_handler  bootloader.o
    0x08001ce4   0x08001ce4   0x00000150   Code   RO         5328    i.bl_op_inquiry_handler  bootloader.o
    0x08001e34   0x08001e34   0x00000002   Code   RO         5329    i.bl_op_read_handler  bootloader.o
    0x08001e36   0x08001e36   0x00000002   PAD
    0x08001e38   0x08001e38   0x00000050   Code   RO         5330    i.bl_op_reset_handler  bootloader.o
    0x08001e88   0x08001e88   0x000000f0   Code   RO         5331    i.bl_op_verify_handler  bootloader.o
    0x08001f78   0x08001f78   0x000000fc   Code   RO         5332    i.bl_op_write_handler  bootloader.o
    0x08002074   0x08002074   0x0000004a   Code   RO         5333    i.bl_pkt_verify     bootloader.o
    0x080020be   0x080020be   0x00000016   Code   RO         5334    i.bl_reset_sm       bootloader.o
    0x080020d4   0x080020d4   0x0000006e   Code   RO         5335    i.bl_response       bootloader.o
    0x08002142   0x08002142   0x00000010   Code   RO         5336    i.bl_response_ack   bootloader.o
    0x08002152   0x08002152   0x00000002   PAD
    0x08002154   0x08002154   0x0000001c   Code   RO         5274    i.bl_uart_deinit    bl_uart.o
    0x08002170   0x08002170   0x000000a4   Code   RO         5275    i.bl_uart_init      bl_uart.o
    0x08002214   0x08002214   0x0000000c   Code   RO         5276    i.bl_uart_recv_callback_register  bl_uart.o
    0x08002220   0x08002220   0x0000029c   Code   RO         5337    i.bl_uart_recv_handler  bootloader.o
    0x080024bc   0x080024bc   0x00000018   Code   RO         5338    i.bl_uart_recv_temp_store  bootloader.o
    0x080024d4   0x080024d4   0x0000003c   Code   RO         5277    i.bl_uart_write_data  bl_uart.o
    0x08002510   0x08002510   0x0000002c   Code   RO          191    i.board_lowlevel_init  board.o
    0x0800253c   0x0800253c   0x0000007c   Code   RO         5339    i.boot_application  bootloader.o
    0x080025b8   0x080025b8   0x000001e8   Code   RO         5340    i.bootlader_main    bootloader.o
    0x080027a0   0x080027a0   0x00000028   Code   RO         5609    i.button_init       button.o
    0x080027c8   0x080027c8   0x00000018   Code   RO         5610    i.button_is_pressed  button.o
    0x080027e0   0x080027e0   0x0000002e   Code   RO            4    i.check_button      main.o
    0x0800280e   0x0800280e   0x00000002   PAD
    0x08002810   0x08002810   0x00000028   Code   RO         5721    i.crc32_for_byte    crc32.o
    0x08002838   0x08002838   0x00000028   Code   RO         5722    i.crc32_init        crc32.o
    0x08002860   0x08002860   0x00000038   Code   RO         5723    i.crc32_update      crc32.o
    0x08002898   0x08002898   0x0000010c   Code   RO         5822    i.elog_get_filter_tag_lvl  elog.o
    0x080029a4   0x080029a4   0x0000004c   Code   RO         5825    i.elog_init         elog.o
    0x080029f0   0x080029f0   0x000003bc   Code   RO         5826    i.elog_output       elog.o
    0x08002dac   0x08002dac   0x00000028   Code   RO         5827    i.elog_output_lock  elog.o
    0x08002dd4   0x08002dd4   0x00000040   Code   RO         5828    i.elog_output_lock_enabled  elog.o
    0x08002e14   0x08002e14   0x00000028   Code   RO         5829    i.elog_output_unlock  elog.o
    0x08002e3c   0x08002e3c   0x00000008   Code   RO         5751    i.elog_port_get_p_info  elog_port.o
    0x08002e44   0x08002e44   0x00000008   Code   RO         5752    i.elog_port_get_t_info  elog_port.o
    0x08002e4c   0x08002e4c   0x00000024   Code   RO         5753    i.elog_port_get_time  elog_port.o
    0x08002e70   0x08002e70   0x000000ac   Code   RO         5754    i.elog_port_init    elog_port.o
    0x08002f1c   0x08002f1c   0x00000044   Code   RO         5755    i.elog_port_output  elog_port.o
    0x08002f60   0x08002f60   0x00000002   Code   RO         5756    i.elog_port_output_lock  elog_port.o
    0x08002f62   0x08002f62   0x00000002   Code   RO         5757    i.elog_port_output_unlock  elog_port.o
    0x08002f64   0x08002f64   0x000000c4   Code   RO         5833    i.elog_set_filter_lvl  elog.o
    0x08003028   0x08003028   0x00000030   Code   RO         5836    i.elog_set_filter_tag_lvl_default  elog.o
    0x08003058   0x08003058   0x000000c8   Code   RO         5837    i.elog_set_fmt      elog.o
    0x08003120   0x08003120   0x000000d8   Code   RO         5838    i.elog_set_output_enabled  elog.o
    0x080031f8   0x080031f8   0x00000094   Code   RO         5839    i.elog_start        elog.o
    0x0800328c   0x0800328c   0x0000010c   Code   RO         5997    i.elog_strcpy       elog_utils.o
    0x08003398   0x08003398   0x000000d4   Code   RO         5841    i.get_fmt_enabled   elog.o
    0x0800346c   0x0800346c   0x0000001c   Code   RO         5842    i.get_fmt_used_and_enabled_ptr  elog.o
    0x08003488   0x08003488   0x0000001c   Code   RO         5843    i.get_fmt_used_and_enabled_u32  elog.o
    0x080034a4   0x080034a4   0x00000018   Code   RO         5611    i.key_is_pressed    button.o
    0x080034bc   0x080034bc   0x00000034   Code   RO         5579    i.led_init          led.o
    0x080034f0   0x080034f0   0x00000024   Code   RO         5580    i.led_set           led.o
    0x08003514   0x08003514   0x00000144   Code   RO            5    i.main              main.o
    0x08003658   0x08003658   0x00000028   Code   RO         5645    i.rb8_get           ringbuffer.o
    0x08003680   0x08003680   0x00000024   Code   RO         5646    i.rb8_gets          ringbuffer.o
    0x080036a4   0x080036a4   0x00000012   Code   RO         5647    i.rb8_is_empty      ringbuffer.o
    0x080036b6   0x080036b6   0x00000018   Code   RO         5648    i.rb8_is_full       ringbuffer.o
    0x080036ce   0x080036ce   0x0000000c   Code   RO         5649    i.rb8_new           ringbuffer.o
    0x080036da   0x080036da   0x00000016   Code   RO         5650    i.rb8_next_head     ringbuffer.o
    0x080036f0   0x080036f0   0x00000016   Code   RO         5651    i.rb8_next_tail     ringbuffer.o
    0x08003706   0x08003706   0x00000026   Code   RO         5652    i.rb8_put           ringbuffer.o
    0x0800372c   0x0800372c   0x00000024   Code   RO         5653    i.rb8_puts          ringbuffer.o
    0x08003750   0x08003750   0x000000ac   Code   RO         5341    i.verify_application  bootloader.o
    0x080037fc   0x080037fc   0x00000014   Code   RO            6    i.wait_release      main.o
    0x08003810   0x08003810   0x00000005   Data   RO            7    .constdata          main.o
    0x08003815   0x08003815   0x000000c2   Data   RO         5343    .constdata          bootloader.o
    0x080038d7   0x080038d7   0x00000023   Data   RO         5466    .constdata          norflash.o
    0x080038fa   0x080038fa   0x000000c6   Data   RO         5845    .constdata          elog.o
    0x080039c0   0x080039c0   0x00000023   Data   RO         5998    .constdata          elog_utils.o
    0x080039e3   0x080039e3   0x00000001   PAD
    0x080039e4   0x080039e4   0x00000017   Data   RO         5846    .conststring        elog.o
    0x080039fb   0x080039fb   0x00000001   PAD
    0x080039fc   0x080039fc   0x00000020   Data   RO         6346    Region$$Table       anon$$obj.o


    Execution Region RW_IRAM1 (Exec base: 0x20000000, Load base: 0x08003a1c, Size: 0x00001960, Max: 0x00020000, ABSOLUTE)

    Exec Addr    Load Addr    Size         Type   Attr      Idx    E Section Name        Object

    0x20000000   0x08003a1c   0x00000014   Data   RW          230    .data               system_stm32f4xx.o
    0x20000014   0x08003a30   0x00000010   Data   RW         3122    .data               stm32f4xx_rcc.o
    0x20000024   0x08003a40   0x00000004   Data   RW         5278    .data               bl_uart.o
    0x20000028   0x08003a44   0x00000010   Data   RW         5344    .data               bootloader.o
    0x20000038   0x08003a54   0x00000060   Data   RW         5467    .data               norflash.o
    0x20000098   0x08003ab4   0x00000004   Data   RW         5535    .data               utils.o
    0x2000009c   0x08003ab8   0x00000001   Data   RW         5725    .data               crc32.o
    0x2000009d   0x08003ab9   0x00000003   PAD
    0x200000a0   0x08003abc   0x0000001c   Data   RW         5847    .data               elog.o
    0x200000bc        -       0x00000328   Zero   RW         5342    .bss                bootloader.o
    0x200003e4        -       0x00000400   Zero   RW         5724    .bss                crc32.o
    0x200007e4        -       0x00000020   Zero   RW         5758    .bss                elog_port.o
    0x20000804        -       0x00000158   Zero   RW         5844    .bss                elog.o
    0x2000095c   0x08003ad8   0x00000004   PAD
    0x20000960        -       0x00001000   Zero   RW          217    STACK               startup_stm32f40_41xxx.o


==============================================================================

Image component sizes


      Code (inc. data)   RO Data    RW Data    ZI Data      Debug   Object Name

        44         10          0          0          0       1083   arginfo.o
       320         40          0          4          0       3234   bl_uart.o
        60          0          0          0          0        919   board.o
      3126       1064        194         16        808      15438   bootloader.o
        88         14          0          0          0       1483   button.o
       136         22          0          1       1024       2308   crc32.o
      2520        898        221         28        344      17466   elog.o
       296         36          0          0         32       7416   elog_port.o
       268        106         35          0          0       2193   elog_utils.o
        88          8          0          0          0        965   led.o
       390        138          5          0          0     284151   main.o
       140         24          0          0          0       1619   misc.o
       368        150         35         96          0       3093   norflash.o
       248          0          0          0          0       6429   ringbuffer.o
        44          8        392          0       4096        876   startup_stm32f40_41xxx.o
       414         38          0          0          0       4565   stm32f4xx_flash.o
       244          0          0          0          0       3059   stm32f4xx_gpio.o
       328         36          0         16          0       4679   stm32f4xx_rcc.o
       456          8          0          0          0       6027   stm32f4xx_usart.o
       340         32          0         20          0       1925   system_stm32f4xx.o
       148         30          0          4          0      28624   utils.o

    ----------------------------------------------------------------------
     10080       2662        916        188       6308     397552   Object Totals
         0          0         32          0          0          0   (incl. Generated)
        14          0          2          3          4          0   (incl. Padding)

    ----------------------------------------------------------------------

      Code (inc. data)   RO Data    RW Data    ZI Data      Debug   Library Member Name

         0          0          0          0          0          0   entry.o
         0          0          0          0          0          0   entry10a.o
         0          0          0          0          0          0   entry11a.o
         4          0          0          0          0          0   entry12b.o
         8          4          0          0          0          0   entry2.o
         4          0          0          0          0          0   entry5.o
         0          0          0          0          0          0   entry7b.o
         0          0          0          0          0          0   entry8b.o
         8          4          0          0          0          0   entry9a.o
        30          0          0          0          0          0   handlers.o
        36          8          0          0          0         68   init.o
         0          0          0          0          0          0   iusefp.o
        30          0          0          0          0         68   llshl.o
        36          0          0          0          0         68   llsshr.o
        32          0          0          0          0         68   llushr.o
        36          0          0          0          0        108   memseta.o
      2362         96          0          0          0        768   printfa.o
        14          0          0          0          0         68   strlen.o
        30          0          0          0          0         80   strncmp.o
        36          0          0          0          0         80   strstr.o
        44          0          0          0          0         80   uidiv.o
        98          0          0          0          0         92   uldiv.o
        48          0          0          0          0         68   cdrcmple.o
       334          0          0          0          0        148   dadd.o
       222          0          0          0          0        100   ddiv.o
       186          0          0          0          0        176   depilogue.o
        48          0          0          0          0         68   dfixul.o
       228          0          0          0          0         96   dmul.o

    ----------------------------------------------------------------------
      3880        112          0          0          0       2204   Library Totals
         6          0          0          0          0          0   (incl. Padding)

    ----------------------------------------------------------------------

      Code (inc. data)   RO Data    RW Data    ZI Data      Debug   Library Name

      2808        112          0          0          0       1548   mc_w.l
      1066          0          0          0          0        656   mf_w.l

    ----------------------------------------------------------------------
      3880        112          0          0          0       2204   Library Totals

    ----------------------------------------------------------------------

==============================================================================


      Code (inc. data)   RO Data    RW Data    ZI Data      Debug   

     13960       2774        916        188       6308     389216   Grand Totals
     13960       2774        916        188       6308     389216   ELF Image Totals
     13960       2774        916        188          0          0   ROM Totals

==============================================================================

    Total RO  Size (Code + RO Data)                14876 (  14.53kB)
    Total RW  Size (RW Data + ZI Data)              6496 (   6.34kB)
    Total ROM Size (Code + RO Data + RW Data)      15064 (  14.71kB)

==============================================================================

