<html>
<body>
<pre>
<h1>µVision Build Log</h1>
<h2>Tool Versions:</h2>
IDE-Version: ¦ÌVision V5.42.0.0
Copyright (C) 2025 ARM Ltd and ARM Germany GmbH. All rights reserved.
License Information: È¥ Administrator, È¥, LIC=VGXG8-354EG-HLBCL-00D0N-S14VU-6MP4N
 
Tool Versions:
Toolchain:       MDK-ARM Plus  Version: 5.42.0.0
Toolchain Path:  F:\Keil_v5\ARM\ARMCOMPLIER506\Bin
C Compiler:      Armcc.exe V5.06 update 7 (build 960)
Assembler:       Armasm.exe V5.06 update 7 (build 960)
Linker/Locator:  ArmLink.exe V5.06 update 7 (build 960)
Library Manager: ArmAr.exe V5.06 update 7 (build 960)
Hex Converter:   FromElf.exe V5.06 update 7 (build 960)
CPU DLL:         SARMCM3.DLL V5.42.0.0
Dialog DLL:      DCM.DLL V1.17.5.0
Target DLL:      Segger\JL2CM3.dll V2.99.45.0
Dialog DLL:      TCM.DLL V1.56.6.0
 
<h2>Project:</h2>
E:\STM32F4_boot\mdk\stm32f407.uvprojx
Project File Date:  01/06/2026

<h2>Output:</h2>
*** Using Compiler 'V5.06 update 7 (build 960)', folder: 'F:\Keil_v5\ARM\ARMCOMPLIER506\Bin'
Build target 'stm32f407'
compiling main.c...
..\app\main.c(25): warning:  #167-D: argument of type "uint8_t **" is incompatible with parameter of type "uint8_t *"
  	serial_rx = rb8_new(bl_uart_buffer,bl_uart_buffer_size);
..\app\main.c(36): warning:  #111-D: statement is unreachable
  	return 0;
..\app\main.c: 2 warnings, 0 errors
linking...
Program Size: Code=8992 RO-data=976 RW-data=24 ZI-data=18016  
".\Objects\stm32f407.axf" - 0 Error(s), 2 Warning(s).

<h2>Software Packages used:</h2>

Package Vendor: Keil
                https://www.keil.com/pack/Keil.STM32F4xx_DFP.3.0.0.pack
                Keil::STM32F4xx_DFP@3.0.0
                STMicroelectronics STM32F4 Series Device Support

<h2>Collection of Component include folders:</h2>

<h2>Collection of Component Files used:</h2>
Build Time Elapsed:  00:00:01
</pre>
</body>
</html>
